Archive member included to satisfy reference by file (symbol)

C:/ST/STM32CubeIDE_2.1.1/STM32CubeIDE/plugins/com.st.stm32cube.ide.mcu.externaltools.gnu-tools-for-stm32.14.3.rel1.win32_1.0.100.202602081740/tools/bin/../lib/gcc/arm-none-eabi/14.3.1/../../../../arm-none-eabi/lib/thumb/v7-m/nofp\libc_nano.a(libc_a-exit.o)
                              C:/ST/STM32CubeIDE_2.1.1/STM32CubeIDE/plugins/com.st.stm32cube.ide.mcu.externaltools.gnu-tools-for-stm32.14.3.rel1.win32_1.0.100.202602081740/tools/bin/../lib/gcc/arm-none-eabi/14.3.1/../../../../arm-none-eabi/lib/thumb/v7-m/nofp/crt0.o (exit)
C:/ST/STM32CubeIDE_2.1.1/STM32CubeIDE/plugins/com.st.stm32cube.ide.mcu.externaltools.gnu-tools-for-stm32.14.3.rel1.win32_1.0.100.202602081740/tools/bin/../lib/gcc/arm-none-eabi/14.3.1/../../../../arm-none-eabi/lib/thumb/v7-m/nofp\libc_nano.a(libc_a-itoa.o)
                              ./Core/Src/ESP01.o (itoa)
C:/ST/STM32CubeIDE_2.1.1/STM32CubeIDE/plugins/com.st.stm32cube.ide.mcu.externaltools.gnu-tools-for-stm32.14.3.rel1.win32_1.0.100.202602081740/tools/bin/../lib/gcc/arm-none-eabi/14.3.1/../../../../arm-none-eabi/lib/thumb/v7-m/nofp\libc_nano.a(libc_a-utoa.o)
                              C:/ST/STM32CubeIDE_2.1.1/STM32CubeIDE/plugins/com.st.stm32cube.ide.mcu.externaltools.gnu-tools-for-stm32.14.3.rel1.win32_1.0.100.202602081740/tools/bin/../lib/gcc/arm-none-eabi/14.3.1/../../../../arm-none-eabi/lib/thumb/v7-m/nofp\libc_nano.a(libc_a-itoa.o) (__utoa)
C:/ST/STM32CubeIDE_2.1.1/STM32CubeIDE/plugins/com.st.stm32cube.ide.mcu.externaltools.gnu-tools-for-stm32.14.3.rel1.win32_1.0.100.202602081740/tools/bin/../lib/gcc/arm-none-eabi/14.3.1/../../../../arm-none-eabi/lib/thumb/v7-m/nofp\libc_nano.a(libc_a-findfp.o)
                              C:/ST/STM32CubeIDE_2.1.1/STM32CubeIDE/plugins/com.st.stm32cube.ide.mcu.externaltools.gnu-tools-for-stm32.14.3.rel1.win32_1.0.100.202602081740/tools/bin/../lib/gcc/arm-none-eabi/14.3.1/../../../../arm-none-eabi/lib/thumb/v7-m/nofp\libc_nano.a(libc_a-exit.o) (__stdio_exit_handler)
C:/ST/STM32CubeIDE_2.1.1/STM32CubeIDE/plugins/com.st.stm32cube.ide.mcu.externaltools.gnu-tools-for-stm32.14.3.rel1.win32_1.0.100.202602081740/tools/bin/../lib/gcc/arm-none-eabi/14.3.1/../../../../arm-none-eabi/lib/thumb/v7-m/nofp\libc_nano.a(libc_a-fwalk.o)
                              C:/ST/STM32CubeIDE_2.1.1/STM32CubeIDE/plugins/com.st.stm32cube.ide.mcu.externaltools.gnu-tools-for-stm32.14.3.rel1.win32_1.0.100.202602081740/tools/bin/../lib/gcc/arm-none-eabi/14.3.1/../../../../arm-none-eabi/lib/thumb/v7-m/nofp\libc_nano.a(libc_a-findfp.o) (_fwalk_sglue)
C:/ST/STM32CubeIDE_2.1.1/STM32CubeIDE/plugins/com.st.stm32cube.ide.mcu.externaltools.gnu-tools-for-stm32.14.3.rel1.win32_1.0.100.202602081740/tools/bin/../lib/gcc/arm-none-eabi/14.3.1/../../../../arm-none-eabi/lib/thumb/v7-m/nofp\libc_nano.a(libc_a-sprintf.o)
                              ./Core/Src/DisplayUI.o (sprintf)
C:/ST/STM32CubeIDE_2.1.1/STM32CubeIDE/plugins/com.st.stm32cube.ide.mcu.externaltools.gnu-tools-for-stm32.14.3.rel1.win32_1.0.100.202602081740/tools/bin/../lib/gcc/arm-none-eabi/14.3.1/../../../../arm-none-eabi/lib/thumb/v7-m/nofp\libc_nano.a(libc_a-stdio.o)
                              C:/ST/STM32CubeIDE_2.1.1/STM32CubeIDE/plugins/com.st.stm32cube.ide.mcu.externaltools.gnu-tools-for-stm32.14.3.rel1.win32_1.0.100.202602081740/tools/bin/../lib/gcc/arm-none-eabi/14.3.1/../../../../arm-none-eabi/lib/thumb/v7-m/nofp\libc_nano.a(libc_a-findfp.o) (__sread)
C:/ST/STM32CubeIDE_2.1.1/STM32CubeIDE/plugins/com.st.stm32cube.ide.mcu.externaltools.gnu-tools-for-stm32.14.3.rel1.win32_1.0.100.202602081740/tools/bin/../lib/gcc/arm-none-eabi/14.3.1/../../../../arm-none-eabi/lib/thumb/v7-m/nofp\libc_nano.a(libc_a-memset.o)
                              C:/ST/STM32CubeIDE_2.1.1/STM32CubeIDE/plugins/com.st.stm32cube.ide.mcu.externaltools.gnu-tools-for-stm32.14.3.rel1.win32_1.0.100.202602081740/tools/bin/../lib/gcc/arm-none-eabi/14.3.1/../../../../arm-none-eabi/lib/thumb/v7-m/nofp/crt0.o (memset)
C:/ST/STM32CubeIDE_2.1.1/STM32CubeIDE/plugins/com.st.stm32cube.ide.mcu.externaltools.gnu-tools-for-stm32.14.3.rel1.win32_1.0.100.202602081740/tools/bin/../lib/gcc/arm-none-eabi/14.3.1/../../../../arm-none-eabi/lib/thumb/v7-m/nofp\libc_nano.a(libc_a-strncpy.o)
                              ./Core/Src/ESP01.o (strncpy)
C:/ST/STM32CubeIDE_2.1.1/STM32CubeIDE/plugins/com.st.stm32cube.ide.mcu.externaltools.gnu-tools-for-stm32.14.3.rel1.win32_1.0.100.202602081740/tools/bin/../lib/gcc/arm-none-eabi/14.3.1/../../../../arm-none-eabi/lib/thumb/v7-m/nofp\libc_nano.a(libc_a-closer.o)
                              C:/ST/STM32CubeIDE_2.1.1/STM32CubeIDE/plugins/com.st.stm32cube.ide.mcu.externaltools.gnu-tools-for-stm32.14.3.rel1.win32_1.0.100.202602081740/tools/bin/../lib/gcc/arm-none-eabi/14.3.1/../../../../arm-none-eabi/lib/thumb/v7-m/nofp\libc_nano.a(libc_a-stdio.o) (_close_r)
[...]
Memory Configuration

Name             Origin             Length             Attributes
RAM              0x20000000         0x00005000         xrw
FLASH            0x08000000         0x00010000         xr
*default*        0x00000000         0xffffffff

Linker script and memory map

LOAD C:/ST/STM32CubeIDE_2.1.1/STM32CubeIDE/plugins/com.st.stm32cube.ide.mcu.externaltools.gnu-tools-for-stm32.14.3.rel1.win32_1.0.100.202602081740/tools/bin/../lib/gcc/arm-none-eabi/14.3.1/thumb/v7-m/nofp/crti.o
LOAD C:/ST/STM32CubeIDE_2.1.1/STM32CubeIDE/plugins/com.st.stm32cube.ide.mcu.externaltools.gnu-tools-for-stm32.14.3.rel1.win32_1.0.100.202602081740/tools/bin/../lib/gcc/arm-none-eabi/14.3.1/thumb/v7-m/nofp/crtbegin.o
LOAD C:/ST/STM32CubeIDE_2.1.1/STM32CubeIDE/plugins/com.st.stm32cube.ide.mcu.externaltools.gnu-tools-for-stm32.14.3.rel1.win32_1.0.100.202602081740/tools/bin/../lib/gcc/arm-none-eabi/14.3.1/../../../../arm-none-eabi/lib/thumb/v7-m/nofp/crt0.o
LOAD ./Core/Src/Button.o
LOAD ./Core/Src/DisplayUI.o
LOAD ./Core/Src/ESP01.o
LOAD ./Core/Src/OLED.o
LOAD ./Core/Src/Servo.o
LOAD ./Core/Src/comandos.o
LOAD ./Core/Src/hcsr04.o
LOAD ./Core/Src/main.o
LOAD ./Core/Src/protocolo.o
LOAD ./Core/Src/stm32f1xx_hal_msp.o
LOAD ./Core/Src/stm32f1xx_it.o
LOAD ./Core/Src/syscalls.o
LOAD ./Core/Src/sysmem.o
LOAD ./Core/Src/system_stm32f1xx.o
LOAD ./Core/Startup/startup_stm32f103c8tx.o
LOAD ./Drivers/STM32F1xx_HAL_Driver/Src/stm32f1xx_hal.o
LOAD ./Drivers/STM32F1xx_HAL_Driver/Src/stm32f1xx_hal_adc.o
LOAD ./Drivers/STM32F1xx_HAL_Driver/Src/stm32f1xx_hal_adc_ex.o
LOAD ./Drivers/STM32F1xx_HAL_Driver/Src/stm32f1xx_hal_cortex.o
LOAD ./Drivers/STM32F1xx_HAL_Driver/Src/stm32f1xx_hal_dma.o
LOAD ./Drivers/STM32F1xx_HAL_Driver/Src/stm32f1xx_hal_exti.o
LOAD ./Drivers/STM32F1xx_HAL_Driver/Src/stm32f1xx_hal_flash.o
LOAD ./Drivers/STM32F1xx_HAL_Driver/Src/stm32f1xx_hal_flash_ex.o
LOAD ./Drivers/STM32F1xx_HAL_Driver/Src/stm32f1xx_hal_gpio.o
LOAD ./Drivers/STM32F1xx_HAL_Driver/Src/stm32f1xx_hal_gpio_ex.o
LOAD ./Drivers/STM32F1xx_HAL_Driver/Src/stm32f1xx_hal_i2c.o
LOAD ./Drivers/STM32F1xx_HAL_Driver/Src/stm32f1xx_hal_pwr.o
LOAD ./Drivers/STM32F1xx_HAL_Driver/Src/stm32f1xx_hal_rcc.o
LOAD ./Drivers/STM32F1xx_HAL_Driver/Src/stm32f1xx_hal_rcc_ex.o
LOAD ./Drivers/STM32F1xx_HAL_Driver/Src/stm32f1xx_hal_tim.o
LOAD ./Drivers/STM32F1xx_HAL_Driver/Src/stm32f1xx_hal_tim_ex.o
LOAD ./Drivers/STM32F1xx_HAL_Driver/Src/stm32f1xx_hal_uart.o
START GROUP
LOAD C:/ST/STM32CubeIDE_2.1.1/STM32CubeIDE/plugins/com.st.stm32cube.ide.mcu.externaltools.gnu-tools-for-stm32.14.3.rel1.win32_1.0.100.202602081740/tools/bin/../lib/gcc/arm-none-eabi/14.3.1/../../../../arm-none-eabi/lib/thumb/v7-m/nofp\libc_nano.a
LOAD C:/ST/STM32CubeIDE_2.1.1/STM32CubeIDE/plugins/com.st.stm32cube.ide.mcu.externaltools.gnu-tools-for-stm32.14.3.rel1.win32_1.0.100.202602081740/tools/bin/../lib/gcc/arm-none-eabi/14.3.1/../../../../arm-none-eabi/lib/thumb/v7-m/nofp\libm.a
END GROUP
START GROUP
LOAD C:/ST/STM32CubeIDE_2.1.1/STM32CubeIDE/plugins/com.st.stm32cube.ide.mcu.externaltools.gnu-tools-for-stm32.14.3.rel1.win32_1.0.100.202602081740/tools/bin/../lib/gcc/arm-none-eabi/14.3.1/thumb/v7-m/nofp\libgcc.a
LOAD C:/ST/STM32CubeIDE_2.1.1/STM32CubeIDE/plugins/com.st.stm32cube.ide.mcu.externaltools.gnu-tools-for-stm32.14.3.rel1.win32_1.0.100.202602081740/tools/bin/../lib/gcc/arm-none-eabi/14.3.1/../../../../arm-none-eabi/lib/thumb/v7-m/nofp\libc_nano.a
END GROUP
START GROUP
LOAD C:/ST/STM32CubeIDE_2.1.1/STM32CubeIDE/plugins/com.st.stm32cube.ide.mcu.externaltools.gnu-tools-for-stm32.14.3.rel1.win32_1.0.100.202602081740/tools/bin/../lib/gcc/arm-none-eabi/14.3.1/thumb/v7-m/nofp\libgcc.a
LOAD C:/ST/STM32CubeIDE_2.1.1/STM32CubeIDE/plugins/com.st.stm32cube.ide.mcu.externaltools.gnu-tools-for-stm32.14.3.rel1.win32_1.0.100.202602081740/tools/bin/../lib/gcc/arm-none-eabi/14.3.1/../../../../arm-none-eabi/lib/thumb/v7-m/nofp\libc_nano.a
LOAD C:/ST/STM32CubeIDE_2.1.1/STM32CubeIDE/plugins/com.st.stm32cube.ide.mcu.externaltools.gnu-tools-for-stm32.14.3.rel1.win32_1.0.100.202602081740/tools/bin/../lib/gcc/arm-none-eabi/14.3.1/../../../../arm-none-eabi/lib/thumb/v7-m/nofp\libnosys.a
END GROUP
START GROUP
LOAD C:/ST/STM32CubeIDE_2.1.1/STM32CubeIDE/plugins/com.st.stm32cube.ide.mcu.externaltools.gnu-tools-for-stm32.14.3.rel1.win32_1.0.100.202602081740/tools/bin/../lib/gcc/arm-none-eabi/14.3.1/thumb/v7-m/nofp\libgcc.a
LOAD C:/ST/STM32CubeIDE_2.1.1/STM32CubeIDE/plugins/com.st.stm32cube.ide.mcu.externaltools.gnu-tools-for-stm32.14.3.rel1.win32_1.0.100.202602081740/tools/bin/../lib/gcc/arm-none-eabi/14.3.1/../../../../arm-none-eabi/lib/thumb/v7-m/nofp\libc_nano.a
LOAD C:/ST/STM32CubeIDE_2.1.1/STM32CubeIDE/plugins/com.st.stm32cube.ide.mcu.externaltools.gnu-tools-for-stm32.14.3.rel1.win32_1.0.100.202602081740/tools/bin/../lib/gcc/arm-none-eabi/14.3.1/../../../../arm-none-eabi/lib/thumb/v7-m/nofp\libnosys.a
END GROUP
LOAD C:/ST/STM32CubeIDE_2.1.1/STM32CubeIDE/plugins/com.st.stm32cube.ide.mcu.externaltools.gnu-tools-for-stm32.14.3.rel1.win32_1.0.100.202602081740/tools/bin/../lib/gcc/arm-none-eabi/14.3.1/thumb/v7-m/nofp/crtend.o
LOAD C:/ST/STM32CubeIDE_2.1.1/STM32CubeIDE/plugins/com.st.stm32cube.ide.mcu.externaltools.gnu-tools-for-stm32.14.3.rel1.win32_1.0.100.202602081740/tools/bin/../lib/gcc/arm-none-eabi/14.3.1/thumb/v7-m/nofp/crtn.o
                0x20005000                        _estack = (ORIGIN (RAM) + LENGTH (RAM))
                0x00000200                        _Min_Heap_Size = 0x200
                0x00000400                        _Min_Stack_Size = 0x400

.isr_vector     0x08000000      0x10c
                0x08000000                        . = ALIGN (0x4)
 *(.isr_vector)
 .isr_vector    0x08000000      0x10c ./Core/Startup/startup_stm32f103c8tx.o
                0x08000000                g_pfnVectors
                0x0800010c                        . = ALIGN (0x4)

.text           0x0800010c     0xad8c
                0x0800010c                        . = ALIGN (0x4)
 *(.text)
 .text          0x0800010c       0x40 C:/ST/STM32CubeIDE_2.1.1/STM32CubeIDE/plugins/com.st.stm32cube.ide.mcu.externaltools.gnu-tools-for-stm32.14.3.rel1.win32_1.0.100.202602081740/tools/bin/../lib/gcc/arm-none-eabi/14.3.1/thumb/v7-m/nofp/crtbegin.o
 .text          0x0800014c       0x10 C:/ST/STM32CubeIDE_2.1.1/STM32CubeIDE/plugins/com.st.stm32cube.ide.mcu.externaltools.gnu-tools-for-stm32.14.3.rel1.win32_1.0.100.202602081740/tools/bin/../lib/gcc/arm-none-eabi/14.3.1/../../../../arm-none-eabi/lib/thumb/v7-m/nofp\libc_nano.a(libc_a-strlen.o)
                0x0800014c                strlen
 .text          0x0800015c      0x21c C:/ST/STM32CubeIDE_2.1.1/STM32CubeIDE/plugins/com.st.stm32cube.ide.mcu.externaltools.gnu-tools-for-stm32.14.3.rel1.win32_1.0.100.202602081740/tools/bin/../lib/gcc/arm-none-eabi/14.3.1/thumb/v7-m/nofp\libgcc.a(_arm_addsubsf3.o)
                0x0800015c                __aeabi_frsub
                0x08000164                __subsf3
                0x08000164                __aeabi_fsub
                0x08000168                __aeabi_fadd
                0x08000168                __addsf3
                0x080002c8                __aeabi_ui2f
                0x080002c8                __floatunsisf
                0x080002d0                __aeabi_i2f
                0x080002d0                __floatsisf
                0x080002ec                __aeabi_ul2f
                0x080002ec                __floatundisf
                0x080002fc                __aeabi_l2f
                0x080002fc                __floatdisf
 .text          0x08000378      0x2a0 C:/ST/STM32CubeIDE_2.1.1/STM32CubeIDE/plugins/com.st.stm32cube.ide.mcu.externaltools.gnu-tools-for-stm32.14.3.rel1.win32_1.0.100.202602081740/tools/bin/../lib/gcc/arm-none-eabi/14.3.1/thumb/v7-m/nofp\libgcc.a(_arm_muldivsf3.o)
                0x08000378                __mulsf3
                0x08000378                __aeabi_fmul
                0x080004e0                __aeabi_fdiv
                0x080004e0                __divsf3
 .text          0x08000618       0xec C:/ST/STM32CubeIDE_2.1.1/STM32CubeIDE/plugins/com.st.stm32cube.ide.mcu.externaltools.gnu-tools-for-stm32.14.3.rel1.win32_1.0.100.202602081740/tools/bin/../lib/gcc/arm-none-eabi/14.3.1/thumb/v7-m/nofp\libgcc.a(_arm_cmpsf2.o)
                0x08000618                __gesf2
                0x08000618                __gtsf2
                0x08000620                __lesf2
                0x08000620                __ltsf2
                0x08000628                __nesf2
                0x08000628                __eqsf2
                0x08000628                __cmpsf2
                0x08000688                __aeabi_cfrcmple
                0x08000690                __aeabi_cfcmpeq
                0x08000690                __aeabi_cfcmple
                0x080006a0                __aeabi_fcmpeq
                0x080006b4                __aeabi_fcmplt
                0x080006c8                __aeabi_fcmple
                0x080006dc                __aeabi_fcmpge
                0x080006f0                __aeabi_fcmpgt
 .text          0x08000704       0x40 C:/ST/STM32CubeIDE_2.1.1/STM32CubeIDE/plugins/com.st.stm32cube.ide.mcu.externaltools.gnu-tools-for-stm32.14.3.rel1.win32_1.0.100.202602081740/tools/bin/../lib/gcc/arm-none-eabi/14.3.1/thumb/v7-m/nofp\libgcc.a(_arm_fixunssfsi.o)
                0x08000704                __fixunssfsi
                0x08000704                __aeabi_f2uiz
 *(.text*)
 .text.Button_Init
                0x08000744       0x32 ./Core/Src/Button.o
                0x08000744                Button_Init
 .text.Button_Task
                0x08000776       0xce ./Core/Src/Button.o
                0x08000776                Button_Task
 .text.UI_Init  0x08000844       0x18 ./Core/Src/DisplayUI.o
                0x08000844                UI_Init
 .text.UI_ShortClick
                0x0800085c       0x6c ./Core/Src/DisplayUI.o
                0x0800085c                UI_ShortClick
 .text.UI_LongClick
                0x080008c8       0xd0 ./Core/Src/DisplayUI.o
                0x080008c8                UI_LongClick
 .text.UI_AddLog
                0x08000998       0xbc ./Core/Src/DisplayUI.o
                0x08000998                UI_AddLog
 .text.UI_Render
                0x08000a54      0x2f0 ./Core/Src/DisplayUI.o
                0x08000a54                UI_Render
 .text.ESP01_SetWIFI
                0x08000d44       0x6c ./Core/Src/ESP01.o
                0x08000d44                ESP01_SetWIFI
 .text.ESP01_StartUDP
                0x08000db0       0xac ./Core/Src/ESP01.o
                0x08000db0                ESP01_StartUDP
 .text.ESP01_GetLocalIP
                0x08000e5c       0x30 ./Core/Src/ESP01.o
                0x08000e5c                ESP01_GetLocalIP
 .text.ESP01_StateUDPTCP
                0x08000e8c       0x38 ./Core/Src/ESP01.o
                0x08000e8c                ESP01_StateUDPTCP
 .text.ESP01_WriteRX
                0x08000ec4       0x40 ./Core/Src/ESP01.o
                0x08000ec4                ESP01_WriteRX
 .text.ESP01_Send
                0x08000f04      0x15c ./Core/Src/ESP01.o
                0x08000f04                ESP01_Send
 .text.ESP01_Init
                0x08001060       0x78 ./Core/Src/ESP01.o
                0x08001060                ESP01_Init
 .text.ESP01_Timeout10ms
                0x080010d8       0x60 ./Core/Src/ESP01.o
                0x080010d8                ESP01_Timeout10ms
 .text.ESP01_Task
                0x08001138       0x34 ./Core/Src/ESP01.o
                0x08001138                ESP01_Task
 .text.ESP01_AttachChangeState
                0x0800116c       0x1c ./Core/Src/ESP01.o
                0x0800116c                ESP01_AttachChangeState
 .text.ESP01_AttachDebugStr
                0x08001188       0x1c ./Core/Src/ESP01.o
                0x08001188                ESP01_AttachDebugStr
 .text.ESP01ATDecode
                0x080011a4      0x76c ./Core/Src/ESP01.o
 .text.ESP01DOConnection
                0x08001910      0x414 ./Core/Src/ESP01.o
 .text.ESP01SENDData
                0x08001d24       0xf8 ./Core/Src/ESP01.o
 .text.ESP01StrToBufTX
                0x08001e1c       0x60 ./Core/Src/ESP01.o
 .text.ESP01ByteToBufTX
                0x08001e7c       0x40 ./Core/Src/ESP01.o
 .text.OLED_Init
                0x08001ebc       0x64 ./Core/Src/OLED.o
                0x08001ebc                OLED_Init
 .text.OLED_Update
                0x08001f20       0x34 ./Core/Src/OLED.o
                0x08001f20                OLED_Update
 .text.OLED_Task
                0x08001f54       0x90 ./Core/Src/OLED.o
                0x08001f54                OLED_Task
 .text.OLED_DMA_Callback
                0x08001fe4       0x34 ./Core/Src/OLED.o
                0x08001fe4                OLED_DMA_Callback
 .text.OLED_Clear
                0x08002018       0x18 ./Core/Src/OLED.o
                0x08002018                OLED_Clear
 .text.OLED_DrawPixel
                0x08002030       0x94 ./Core/Src/OLED.o
                0x08002030                OLED_DrawPixel
 .text.OLED_DrawHLine
                0x080020c4       0x4e ./Core/Src/OLED.o
                0x080020c4                OLED_DrawHLine
 *fill*         0x08002112        0x2 
 .text.OLED_PutChar
                0x08002114      0x104 ./Core/Src/OLED.o
                0x08002114                OLED_PutChar
 .text.OLED_Print
                0x08002218       0x5e ./Core/Src/OLED.o
                0x08002218                OLED_Print
 *fill*         0x08002276        0x2 
 .text.Servo_Init
                0x08002278       0x3c ./Core/Src/Servo.o
                0x08002278                Servo_Init
 .text.Servo_SetAngle
                0x080022b4       0xa8 ./Core/Src/Servo.o
                0x080022b4                Servo_SetAngle
 .text.Servo_Task
                0x0800235c      0x110 ./Core/Src/Servo.o
                0x0800235c                Servo_Task
 .text.Comandos_Parsear
                0x0800246c       0xcc ./Core/Src/comandos.o
                0x0800246c                Comandos_Parsear
 .text.Comandos_EnviarAlive
                0x08002538       0x12 ./Core/Src/comandos.o
                0x08002538                Comandos_EnviarAlive
 *fill*         0x0800254a        0x2 
 .text.Comandos_ChequearTimeout
                0x0800254c       0x3c ./Core/Src/comandos.o
                0x0800254c                Comandos_ChequearTimeout
 .text.Comandos_EnviarTelemetria
                0x08002588       0x44 ./Core/Src/comandos.o
                0x08002588                Comandos_EnviarTelemetria
 .text.Comandos_FlushTx
                0x080025cc       0xb4 ./Core/Src/comandos.o
                0x080025cc                Comandos_FlushTx
 .text.HCSR04_Init
                0x08002680       0x4c ./Core/Src/hcsr04.o
                0x08002680                HCSR04_Init
 .text.HCSR04_Trigger
                0x080026cc       0x46 ./Core/Src/hcsr04.o
                0x080026cc                HCSR04_Trigger
 .text.HCSR04_TickISR
                0x08002712       0x4e ./Core/Src/hcsr04.o
                0x08002712                HCSR04_TickISR
 .text.HCSR04_UpdateFromISR
                0x08002760       0x40 ./Core/Src/hcsr04.o
                0x08002760                HCSR04_UpdateFromISR
 .text.HCSR04_EventHandler
                0x080027a0       0x6e ./Core/Src/hcsr04.o
                0x080027a0                HCSR04_EventHandler
 *fill*         0x0800280e        0x2 
 .text.Sensor_SetTrig
                0x08002810       0x30 ./Core/Src/main.o
                0x08002810                Sensor_SetTrig
 .text.Sensor_OnResult
                0x08002840       0x24 ./Core/Src/main.o
                0x08002840                Sensor_OnResult
 .text.ESP_CHPD_Ctrl
                0x08002864       0x2c ./Core/Src/main.o
                0x08002864                ESP_CHPD_Ctrl
 .text.ESP_WriteUART
                0x08002890       0x30 ./Core/Src/main.o
                0x08002890                ESP_WriteUART
 .text.ESP_ImprimirDebug
                0x080028c0       0x3c ./Core/Src/main.o
                0x080028c0                ESP_ImprimirDebug
 .text.ESP_EstadoCallback
                0x080028fc       0x50 ./Core/Src/main.o
                0x080028fc                ESP_EstadoCallback
 .text.ESP_RxPayload
                0x0800294c       0x1a ./Core/Src/main.o
                0x0800294c                ESP_RxPayload
 *fill*         0x08002966        0x2 
 .text.I2C_EscribirComando
                0x08002968       0x3c ./Core/Src/main.o
                0x08002968                I2C_EscribirComando
 .text.I2C_EscribirDatosDMA
                0x080029a4       0x38 ./Core/Src/main.o
                0x080029a4                I2C_EscribirDatosDMA
 .text.Leer_SW0
                0x080029dc       0x18 ./Core/Src/main.o
                0x080029dc                Leer_SW0
 .text.STM32_SetServoPWM
                0x080029f4       0x20 ./Core/Src/main.o
                0x080029f4                STM32_SetServoPWM
 .text.main     0x08002a14      0x268 ./Core/Src/main.o
                0x08002a14                main
 .text.SystemClock_Config
                0x08002c7c       0xb6 ./Core/Src/main.o
                0x08002c7c                SystemClock_Config
 *fill*         0x08002d32        0x2 
 .text.MX_ADC1_Init
                0x08002d34       0xb8 ./Core/Src/main.o
 .text.MX_I2C1_Init
                0x08002dec       0x5c ./Core/Src/main.o
 .text.MX_TIM1_Init
                0x08002e48      0x140 ./Core/Src/main.o
 .text.MX_TIM2_Init
                0x08002f88       0x98 ./Core/Src/main.o
 .text.MX_TIM3_Init
                0x08003020      0x104 ./Core/Src/main.o
 .text.MX_TIM4_Init
                0x08003124      0x100 ./Core/Src/main.o
 .text.MX_USART1_UART_Init
                0x08003224       0x54 ./Core/Src/main.o
 .text.MX_USART3_UART_Init
                0x08003278       0x54 ./Core/Src/main.o
 .text.MX_DMA_Init
                0x080032cc       0x4c ./Core/Src/main.o
 .text.MX_GPIO_Init
                0x08003318      0x14c ./Core/Src/main.o
 .text.HAL_ADC_ConvCpltCallback
                0x08003464       0x2c ./Core/Src/main.o
                0x08003464                HAL_ADC_ConvCpltCallback
 .text.HAL_I2C_MemTxCpltCallback
                0x08003490       0x24 ./Core/Src/main.o
                0x08003490                HAL_I2C_MemTxCpltCallback
 .text.HAL_UART_RxCpltCallback
                0x080034b4       0x64 ./Core/Src/main.o
                0x080034b4                HAL_UART_RxCpltCallback
 .text.HAL_UART_ErrorCallback
                0x08003518       0x30 ./Core/Src/main.o
                0x08003518                HAL_UART_ErrorCallback
 .text.HAL_GPIO_EXTI_Callback
                0x08003548       0x44 ./Core/Src/main.o
                0x08003548                HAL_GPIO_EXTI_Callback
 .text.Error_Handler
                0x0800358c        0xc ./Core/Src/main.o
                0x0800358c                Error_Handler
 .text.Protocolo_Init
                0x08003598       0x54 ./Core/Src/protocolo.o
                0x08003598                Protocolo_Init
 .text.Protocolo_SetCmdParser
                0x080035ec       0x1c ./Core/Src/protocolo.o
                0x080035ec                Protocolo_SetCmdParser
 .text.Decode   0x08003608      0x1d0 ./Core/Src/protocolo.o
                0x08003608                Decode
 .text.Encode   0x080037d8      0x258 ./Core/Src/protocolo.o
                0x080037d8                Encode
 .text.Protocolo_InjectRX
                0x08003a30       0x4c ./Core/Src/protocolo.o
                0x08003a30                Protocolo_InjectRX
 .text.HAL_MspInit
                0x08003a7c       0x64 ./Core/Src/stm32f1xx_hal_msp.o
                0x08003a7c                HAL_MspInit
 .text.HAL_ADC_MspInit
                0x08003ae0       0xe0 ./Core/Src/stm32f1xx_hal_msp.o
                0x08003ae0                HAL_ADC_MspInit
 .text.HAL_I2C_MspInit
                0x08003bc0      0x114 ./Core/Src/stm32f1xx_hal_msp.o
                0x08003bc0                HAL_I2C_MspInit
 .text.HAL_TIM_Base_MspInit
                0x08003cd4       0xb0 ./Core/Src/stm32f1xx_hal_msp.o
                0x08003cd4                HAL_TIM_Base_MspInit
 .text.HAL_TIM_MspPostInit
                0x08003d84       0xac ./Core/Src/stm32f1xx_hal_msp.o
                0x08003d84                HAL_TIM_MspPostInit
 .text.HAL_UART_MspInit
                0x08003e30      0x120 ./Core/Src/stm32f1xx_hal_msp.o
                0x08003e30                HAL_UART_MspInit
 .text.NMI_Handler
                0x08003f50        0x8 ./Core/Src/stm32f1xx_it.o
                0x08003f50                NMI_Handler
 .text.HardFault_Handler
                0x08003f58        0x8 ./Core/Src/stm32f1xx_it.o
                0x08003f58                HardFault_Handler
 .text.MemManage_Handler
                0x08003f60        0x8 ./Core/Src/stm32f1xx_it.o
                0x08003f60                MemManage_Handler
 .text.BusFault_Handler
                0x08003f68        0x8 ./Core/Src/stm32f1xx_it.o
                0x08003f68                BusFault_Handler
 .text.UsageFault_Handler
                0x08003f70        0x8 ./Core/Src/stm32f1xx_it.o
                0x08003f70                UsageFault_Handler
 .text.SVC_Handler
                0x08003f78        0xc ./Core/Src/stm32f1xx_it.o
                0x08003f78                SVC_Handler
 .text.DebugMon_Handler
                0x08003f84        0xc ./Core/Src/stm32f1xx_it.o
                0x08003f84                DebugMon_Handler
 .text.PendSV_Handler
                0x08003f90        0xc ./Core/Src/stm32f1xx_it.o
                0x08003f90                PendSV_Handler
 .text.SysTick_Handler
                0x08003f9c        0xc ./Core/Src/stm32f1xx_it.o
                0x08003f9c                SysTick_Handler
 .text.DMA1_Channel1_IRQHandler
                0x08003fa8       0x14 ./Core/Src/stm32f1xx_it.o
                0x08003fa8                DMA1_Channel1_IRQHandler
 .text.DMA1_Channel6_IRQHandler
                0x08003fbc       0x14 ./Core/Src/stm32f1xx_it.o
                0x08003fbc                DMA1_Channel6_IRQHandler
 .text.ADC1_2_IRQHandler
                0x08003fd0       0x14 ./Core/Src/stm32f1xx_it.o
                0x08003fd0                ADC1_2_IRQHandler
 .text.I2C1_EV_IRQHandler
                0x08003fe4       0x14 ./Core/Src/stm32f1xx_it.o
                0x08003fe4                I2C1_EV_IRQHandler
 .text.I2C1_ER_IRQHandler
                0x08003ff8       0x14 ./Core/Src/stm32f1xx_it.o
                0x08003ff8                I2C1_ER_IRQHandler
 .text.USART3_IRQHandler
                0x0800400c       0x14 ./Core/Src/stm32f1xx_it.o
                0x0800400c                USART3_IRQHandler
 .text.EXTI15_10_IRQHandler
                0x08004020       0x10 ./Core/Src/stm32f1xx_it.o
                0x08004020                EXTI15_10_IRQHandler
 .text._sbrk    0x08004030       0x6c ./Core/Src/sysmem.o
                0x08004030                _sbrk
 .text.SystemInit
                0x0800409c        0xc ./Core/Src/system_stm32f1xx.o
                0x0800409c                SystemInit
 .text.Reset_Handler
                0x080040a8       0x48 ./Core/Startup/startup_stm32f103c8tx.o
                0x080040a8                Reset_Handler
 .text.Default_Handler
                0x080040f0        0x2 ./Core/Startup/startup_stm32f103c8tx.o
                0x080040f0                RTC_Alarm_IRQHandler
                0x080040f0                EXTI2_IRQHandler
                0x080040f0                TIM1_CC_IRQHandler
                0x080040f0                PVD_IRQHandler
                0x080040f0                EXTI3_IRQHandler
                0x080040f0                EXTI0_IRQHandler
                0x080040f0                I2C2_EV_IRQHandler
                0x080040f0                SPI1_IRQHandler
                0x080040f0                TAMPER_IRQHandler
                0x080040f0                DMA1_Channel4_IRQHandler
                0x080040f0                RTC_IRQHandler
                0x080040f0                DMA1_Channel7_IRQHandler
                0x080040f0                CAN1_RX1_IRQHandler
                0x080040f0                TIM4_IRQHandler
                0x080040f0                TIM3_IRQHandler
                0x080040f0                RCC_IRQHandler
                0x080040f0                TIM1_TRG_COM_IRQHandler
                0x080040f0                Default_Handler
                0x080040f0                EXTI9_5_IRQHandler
                0x080040f0                SPI2_IRQHandler
                0x080040f0                DMA1_Channel5_IRQHandler
                0x080040f0                EXTI4_IRQHandler
                0x080040f0                USB_LP_CAN1_RX0_IRQHandler
                0x080040f0                USB_HP_CAN1_TX_IRQHandler
                0x080040f0                DMA1_Channel3_IRQHandler
                0x080040f0                TIM1_UP_IRQHandler
                0x080040f0                WWDG_IRQHandler
                0x080040f0                TIM2_IRQHandler
                0x080040f0                TIM1_BRK_IRQHandler
                0x080040f0                EXTI1_IRQHandler
                0x080040f0                USART2_IRQHandler
                0x080040f0                I2C2_ER_IRQHandler
                0x080040f0                DMA1_Channel2_IRQHandler
                0x080040f0                CAN1_SCE_IRQHandler
                0x080040f0                FLASH_IRQHandler
                0x080040f0                USART1_IRQHandler
                0x080040f0                USBWakeUp_IRQHandler
 *fill*         0x080040f2        0x2 
 .text.HAL_Init
                0x080040f4       0x2c ./Drivers/STM32F1xx_HAL_Driver/Src/stm32f1xx_hal.o
                0x080040f4                HAL_Init
 .text.HAL_InitTick
                0x08004120       0x60 ./Drivers/STM32F1xx_HAL_Driver/Src/stm32f1xx_hal.o
                0x08004120                HAL_InitTick
 .text.HAL_IncTick
                0x08004180       0x24 ./Drivers/STM32F1xx_HAL_Driver/Src/stm32f1xx_hal.o
                0x08004180                HAL_IncTick
 .text.HAL_GetTick
                0x080041a4       0x14 ./Drivers/STM32F1xx_HAL_Driver/Src/stm32f1xx_hal.o
                0x080041a4                HAL_GetTick
 .text.HAL_ADC_Init
                0x080041b8      0x1b0 ./Drivers/STM32F1xx_HAL_Driver/Src/stm32f1xx_hal_adc.o
                0x080041b8                HAL_ADC_Init
 .text.HAL_ADC_Start_DMA
                0x08004368      0x1bc ./Drivers/STM32F1xx_HAL_Driver/Src/stm32f1xx_hal_adc.o
                0x08004368                HAL_ADC_Start_DMA
 .text.HAL_ADC_IRQHandler
                0x08004524      0x17e ./Drivers/STM32F1xx_HAL_Driver/Src/stm32f1xx_hal_adc.o
                0x08004524                HAL_ADC_IRQHandler
 .text.HAL_ADC_ConvHalfCpltCallback
                0x080046a2       0x12 ./Drivers/STM32F1xx_HAL_Driver/Src/stm32f1xx_hal_adc.o
                0x080046a2                HAL_ADC_ConvHalfCpltCallback
 .text.HAL_ADC_LevelOutOfWindowCallback
                0x080046b4       0x12 ./Drivers/STM32F1xx_HAL_Driver/Src/stm32f1xx_hal_adc.o
                0x080046b4                HAL_ADC_LevelOutOfWindowCallback
 .text.HAL_ADC_ErrorCallback
                0x080046c6       0x12 ./Drivers/STM32F1xx_HAL_Driver/Src/stm32f1xx_hal_adc.o
                0x080046c6                HAL_ADC_ErrorCallback
 .text.HAL_ADC_ConfigChannel
                0x080046d8      0x1f0 ./Drivers/STM32F1xx_HAL_Driver/Src/stm32f1xx_hal_adc.o
                0x080046d8                HAL_ADC_ConfigChannel
 .text.ADC_Enable
                0x080048c8       0xb4 ./Drivers/STM32F1xx_HAL_Driver/Src/stm32f1xx_hal_adc.o
                0x080048c8                ADC_Enable
 .text.ADC_ConversionStop_Disable
                0x0800497c       0x82 ./Drivers/STM32F1xx_HAL_Driver/Src/stm32f1xx_hal_adc.o
                0x0800497c                ADC_ConversionStop_Disable
 .text.ADC_DMAConvCplt
                0x080049fe       0x7c ./Drivers/STM32F1xx_HAL_Driver/Src/stm32f1xx_hal_adc.o
                0x080049fe                ADC_DMAConvCplt
 .text.ADC_DMAHalfConvCplt
                0x08004a7a       0x1c ./Drivers/STM32F1xx_HAL_Driver/Src/stm32f1xx_hal_adc.o
                0x08004a7a                ADC_DMAHalfConvCplt
 .text.ADC_DMAError
                0x08004a96       0x34 ./Drivers/STM32F1xx_HAL_Driver/Src/stm32f1xx_hal_adc.o
                0x08004a96                ADC_DMAError
 .text.HAL_ADCEx_InjectedConvCpltCallback
                0x08004aca       0x12 ./Drivers/STM32F1xx_HAL_Driver/Src/stm32f1xx_hal_adc_ex.o
                0x08004aca                HAL_ADCEx_InjectedConvCpltCallback
 .text.__NVIC_SetPriorityGrouping
                0x08004adc       0x48 ./Drivers/STM32F1xx_HAL_Driver/Src/stm32f1xx_hal_cortex.o
 .text.__NVIC_GetPriorityGrouping
                0x08004b24       0x1c ./Drivers/STM32F1xx_HAL_Driver/Src/stm32f1xx_hal_cortex.o
 .text.__NVIC_EnableIRQ
                0x08004b40       0x38 ./Drivers/STM32F1xx_HAL_Driver/Src/stm32f1xx_hal_cortex.o
 .text.__NVIC_SetPriority
                0x08004b78       0x54 ./Drivers/STM32F1xx_HAL_Driver/Src/stm32f1xx_hal_cortex.o
 .text.NVIC_EncodePriority
                0x08004bcc       0x64 ./Drivers/STM32F1xx_HAL_Driver/Src/stm32f1xx_hal_cortex.o
 .text.SysTick_Config
                0x08004c30       0x44 ./Drivers/STM32F1xx_HAL_Driver/Src/stm32f1xx_hal_cortex.o
 .text.HAL_NVIC_SetPriorityGrouping
                0x08004c74       0x16 ./Drivers/STM32F1xx_HAL_Driver/Src/stm32f1xx_hal_cortex.o
                0x08004c74                HAL_NVIC_SetPriorityGrouping
 .text.HAL_NVIC_SetPriority
                0x08004c8a       0x38 ./Drivers/STM32F1xx_HAL_Driver/Src/stm32f1xx_hal_cortex.o
                0x08004c8a                HAL_NVIC_SetPriority
 .text.HAL_NVIC_EnableIRQ
                0x08004cc2       0x1c ./Drivers/STM32F1xx_HAL_Driver/Src/stm32f1xx_hal_cortex.o
                0x08004cc2                HAL_NVIC_EnableIRQ
 .text.HAL_SYSTICK_Config
                0x08004cde       0x18 ./Drivers/STM32F1xx_HAL_Driver/Src/stm32f1xx_hal_cortex.o
                0x08004cde                HAL_SYSTICK_Config
 *fill*         0x08004cf6        0x2 
 .text.HAL_DMA_Init
                0x08004cf8       0xb4 ./Drivers/STM32F1xx_HAL_Driver/Src/stm32f1xx_hal_dma.o
                0x08004cf8                HAL_DMA_Init
 .text.HAL_DMA_Start_IT
                0x08004dac       0xc0 ./Drivers/STM32F1xx_HAL_Driver/Src/stm32f1xx_hal_dma.o
                0x08004dac                HAL_DMA_Start_IT
 .text.HAL_DMA_Abort
                0x08004e6c       0x76 ./Drivers/STM32F1xx_HAL_Driver/Src/stm32f1xx_hal_dma.o
                0x08004e6c                HAL_DMA_Abort
 *fill*         0x08004ee2        0x2 
 .text.HAL_DMA_Abort_IT
                0x08004ee4       0xf0 ./Drivers/STM32F1xx_HAL_Driver/Src/stm32f1xx_hal_dma.o
                0x08004ee4                HAL_DMA_Abort_IT
 .text.HAL_DMA_IRQHandler
                0x08004fd4      0x20c ./Drivers/STM32F1xx_HAL_Driver/Src/stm32f1xx_hal_dma.o
                0x08004fd4                HAL_DMA_IRQHandler
 .text.HAL_DMA_GetState
                0x080051e0       0x1a ./Drivers/STM32F1xx_HAL_Driver/Src/stm32f1xx_hal_dma.o
                0x080051e0                HAL_DMA_GetState
 .text.DMA_SetConfig
                0x080051fa       0x5a ./Drivers/STM32F1xx_HAL_Driver/Src/stm32f1xx_hal_dma.o
 .text.HAL_GPIO_Init
                0x08005254      0x308 ./Drivers/STM32F1xx_HAL_Driver/Src/stm32f1xx_hal_gpio.o
                0x08005254                HAL_GPIO_Init
 .text.HAL_GPIO_ReadPin
                0x0800555c       0x2e ./Drivers/STM32F1xx_HAL_Driver/Src/stm32f1xx_hal_gpio.o
                0x0800555c                HAL_GPIO_ReadPin
 .text.HAL_GPIO_WritePin
                0x0800558a       0x30 ./Drivers/STM32F1xx_HAL_Driver/Src/stm32f1xx_hal_gpio.o
                0x0800558a                HAL_GPIO_WritePin
 *fill*         0x080055ba        0x2 
 .text.HAL_GPIO_EXTI_IRQHandler
                0x080055bc       0x30 ./Drivers/STM32F1xx_HAL_Driver/Src/stm32f1xx_hal_gpio.o
                0x080055bc                HAL_GPIO_EXTI_IRQHandler
 .text.HAL_I2C_Init
                0x080055ec      0x288 ./Drivers/STM32F1xx_HAL_Driver/Src/stm32f1xx_hal_i2c.o
                0x080055ec                HAL_I2C_Init
 .text.I2C_Flush_DR
                0x08005874       0x28 ./Drivers/STM32F1xx_HAL_Driver/Src/stm32f1xx_hal_i2c.o
 .text.HAL_I2C_Mem_Write
                0x0800589c      0x1f4 ./Drivers/STM32F1xx_HAL_Driver/Src/stm32f1xx_hal_i2c.o
                0x0800589c                HAL_I2C_Mem_Write
 .text.HAL_I2C_Mem_Write_DMA
                0x08005a90      0x2ac ./Drivers/STM32F1xx_HAL_Driver/Src/stm32f1xx_hal_i2c.o
                0x08005a90                HAL_I2C_Mem_Write_DMA
 .text.HAL_I2C_EV_IRQHandler
                0x08005d3c      0x2e2 ./Drivers/STM32F1xx_HAL_Driver/Src/stm32f1xx_hal_i2c.o
                0x08005d3c                HAL_I2C_EV_IRQHandler
 .text.HAL_I2C_ER_IRQHandler
                0x0800601e      0x15e ./Drivers/STM32F1xx_HAL_Driver/Src/stm32f1xx_hal_i2c.o
                0x0800601e                HAL_I2C_ER_IRQHandler
 .text.HAL_I2C_MasterTxCpltCallback
                0x0800617c       0x12 ./Drivers/STM32F1xx_HAL_Driver/Src/stm32f1xx_hal_i2c.o
                0x0800617c                HAL_I2C_MasterTxCpltCallback
 .text.HAL_I2C_MasterRxCpltCallback
                0x0800618e       0x12 ./Drivers/STM32F1xx_HAL_Driver/Src/stm32f1xx_hal_i2c.o
                0x0800618e                HAL_I2C_MasterRxCpltCallback
 .text.HAL_I2C_SlaveTxCpltCallback
                0x080061a0       0x12 ./Drivers/STM32F1xx_HAL_Driver/Src/stm32f1xx_hal_i2c.o
                0x080061a0                HAL_I2C_SlaveTxCpltCallback
 .text.HAL_I2C_SlaveRxCpltCallback
                0x080061b2       0x12 ./Drivers/STM32F1xx_HAL_Driver/Src/stm32f1xx_hal_i2c.o
                0x080061b2                HAL_I2C_SlaveRxCpltCallback
 .text.HAL_I2C_AddrCallback
                0x080061c4       0x1a ./Drivers/STM32F1xx_HAL_Driver/Src/stm32f1xx_hal_i2c.o
                0x080061c4                HAL_I2C_AddrCallback
 .text.HAL_I2C_ListenCpltCallback
                0x080061de       0x12 ./Drivers/STM32F1xx_HAL_Driver/Src/stm32f1xx_hal_i2c.o
                0x080061de                HAL_I2C_ListenCpltCallback
 .text.HAL_I2C_MemRxCpltCallback
                0x080061f0       0x12 ./Drivers/STM32F1xx_HAL_Driver/Src/stm32f1xx_hal_i2c.o
                0x080061f0                HAL_I2C_MemRxCpltCallback
 .text.HAL_I2C_ErrorCallback
                0x08006202       0x12 ./Drivers/STM32F1xx_HAL_Driver/Src/stm32f1xx_hal_i2c.o
                0x08006202                HAL_I2C_ErrorCallback
 .text.HAL_I2C_AbortCpltCallback
                0x08006214       0x12 ./Drivers/STM32F1xx_HAL_Driver/Src/stm32f1xx_hal_i2c.o
                0x08006214                HAL_I2C_AbortCpltCallback
 .text.I2C_MasterTransmit_TXE
                0x08006226      0x138 ./Drivers/STM32F1xx_HAL_Driver/Src/stm32f1xx_hal_i2c.o
 .text.I2C_MasterTransmit_BTF
                0x0800635e       0xec ./Drivers/STM32F1xx_HAL_Driver/Src/stm32f1xx_hal_i2c.o
 .text.I2C_MemoryTransmit_TXE_BTF
                0x0800644a      0x130 ./Drivers/STM32F1xx_HAL_Driver/Src/stm32f1xx_hal_i2c.o
 .text.I2C_MasterReceive_RXNE
                0x0800657a      0x190 ./Drivers/STM32F1xx_HAL_Driver/Src/stm32f1xx_hal_i2c.o
 .text.I2C_MasterReceive_BTF
                0x0800670a      0x1e2 ./Drivers/STM32F1xx_HAL_Driver/Src/stm32f1xx_hal_i2c.o
 .text.I2C_Master_SB
                0x080068ec      0x10a ./Drivers/STM32F1xx_HAL_Driver/Src/stm32f1xx_hal_i2c.o
 .text.I2C_Master_ADD10
                0x080069f6       0x52 ./Drivers/STM32F1xx_HAL_Driver/Src/stm32f1xx_hal_i2c.o
 .text.I2C_Master_ADDR
                0x08006a48      0x336 ./Drivers/STM32F1xx_HAL_Driver/Src/stm32f1xx_hal_i2c.o
 .text.I2C_SlaveTransmit_TXE
                0x08006d7e       0x7a ./Drivers/STM32F1xx_HAL_Driver/Src/stm32f1xx_hal_i2c.o
 .text.I2C_SlaveTransmit_BTF
                0x08006df8       0x40 ./Drivers/STM32F1xx_HAL_Driver/Src/stm32f1xx_hal_i2c.o
 .text.I2C_SlaveReceive_RXNE
                0x08006e38       0x7c ./Drivers/STM32F1xx_HAL_Driver/Src/stm32f1xx_hal_i2c.o
 .text.I2C_SlaveReceive_BTF
                0x08006eb4       0x42 ./Drivers/STM32F1xx_HAL_Driver/Src/stm32f1xx_hal_i2c.o
 .text.I2C_Slave_ADDR
                0x08006ef6       0x94 ./Drivers/STM32F1xx_HAL_Driver/Src/stm32f1xx_hal_i2c.o
 *fill*         0x08006f8a        0x2 
 .text.I2C_Slave_STOPF
                0x08006f8c      0x260 ./Drivers/STM32F1xx_HAL_Driver/Src/stm32f1xx_hal_i2c.o
 .text.I2C_Slave_AF
                0x080071ec       0xe8 ./Drivers/STM32F1xx_HAL_Driver/Src/stm32f1xx_hal_i2c.o
 .text.I2C_ITError
                0x080072d4      0x264 ./Drivers/STM32F1xx_HAL_Driver/Src/stm32f1xx_hal_i2c.o
 .text.I2C_RequestMemoryWrite
                0x08007538      0x12c ./Drivers/STM32F1xx_HAL_Driver/Src/stm32f1xx_hal_i2c.o
 .text.I2C_DMAXferCplt
                0x08007664      0x1be ./Drivers/STM32F1xx_HAL_Driver/Src/stm32f1xx_hal_i2c.o
 .text.I2C_DMAError
                0x08007822       0x6e ./Drivers/STM32F1xx_HAL_Driver/Src/stm32f1xx_hal_i2c.o
 .text.I2C_DMAAbort
                0x08007890      0x150 ./Drivers/STM32F1xx_HAL_Driver/Src/stm32f1xx_hal_i2c.o
 .text.I2C_WaitOnFlagUntilTimeout
                0x080079e0       0xf4 ./Drivers/STM32F1xx_HAL_Driver/Src/stm32f1xx_hal_i2c.o
 .text.I2C_WaitOnMasterAddressFlagUntilTimeout
                0x08007ad4      0x140 ./Drivers/STM32F1xx_HAL_Driver/Src/stm32f1xx_hal_i2c.o
 .text.I2C_WaitOnTXEFlagUntilTimeout
                0x08007c14       0x90 ./Drivers/STM32F1xx_HAL_Driver/Src/stm32f1xx_hal_i2c.o
 .text.I2C_WaitOnBTFFlagUntilTimeout
                0x08007ca4       0x90 ./Drivers/STM32F1xx_HAL_Driver/Src/stm32f1xx_hal_i2c.o
 .text.I2C_WaitOnSTOPRequestThroughIT
                0x08007d34       0x64 ./Drivers/STM32F1xx_HAL_Driver/Src/stm32f1xx_hal_i2c.o
 .text.I2C_IsAcknowledgeFailed
                0x08007d98       0x5c ./Drivers/STM32F1xx_HAL_Driver/Src/stm32f1xx_hal_i2c.o
 .text.I2C_ConvertOtherXferOptions
                0x08007df4       0x34 ./Drivers/STM32F1xx_HAL_Driver/Src/stm32f1xx_hal_i2c.o
 .text.HAL_RCC_OscConfig
                0x08007e28      0x504 ./Drivers/STM32F1xx_HAL_Driver/Src/stm32f1xx_hal_rcc.o
                0x08007e28                HAL_RCC_OscConfig
 .text.HAL_RCC_ClockConfig
                0x0800832c      0x1d4 ./Drivers/STM32F1xx_HAL_Driver/Src/stm32f1xx_hal_rcc.o
                0x0800832c                HAL_RCC_ClockConfig
 .text.HAL_RCC_GetSysClockFreq
                0x08008500       0xa8 ./Drivers/STM32F1xx_HAL_Driver/Src/stm32f1xx_hal_rcc.o
                0x08008500                HAL_RCC_GetSysClockFreq
 .text.HAL_RCC_GetHCLKFreq
                0x080085a8       0x14 ./Drivers/STM32F1xx_HAL_Driver/Src/stm32f1xx_hal_rcc.o
                0x080085a8                HAL_RCC_GetHCLKFreq
 .text.HAL_RCC_GetPCLK1Freq
                0x080085bc       0x28 ./Drivers/STM32F1xx_HAL_Driver/Src/stm32f1xx_hal_rcc.o
                0x080085bc                HAL_RCC_GetPCLK1Freq
 .text.HAL_RCC_GetPCLK2Freq
                0x080085e4       0x28 ./Drivers/STM32F1xx_HAL_Driver/Src/stm32f1xx_hal_rcc.o
                0x080085e4                HAL_RCC_GetPCLK2Freq
 .text.RCC_Delay
                0x0800860c       0x3c ./Drivers/STM32F1xx_HAL_Driver/Src/stm32f1xx_hal_rcc.o
 .text.HAL_RCCEx_PeriphCLKConfig
                0x08008648      0x16c ./Drivers/STM32F1xx_HAL_Driver/Src/stm32f1xx_hal_rcc_ex.o
                0x08008648                HAL_RCCEx_PeriphCLKConfig
 .text.HAL_TIM_Base_Init
                0x080087b4       0x9e ./Drivers/STM32F1xx_HAL_Driver/Src/stm32f1xx_hal_tim.o
                0x080087b4                HAL_TIM_Base_Init
 *fill*         0x08008852        0x2 
 .text.HAL_TIM_Base_Start
                0x08008854       0x94 ./Drivers/STM32F1xx_HAL_Driver/Src/stm32f1xx_hal_tim.o
                0x08008854                HAL_TIM_Base_Start
 .text.HAL_TIM_OC_Init
                0x080088e8       0x9e ./Drivers/STM32F1xx_HAL_Driver/Src/stm32f1xx_hal_tim.o
                0x080088e8                HAL_TIM_OC_Init
 .text.HAL_TIM_OC_MspInit
                0x08008986       0x12 ./Drivers/STM32F1xx_HAL_Driver/Src/stm32f1xx_hal_tim.o
                0x08008986                HAL_TIM_OC_MspInit
 .text.HAL_TIM_OC_Start
                0x08008998      0x144 ./Drivers/STM32F1xx_HAL_Driver/Src/stm32f1xx_hal_tim.o
                0x08008998                HAL_TIM_OC_Start
 .text.HAL_TIM_PWM_Init
                0x08008adc       0x9e ./Drivers/STM32F1xx_HAL_Driver/Src/stm32f1xx_hal_tim.o
                0x08008adc                HAL_TIM_PWM_Init
 .text.HAL_TIM_PWM_MspInit
                0x08008b7a       0x12 ./Drivers/STM32F1xx_HAL_Driver/Src/stm32f1xx_hal_tim.o
                0x08008b7a                HAL_TIM_PWM_MspInit
 .text.HAL_TIM_PWM_Start
                0x08008b8c      0x144 ./Drivers/STM32F1xx_HAL_Driver/Src/stm32f1xx_hal_tim.o
                0x08008b8c                HAL_TIM_PWM_Start
 .text.HAL_TIM_OC_ConfigChannel
                0x08008cd0       0xb8 ./Drivers/STM32F1xx_HAL_Driver/Src/stm32f1xx_hal_tim.o
                0x08008cd0                HAL_TIM_OC_ConfigChannel
 .text.HAL_TIM_PWM_ConfigChannel
                0x08008d88      0x184 ./Drivers/STM32F1xx_HAL_Driver/Src/stm32f1xx_hal_tim.o
                0x08008d88                HAL_TIM_PWM_ConfigChannel
 .text.HAL_TIM_ConfigClockSource
                0x08008f0c      0x18e ./Drivers/STM32F1xx_HAL_Driver/Src/stm32f1xx_hal_tim.o
                0x08008f0c                HAL_TIM_ConfigClockSource
 *fill*         0x0800909a        0x2 
 .text.TIM_Base_SetConfig
                0x0800909c       0xdc ./Drivers/STM32F1xx_HAL_Driver/Src/stm32f1xx_hal_tim.o
                0x0800909c                TIM_Base_SetConfig
 .text.TIM_OC1_SetConfig
                0x08009178       0xcc ./Drivers/STM32F1xx_HAL_Driver/Src/stm32f1xx_hal_tim.o
 .text.TIM_OC2_SetConfig
                0x08009244       0xd4 ./Drivers/STM32F1xx_HAL_Driver/Src/stm32f1xx_hal_tim.o
                0x08009244                TIM_OC2_SetConfig
 .text.TIM_OC3_SetConfig
                0x08009318       0xd4 ./Drivers/STM32F1xx_HAL_Driver/Src/stm32f1xx_hal_tim.o
 .text.TIM_OC4_SetConfig
                0x080093ec       0x9c ./Drivers/STM32F1xx_HAL_Driver/Src/stm32f1xx_hal_tim.o
 .text.TIM_TI1_ConfigInputStage
                0x08009488       0x5c ./Drivers/STM32F1xx_HAL_Driver/Src/stm32f1xx_hal_tim.o
 .text.TIM_TI2_ConfigInputStage
                0x080094e4       0x5e ./Drivers/STM32F1xx_HAL_Driver/Src/stm32f1xx_hal_tim.o
 .text.TIM_ITRx_SetConfig
                0x08009542       0x34 ./Drivers/STM32F1xx_HAL_Driver/Src/stm32f1xx_hal_tim.o
 .text.TIM_ETR_SetConfig
                0x08009576       0x3e ./Drivers/STM32F1xx_HAL_Driver/Src/stm32f1xx_hal_tim.o
                0x08009576                TIM_ETR_SetConfig
 .text.TIM_CCxChannelCmd
                0x080095b4       0x48 ./Drivers/STM32F1xx_HAL_Driver/Src/stm32f1xx_hal_tim.o
                0x080095b4                TIM_CCxChannelCmd
 .text.HAL_TIMEx_MasterConfigSynchronization
                0x080095fc       0xbc ./Drivers/STM32F1xx_HAL_Driver/Src/stm32f1xx_hal_tim_ex.o
                0x080095fc                HAL_TIMEx_MasterConfigSynchronization
 .text.HAL_TIMEx_ConfigBreakDeadTime
                0x080096b8       0xa2 ./Drivers/STM32F1xx_HAL_Driver/Src/stm32f1xx_hal_tim_ex.o
                0x080096b8                HAL_TIMEx_ConfigBreakDeadTime
 .text.HAL_UART_Init
                0x0800975a       0xa0 ./Drivers/STM32F1xx_HAL_Driver/Src/stm32f1xx_hal_uart.o
                0x0800975a                HAL_UART_Init
 .text.HAL_UART_Transmit
                0x080097fa      0x116 ./Drivers/STM32F1xx_HAL_Driver/Src/stm32f1xx_hal_uart.o
                0x080097fa                HAL_UART_Transmit
 .text.HAL_UART_Receive_IT
                0x08009910       0x4a ./Drivers/STM32F1xx_HAL_Driver/Src/stm32f1xx_hal_uart.o
                0x08009910                HAL_UART_Receive_IT
 *fill*         0x0800995a        0x2 
 .text.HAL_UART_IRQHandler
                0x0800995c      0x524 ./Drivers/STM32F1xx_HAL_Driver/Src/stm32f1xx_hal_uart.o
                0x0800995c                HAL_UART_IRQHandler
 .text.HAL_UART_TxCpltCallback
                0x08009e80       0x12 ./Drivers/STM32F1xx_HAL_Driver/Src/stm32f1xx_hal_uart.o
                0x08009e80                HAL_UART_TxCpltCallback
 .text.HAL_UARTEx_RxEventCallback
                0x08009e92       0x16 ./Drivers/STM32F1xx_HAL_Driver/Src/stm32f1xx_hal_uart.o
                0x08009e92                HAL_UARTEx_RxEventCallback
 .text.UART_WaitOnFlagUntilTimeout
                0x08009ea8       0xb2 ./Drivers/STM32F1xx_HAL_Driver/Src/stm32f1xx_hal_uart.o
 .text.UART_Start_Receive_IT
                0x08009f5a       0x72 ./Drivers/STM32F1xx_HAL_Driver/Src/stm32f1xx_hal_uart.o
                0x08009f5a                UART_Start_Receive_IT
 .text.UART_EndRxTransfer
                0x08009fcc       0xc4 ./Drivers/STM32F1xx_HAL_Driver/Src/stm32f1xx_hal_uart.o
 .text.UART_DMAAbortOnError
                0x0800a090       0x28 ./Drivers/STM32F1xx_HAL_Driver/Src/stm32f1xx_hal_uart.o
 .text.UART_Transmit_IT
                0x0800a0b8       0x9e ./Drivers/STM32F1xx_HAL_Driver/Src/stm32f1xx_hal_uart.o
 .text.UART_EndTransmit_IT
                0x0800a156       0x30 ./Drivers/STM32F1xx_HAL_Driver/Src/stm32f1xx_hal_uart.o
 .text.UART_Receive_IT
                0x0800a186      0x17c ./Drivers/STM32F1xx_HAL_Driver/Src/stm32f1xx_hal_uart.o
 *fill*         0x0800a302        0x2 
 .text.UART_SetConfig
                0x0800a304      0x11c ./Drivers/STM32F1xx_HAL_Driver/Src/stm32f1xx_hal_uart.o
 .text.__itoa   0x0800a420       0x30 C:/ST/STM32CubeIDE_2.1.1/STM32CubeIDE/plugins/com.st.stm32cube.ide.mcu.externaltools.gnu-tools-for-stm32.14.3.rel1.win32_1.0.100.202602081740/tools/bin/../lib/gcc/arm-none-eabi/14.3.1/../../../../arm-none-eabi/lib/thumb/v7-m/nofp\libc_nano.a(libc_a-itoa.o)
                0x0800a420                __itoa
 .text.itoa     0x0800a450        0x4 C:/ST/STM32CubeIDE_2.1.1/STM32CubeIDE/plugins/com.st.stm32cube.ide.mcu.externaltools.gnu-tools-for-stm32.14.3.rel1.win32_1.0.100.202602081740/tools/bin/../lib/gcc/arm-none-eabi/14.3.1/../../../../arm-none-eabi/lib/thumb/v7-m/nofp\libc_nano.a(libc_a-itoa.o)
                0x0800a450                itoa
 .text.__utoa   0x0800a454       0x84 C:/ST/STM32CubeIDE_2.1.1/STM32CubeIDE/plugins/com.st.stm32cube.ide.mcu.externaltools.gnu-tools-for-stm32.14.3.rel1.win32_1.0.100.202602081740/tools/bin/../lib/gcc/arm-none-eabi/14.3.1/../../../../arm-none-eabi/lib/thumb/v7-m/nofp\libc_nano.a(libc_a-utoa.o)
                0x0800a454                __utoa
 .text.sprintf  0x0800a4d8       0x44 C:/ST/STM32CubeIDE_2.1.1/STM32CubeIDE/plugins/com.st.stm32cube.ide.mcu.externaltools.gnu-tools-for-stm32.14.3.rel1.win32_1.0.100.202602081740/tools/bin/../lib/gcc/arm-none-eabi/14.3.1/../../../../arm-none-eabi/lib/thumb/v7-m/nofp\libc_nano.a(libc_a-sprintf.o)
                0x0800a4d8                siprintf
                0x0800a4d8                sprintf
 .text.memset   0x0800a51c       0x10 C:/ST/STM32CubeIDE_2.1.1/STM32CubeIDE/plugins/com.st.stm32cube.ide.mcu.externaltools.gnu-tools-for-stm32.14.3.rel1.win32_1.0.100.202602081740/tools/bin/../lib/gcc/arm-none-eabi/14.3.1/../../../../arm-none-eabi/lib/thumb/v7-m/nofp\libc_nano.a(libc_a-memset.o)
                0x0800a51c                memset
 .text.strncpy  0x0800a52c       0x26 C:/ST/STM32CubeIDE_2.1.1/STM32CubeIDE/plugins/com.st.stm32cube.ide.mcu.externaltools.gnu-tools-for-stm32.14.3.rel1.win32_1.0.100.202602081740/tools/bin/../lib/gcc/arm-none-eabi/14.3.1/../../../../arm-none-eabi/lib/thumb/v7-m/nofp\libc_nano.a(libc_a-strncpy.o)
                0x0800a52c                strncpy
 *fill*         0x0800a552        0x2 
 .text.__errno  0x0800a554        0xc C:/ST/STM32CubeIDE_2.1.1/STM32CubeIDE/plugins/com.st.stm32cube.ide.mcu.externaltools.gnu-tools-for-stm32.14.3.rel1.win32_1.0.100.202602081740/tools/bin/../lib/gcc/arm-none-eabi/14.3.1/../../../../arm-none-eabi/lib/thumb/v7-m/nofp\libc_nano.a(libc_a-errno.o)
                0x0800a554                __errno
 .text.__libc_init_array
                0x0800a560       0x48 C:/ST/STM32CubeIDE_2.1.1/STM32CubeIDE/plugins/com.st.stm32cube.ide.mcu.externaltools.gnu-tools-for-stm32.14.3.rel1.win32_1.0.100.202602081740/tools/bin/../lib/gcc/arm-none-eabi/14.3.1/../../../../arm-none-eabi/lib/thumb/v7-m/nofp\libc_nano.a(libc_a-init.o)
                0x0800a560                __libc_init_array
 .text.__retarget_lock_acquire_recursive
                0x0800a5a8        0x2 C:/ST/STM32CubeIDE_2.1.1/STM32CubeIDE/plugins/com.st.stm32cube.ide.mcu.externaltools.gnu-tools-for-stm32.14.3.rel1.win32_1.0.100.202602081740/tools/bin/../lib/gcc/arm-none-eabi/14.3.1/../../../../arm-none-eabi/lib/thumb/v7-m/nofp\libc_nano.a(libc_a-lock.o)
                0x0800a5a8                __retarget_lock_acquire_recursive
 .text.__retarget_lock_release_recursive
                0x0800a5aa        0x2 C:/ST/STM32CubeIDE_2.1.1/STM32CubeIDE/plugins/com.st.stm32cube.ide.mcu.externaltools.gnu-tools-for-stm32.14.3.rel1.win32_1.0.100.202602081740/tools/bin/../lib/gcc/arm-none-eabi/14.3.1/../../../../arm-none-eabi/lib/thumb/v7-m/nofp\libc_nano.a(libc_a-lock.o)
                0x0800a5aa                __retarget_lock_release_recursive
 .text.strcpy   0x0800a5ac       0x10 C:/ST/STM32CubeIDE_2.1.1/STM32CubeIDE/plugins/com.st.stm32cube.ide.mcu.externaltools.gnu-tools-for-stm32.14.3.rel1.win32_1.0.100.202602081740/tools/bin/../lib/gcc/arm-none-eabi/14.3.1/../../../../arm-none-eabi/lib/thumb/v7-m/nofp\libc_nano.a(libc_a-strcpy.o)
                0x0800a5ac                strcpy
 .text.memcpy   0x0800a5bc       0x1c C:/ST/STM32CubeIDE_2.1.1/STM32CubeIDE/plugins/com.st.stm32cube.ide.mcu.externaltools.gnu-tools-for-stm32.14.3.rel1.win32_1.0.100.202602081740/tools/bin/../lib/gcc/arm-none-eabi/14.3.1/../../../../arm-none-eabi/lib/thumb/v7-m/nofp\libc_nano.a(libc_a-memcpy-stub.o)
                0x0800a5bc                memcpy
 .text._free_r  0x0800a5d8       0x90 C:/ST/STM32CubeIDE_2.1.1/STM32CubeIDE/plugins/com.st.stm32cube.ide.mcu.externaltools.gnu-tools-for-stm32.14.3.rel1.win32_1.0.100.202602081740/tools/bin/../lib/gcc/arm-none-eabi/14.3.1/../../../../arm-none-eabi/lib/thumb/v7-m/nofp\libc_nano.a(libc_a-freer.o)
                0x0800a5d8                _free_r
 .text.sbrk_aligned
                0x0800a668       0x44 C:/ST/STM32CubeIDE_2.1.1/STM32CubeIDE/plugins/com.st.stm32cube.ide.mcu.externaltools.gnu-tools-for-stm32.14.3.rel1.win32_1.0.100.202602081740/tools/bin/../lib/gcc/arm-none-eabi/14.3.1/../../../../arm-none-eabi/lib/thumb/v7-m/nofp\libc_nano.a(libc_a-mallocr.o)
 .text._malloc_r
                0x0800a6ac      0x100 C:/ST/STM32CubeIDE_2.1.1/STM32CubeIDE/plugins/com.st.stm32cube.ide.mcu.externaltools.gnu-tools-for-stm32.14.3.rel1.win32_1.0.100.202602081740/tools/bin/../lib/gcc/arm-none-eabi/14.3.1/../../../../arm-none-eabi/lib/thumb/v7-m/nofp\libc_nano.a(libc_a-mallocr.o)
                0x0800a6ac                _malloc_r
 .text.__malloc_lock
                0x0800a7ac        0xc C:/ST/STM32CubeIDE_2.1.1/STM32CubeIDE/plugins/com.st.stm32cube.ide.mcu.externaltools.gnu-tools-for-stm32.14.3.rel1.win32_1.0.100.202602081740/tools/bin/../lib/gcc/arm-none-eabi/14.3.1/../../../../arm-none-eabi/lib/thumb/v7-m/nofp\libc_nano.a(libc_a-mlock.o)
                0x0800a7ac                __malloc_lock
 .text.__malloc_unlock
                0x0800a7b8        0xc C:/ST/STM32CubeIDE_2.1.1/STM32CubeIDE/plugins/com.st.stm32cube.ide.mcu.externaltools.gnu-tools-for-stm32.14.3.rel1.win32_1.0.100.202602081740/tools/bin/../lib/gcc/arm-none-eabi/14.3.1/../../../../arm-none-eabi/lib/thumb/v7-m/nofp\libc_nano.a(libc_a-mlock.o)
                0x0800a7b8                __malloc_unlock
 .text.__ssputs_r
                0x0800a7c4       0xc0 C:/ST/STM32CubeIDE_2.1.1/STM32CubeIDE/plugins/com.st.stm32cube.ide.mcu.externaltools.gnu-tools-for-stm32.14.3.rel1.win32_1.0.100.202602081740/tools/bin/../lib/gcc/arm-none-eabi/14.3.1/../../../../arm-none-eabi/lib/thumb/v7-m/nofp\libc_nano.a(libc_a-nano-svfprintf.o)
                0x0800a7c4                __ssputs_r
 .text._svfprintf_r
                0x0800a884      0x1f0 C:/ST/STM32CubeIDE_2.1.1/STM32CubeIDE/plugins/com.st.stm32cube.ide.mcu.externaltools.gnu-tools-for-stm32.14.3.rel1.win32_1.0.100.202602081740/tools/bin/../lib/gcc/arm-none-eabi/14.3.1/../../../../arm-none-eabi/lib/thumb/v7-m/nofp\libc_nano.a(libc_a-nano-svfprintf.o)
                0x0800a884                _svfiprintf_r
                0x0800a884                _svfprintf_r
 .text._printf_common
                0x0800aa74       0xe4 C:/ST/STM32CubeIDE_2.1.1/STM32CubeIDE/plugins/com.st.stm32cube.ide.mcu.externaltools.gnu-tools-for-stm32.14.3.rel1.win32_1.0.100.202602081740/tools/bin/../lib/gcc/arm-none-eabi/14.3.1/../../../../arm-none-eabi/lib/thumb/v7-m/nofp\libc_nano.a(libc_a-nano-vfprintf_i.o)
                0x0800aa74                _printf_common
 .text._printf_i
                0x0800ab58      0x24c C:/ST/STM32CubeIDE_2.1.1/STM32CubeIDE/plugins/com.st.stm32cube.ide.mcu.externaltools.gnu-tools-for-stm32.14.3.rel1.win32_1.0.100.202602081740/tools/bin/../lib/gcc/arm-none-eabi/14.3.1/../../../../arm-none-eabi/lib/thumb/v7-m/nofp\libc_nano.a(libc_a-nano-vfprintf_i.o)
                0x0800ab58                _printf_i
 .text.memmove  0x0800ada4       0x32 C:/ST/STM32CubeIDE_2.1.1/STM32CubeIDE/plugins/com.st.stm32cube.ide.mcu.externaltools.gnu-tools-for-stm32.14.3.rel1.win32_1.0.100.202602081740/tools/bin/../lib/gcc/arm-none-eabi/14.3.1/../../../../arm-none-eabi/lib/thumb/v7-m/nofp\libc_nano.a(libc_a-memmove.o)
                0x0800ada4                memmove
 *fill*         0x0800add6        0x2 
 .text._sbrk_r  0x0800add8       0x20 C:/ST/STM32CubeIDE_2.1.1/STM32CubeIDE/plugins/com.st.stm32cube.ide.mcu.externaltools.gnu-tools-for-stm32.14.3.rel1.win32_1.0.100.202602081740/tools/bin/../lib/gcc/arm-none-eabi/14.3.1/../../../../arm-none-eabi/lib/thumb/v7-m/nofp\libc_nano.a(libc_a-sbrkr.o)
                0x0800add8                _sbrk_r
 .text.memchr   0x0800adf8       0x1c C:/ST/STM32CubeIDE_2.1.1/STM32CubeIDE/plugins/com.st.stm32cube.ide.mcu.externaltools.gnu-tools-for-stm32.14.3.rel1.win32_1.0.100.202602081740/tools/bin/../lib/gcc/arm-none-eabi/14.3.1/../../../../arm-none-eabi/lib/thumb/v7-m/nofp\libc_nano.a(libc_a-memchr-stub.o)
                0x0800adf8                memchr
 .text._realloc_r
                0x0800ae14       0x5c C:/ST/STM32CubeIDE_2.1.1/STM32CubeIDE/plugins/com.st.stm32cube.ide.mcu.externaltools.gnu-tools-for-stm32.14.3.rel1.win32_1.0.100.202602081740/tools/bin/../lib/gcc/arm-none-eabi/14.3.1/../../../../arm-none-eabi/lib/thumb/v7-m/nofp\libc_nano.a(libc_a-reallocr.o)
                0x0800ae14                _realloc_r
 .text._malloc_usable_size_r
                0x0800ae70       0x10 C:/ST/STM32CubeIDE_2.1.1/STM32CubeIDE/plugins/com.st.stm32cube.ide.mcu.externaltools.gnu-tools-for-stm32.14.3.rel1.win32_1.0.100.202602081740/tools/bin/../lib/gcc/arm-none-eabi/14.3.1/../../../../arm-none-eabi/lib/thumb/v7-m/nofp\libc_nano.a(libc_a-msizer.o)
                0x0800ae70                _malloc_usable_size_r
 *(.glue_7)
 .glue_7        0x0800ae80        0x0 linker stubs
 *(.glue_7t)
 .glue_7t       0x0800ae80        0x0 linker stubs
 *(.eh_frame)
 .eh_frame      0x0800ae80        0x0 C:/ST/STM32CubeIDE_2.1.1/STM32CubeIDE/plugins/com.st.stm32cube.ide.mcu.externaltools.gnu-tools-for-stm32.14.3.rel1.win32_1.0.100.202602081740/tools/bin/../lib/gcc/arm-none-eabi/14.3.1/thumb/v7-m/nofp/crtbegin.o
 *(.init)
 .init          0x0800ae80        0x4 C:/ST/STM32CubeIDE_2.1.1/STM32CubeIDE/plugins/com.st.stm32cube.ide.mcu.externaltools.gnu-tools-for-stm32.14.3.rel1.win32_1.0.100.202602081740/tools/bin/../lib/gcc/arm-none-eabi/14.3.1/thumb/v7-m/nofp/crti.o
                0x0800ae80                _init
 .init          0x0800ae84        0x8 C:/ST/STM32CubeIDE_2.1.1/STM32CubeIDE/plugins/com.st.stm32cube.ide.mcu.externaltools.gnu-tools-for-stm32.14.3.rel1.win32_1.0.100.202602081740/tools/bin/../lib/gcc/arm-none-eabi/14.3.1/thumb/v7-m/nofp/crtn.o
 *(.fini)
 .fini          0x0800ae8c        0x4 C:/ST/STM32CubeIDE_2.1.1/STM32CubeIDE/plugins/com.st.stm32cube.ide.mcu.externaltools.gnu-tools-for-stm32.14.3.rel1.win32_1.0.100.202602081740/tools/bin/../lib/gcc/arm-none-eabi/14.3.1/thumb/v7-m/nofp/crti.o
                0x0800ae8c                _fini
 .fini          0x0800ae90        0x8 C:/ST/STM32CubeIDE_2.1.1/STM32CubeIDE/plugins/com.st.stm32cube.ide.mcu.externaltools.gnu-tools-for-stm32.14.3.rel1.win32_1.0.100.202602081740/tools/bin/../lib/gcc/arm-none-eabi/14.3.1/thumb/v7-m/nofp/crtn.o
                0x0800ae98                        . = ALIGN (0x4)
                0x0800ae98                        _etext = .

.vfp11_veneer   0x0800ae98        0x0
 .vfp11_veneer  0x0800ae98        0x0 linker stubs

.v4_bx          0x0800ae98        0x0
 .v4_bx         0x0800ae98        0x0 linker stubs

.iplt           0x0800ae98        0x0
 .iplt          0x0800ae98        0x0 C:/ST/STM32CubeIDE_2.1.1/STM32CubeIDE/plugins/com.st.stm32cube.ide.mcu.externaltools.gnu-tools-for-stm32.14.3.rel1.win32_1.0.100.202602081740/tools/bin/../lib/gcc/arm-none-eabi/14.3.1/thumb/v7-m/nofp/crtbegin.o

.rodata         0x0800ae98      0x738
                0x0800ae98                        . = ALIGN (0x4)
 *(.rodata)
 .rodata        0x0800ae98       0xd7 ./Core/Src/DisplayUI.o
 *fill*         0x0800af6f        0x1 
 .rodata        0x0800af70      0x132 ./Core/Src/ESP01.o
 *fill*         0x0800b0a2        0x2 
 .rodata        0x0800b0a4       0x38 ./Core/Src/OLED.o
 .rodata        0x0800b0dc       0x4f ./Core/Src/comandos.o
 *fill*         0x0800b12b        0x1 
 .rodata        0x0800b12c       0x69 ./Core/Src/main.o
 *(.rodata*)
 *fill*         0x0800b195        0x3 
 .rodata.ATAT   0x0800b198        0x5 ./Core/Src/ESP01.o
                0x0800b198                ATAT
 *fill*         0x0800b19d        0x3 
 .rodata.ATCIPMUX
                0x0800b1a0        0xe ./Core/Src/ESP01.o
                0x0800b1a0                ATCIPMUX
 *fill*         0x0800b1ae        0x2 
 .rodata.ATCWMODE
                0x0800b1b0        0xe ./Core/Src/ESP01.o
                0x0800b1b0                ATCWMODE
 *fill*         0x0800b1be        0x2 
 .rodata.ATCWJAP
                0x0800b1c0        0xa ./Core/Src/ESP01.o
                0x0800b1c0                ATCWJAP
 *fill*         0x0800b1ca        0x2 
 .rodata.ATCIFSR
                0x0800b1cc        0xb ./Core/Src/ESP01.o
                0x0800b1cc                ATCIFSR
 *fill*         0x0800b1d7        0x1 
 .rodata.ATCIPSTART
                0x0800b1d8        0xd ./Core/Src/ESP01.o
                0x0800b1d8                ATCIPSTART
 *fill*         0x0800b1e5        0x3 
 .rodata.ATCIPCLOSE
                0x0800b1e8        0xe ./Core/Src/ESP01.o
                0x0800b1e8                ATCIPCLOSE
 *fill*         0x0800b1f6        0x2 
 .rodata.ATCIPSEND
                0x0800b1f8        0xc ./Core/Src/ESP01.o
                0x0800b1f8                ATCIPSEND
 .rodata.respAT
                0x0800b204        0x8 ./Core/Src/ESP01.o
                0x0800b204                respAT
 .rodata.respATp
                0x0800b20c        0x8 ./Core/Src/ESP01.o
                0x0800b20c                respATp
 .rodata.respOK
                0x0800b214        0x9 ./Core/Src/ESP01.o
                0x0800b214                respOK
 *fill*         0x0800b21d        0x3 
 .rodata.respERROR
                0x0800b220        0xc ./Core/Src/ESP01.o
                0x0800b220                respERROR
 .rodata.respWIFIGOTIP
                0x0800b22c       0x12 ./Core/Src/ESP01.o
                0x0800b22c                respWIFIGOTIP
 *fill*         0x0800b23e        0x2 
 .rodata.respWIFICONNECTED
                0x0800b240       0x15 ./Core/Src/ESP01.o
                0x0800b240                respWIFICONNECTED
 *fill*         0x0800b255        0x3 
 .rodata.respWIFIDISCONNECT
                0x0800b258       0x16 ./Core/Src/ESP01.o
                0x0800b258                respWIFIDISCONNECT
 *fill*         0x0800b26e        0x2 
 .rodata.respWIFIDISCONNECTED
                0x0800b270       0x18 ./Core/Src/ESP01.o
                0x0800b270                respWIFIDISCONNECTED
 .rodata.respDISCONNECTED
                0x0800b288       0x13 ./Core/Src/ESP01.o
                0x0800b288                respDISCONNECTED
 *fill*         0x0800b29b        0x1 
 .rodata.respSENDOK
                0x0800b29c        0xe ./Core/Src/ESP01.o
                0x0800b29c                respSENDOK
 *fill*         0x0800b2aa        0x2 
 .rodata.respCONNECT
                0x0800b2ac        0xe ./Core/Src/ESP01.o
                0x0800b2ac                respCONNECT
 *fill*         0x0800b2ba        0x2 
 .rodata.respCLOSED
                0x0800b2bc        0xd ./Core/Src/ESP01.o
                0x0800b2bc                respCLOSED
 *fill*         0x0800b2c9        0x3 
 .rodata.respCIFSRAPIP
                0x0800b2cc       0x11 ./Core/Src/ESP01.o
                0x0800b2cc                respCIFSRAPIP
 *fill*         0x0800b2dd        0x3 
 .rodata.respBUSY
                0x0800b2e0        0xb ./Core/Src/ESP01.o
                0x0800b2e0                respBUSY
 *fill*         0x0800b2eb        0x1 
 .rodata.respIPD
                0x0800b2ec        0x9 ./Core/Src/ESP01.o
                0x0800b2ec                respIPD
 *fill*         0x0800b2f5        0x3 
 .rodata.respReady
                0x0800b2f8        0xc ./Core/Src/ESP01.o
                0x0800b2f8                respReady
 .rodata.respBUSYP
                0x0800b304        0xb ./Core/Src/ESP01.o
                0x0800b304                respBUSYP
 *fill*         0x0800b30f        0x1 
 .rodata.respBUSYS
                0x0800b310        0xb ./Core/Src/ESP01.o
                0x0800b310                respBUSYS
 *fill*         0x0800b31b        0x1 
 .rodata.responses
                0x0800b31c       0x4c ./Core/Src/ESP01.o
                0x0800b31c                responses
 .rodata.init_cmds
                0x0800b368        0x8 ./Core/Src/OLED.o
 .rodata.font5x7
                0x0800b370      0x1db ./Core/Src/OLED.o
 *fill*         0x0800b54b        0x1 
 .rodata.AHBPrescTable
                0x0800b54c       0x10 ./Core/Src/system_stm32f1xx.o
                0x0800b54c                AHBPrescTable
 .rodata.APBPrescTable
                0x0800b55c        0x8 ./Core/Src/system_stm32f1xx.o
                0x0800b55c                APBPrescTable
 .rodata.aPLLMULFactorTable.1
                0x0800b564       0x10 ./Drivers/STM32F1xx_HAL_Driver/Src/stm32f1xx_hal_rcc.o
 .rodata.aPredivFactorTable.0
                0x0800b574        0x2 ./Drivers/STM32F1xx_HAL_Driver/Src/stm32f1xx_hal_rcc.o
 .rodata.__utoa.str1.1
                0x0800b576       0x58 C:/ST/STM32CubeIDE_2.1.1/STM32CubeIDE/plugins/com.st.stm32cube.ide.mcu.externaltools.gnu-tools-for-stm32.14.3.rel1.win32_1.0.100.202602081740/tools/bin/../lib/gcc/arm-none-eabi/14.3.1/../../../../arm-none-eabi/lib/thumb/v7-m/nofp\libc_nano.a(libc_a-utoa.o)
                                 0x25 (size before relaxing)
 .rodata._svfprintf_r.str1.1
                0x0800b5ce       0x11 C:/ST/STM32CubeIDE_2.1.1/STM32CubeIDE/plugins/com.st.stm32cube.ide.mcu.externaltools.gnu-tools-for-stm32.14.3.rel1.win32_1.0.100.202602081740/tools/bin/../lib/gcc/arm-none-eabi/14.3.1/../../../../arm-none-eabi/lib/thumb/v7-m/nofp\libc_nano.a(libc_a-nano-svfprintf.o)
 .rodata._printf_i.str1.1
                0x0800b5ce       0x22 C:/ST/STM32CubeIDE_2.1.1/STM32CubeIDE/plugins/com.st.stm32cube.ide.mcu.externaltools.gnu-tools-for-stm32.14.3.rel1.win32_1.0.100.202602081740/tools/bin/../lib/gcc/arm-none-eabi/14.3.1/../../../../arm-none-eabi/lib/thumb/v7-m/nofp\libc_nano.a(libc_a-nano-vfprintf_i.o)
                0x0800b5f0                        . = ALIGN (0x4)
 *fill*         0x0800b5ce        0x2 

.ARM.extab      0x0800b5d0        0x0
                0x0800b5d0                        . = ALIGN (0x4)
 *(.ARM.extab* .gnu.linkonce.armextab.*)
                0x0800b5d0                        . = ALIGN (0x4)

.ARM            0x0800b5d0        0x8
                0x0800b5d0                        . = ALIGN (0x4)
                0x0800b5d0                        __exidx_start = .
 *(.ARM.exidx*)
 .ARM.exidx     0x0800b5d0        0x8 C:/ST/STM32CubeIDE_2.1.1/STM32CubeIDE/plugins/com.st.stm32cube.ide.mcu.externaltools.gnu-tools-for-stm32.14.3.rel1.win32_1.0.100.202602081740/tools/bin/../lib/gcc/arm-none-eabi/14.3.1/../../../../arm-none-eabi/lib/thumb/v7-m/nofp\libc_nano.a(libc_a-strlen.o)
                0x0800b5d8                        __exidx_end = .
                0x0800b5d8                        . = ALIGN (0x4)

.preinit_array  0x0800b5d8        0x0
                0x0800b5d8                        . = ALIGN (0x4)
                0x0800b5d8                        PROVIDE (__preinit_array_start = .)
 *(.preinit_array*)
                0x0800b5d8                        PROVIDE (__preinit_array_end = .)
                0x0800b5d8                        . = ALIGN (0x4)

.init_array     0x0800b5d8        0x4
                0x0800b5d8                        . = ALIGN (0x4)
                0x0800b5d8                        PROVIDE (__init_array_start = .)
 *(SORT_BY_NAME(.init_array.*))
 *(.init_array*)
 .init_array    0x0800b5d8        0x4 C:/ST/STM32CubeIDE_2.1.1/STM32CubeIDE/plugins/com.st.stm32cube.ide.mcu.externaltools.gnu-tools-for-stm32.14.3.rel1.win32_1.0.100.202602081740/tools/bin/../lib/gcc/arm-none-eabi/14.3.1/thumb/v7-m/nofp/crtbegin.o
                0x0800b5dc                        PROVIDE (__init_array_end = .)
                0x0800b5dc                        . = ALIGN (0x4)

.fini_array     0x0800b5dc        0x4
                0x0800b5dc                        . = ALIGN (0x4)
                [!provide]                        PROVIDE (__fini_array_start = .)
 *(SORT_BY_NAME(.fini_array.*))
 *(.fini_array*)
 .fini_array    0x0800b5dc        0x4 C:/ST/STM32CubeIDE_2.1.1/STM32CubeIDE/plugins/com.st.stm32cube.ide.mcu.externaltools.gnu-tools-for-stm32.14.3.rel1.win32_1.0.100.202602081740/tools/bin/../lib/gcc/arm-none-eabi/14.3.1/thumb/v7-m/nofp/crtbegin.o
                [!provide]                        PROVIDE (__fini_array_end = .)
                0x0800b5e0                        . = ALIGN (0x4)
                0x0800b5e0                        _sidata = LOADADDR (.data)

.rel.dyn        0x0800b5e0        0x0
 .rel.iplt      0x0800b5e0        0x0 C:/ST/STM32CubeIDE_2.1.1/STM32CubeIDE/plugins/com.st.stm32cube.ide.mcu.externaltools.gnu-tools-for-stm32.14.3.rel1.win32_1.0.100.202602081740/tools/bin/../lib/gcc/arm-none-eabi/14.3.1/thumb/v7-m/nofp/crtbegin.o

.data           0x20000000       0x9c load address 0x0800b5e0
                0x20000000                        . = ALIGN (0x4)
                0x20000000                        _sdata = .
 *(.data)
 *(.data*)
 .data.ui_enable_uart
                0x20000000        0x1 ./Core/Src/DisplayUI.o
                0x20000000                ui_enable_uart
 .data.ui_enable_udp
                0x20000001        0x1 ./Core/Src/DisplayUI.o
                0x20000001                ui_enable_udp
 *fill*         0x20000002        0x2 
 .data.esp01PROTO
                0x20000004        0x4 ./Core/Src/ESP01.o
 .data.mi_esp   0x20000008        0xc ./Core/Src/main.o
                0x20000008                mi_esp
 .data.mi_oled  0x20000014        0x8 ./Core/Src/main.o
                0x20000014                mi_oled
 .data.btn_sw0  0x2000001c       0x24 ./Core/Src/main.o
                0x2000001c                btn_sw0
 .data.SystemCoreClock
                0x20000040        0x4 ./Core/Src/system_stm32f1xx.o
                0x20000040                SystemCoreClock
 .data.uwTickPrio
                0x20000044        0x4 ./Drivers/STM32F1xx_HAL_Driver/Src/stm32f1xx_hal.o
                0x20000044                uwTickPrio
 .data.uwTickFreq
                0x20000048        0x1 ./Drivers/STM32F1xx_HAL_Driver/Src/stm32f1xx_hal.o
                0x20000048                uwTickFreq
 *fill*         0x20000049        0x3 
 .data._impure_ptr
                0x2000004c        0x4 C:/ST/STM32CubeIDE_2.1.1/STM32CubeIDE/plugins/com.st.stm32cube.ide.mcu.externaltools.gnu-tools-for-stm32.14.3.rel1.win32_1.0.100.202602081740/tools/bin/../lib/gcc/arm-none-eabi/14.3.1/../../../../arm-none-eabi/lib/thumb/v7-m/nofp\libc_nano.a(libc_a-impure.o)
                0x2000004c                _impure_ptr
 .data._impure_data
                0x20000050       0x4c C:/ST/STM32CubeIDE_2.1.1/STM32CubeIDE/plugins/com.st.stm32cube.ide.mcu.externaltools.gnu-tools-for-stm32.14.3.rel1.win32_1.0.100.202602081740/tools/bin/../lib/gcc/arm-none-eabi/14.3.1/../../../../arm-none-eabi/lib/thumb/v7-m/nofp\libc_nano.a(libc_a-impure.o)
                0x20000050                _impure_data
 *(.RamFunc)
 *(.RamFunc*)
                0x2000009c                        . = ALIGN (0x4)
                0x2000009c                        _edata = .

.igot.plt       0x2000009c        0x0 load address 0x0800b67c
 .igot.plt      0x2000009c        0x0 C:/ST/STM32CubeIDE_2.1.1/STM32CubeIDE/plugins/com.st.stm32cube.ide.mcu.externaltools.gnu-tools-for-stm32.14.3.rel1.win32_1.0.100.202602081740/tools/bin/../lib/gcc/arm-none-eabi/14.3.1/thumb/v7-m/nofp/crtbegin.o
                0x2000009c                        . = ALIGN (0x4)

.bss            0x2000009c      0xd28 load address 0x0800b67c
                0x2000009c                        _sbss = .
                0x2000009c                        __bss_start__ = _sbss
 *(.bss)
 .bss           0x2000009c       0x1c C:/ST/STM32CubeIDE_2.1.1/STM32CubeIDE/plugins/com.st.stm32cube.ide.mcu.externaltools.gnu-tools-for-stm32.14.3.rel1.win32_1.0.100.202602081740/tools/bin/../lib/gcc/arm-none-eabi/14.3.1/thumb/v7-m/nofp/crtbegin.o
 *(.bss*)
 .bss.current_state
                0x200000b8        0x1 ./Core/Src/DisplayUI.o
 .bss.main_menu_idx
                0x200000b9        0x1 ./Core/Src/DisplayUI.o
 .bss.settings_idx
                0x200000ba        0x1 ./Core/Src/DisplayUI.o
 *fill*         0x200000bb        0x1 
 .bss.esp_log   0x200000bc       0x84 ./Core/Src/DisplayUI.o
 .bss.esp01ATSate
                0x20000140        0x1 ./Core/Src/ESP01.o
 *fill*         0x20000141        0x3 
 .bss.esp01Flags
                0x20000144        0x1 ./Core/Src/ESP01.o
 *fill*         0x20000145        0x3 
 .bss.esp01TimeoutTask
                0x20000148        0x4 ./Core/Src/ESP01.o
 .bss.esp01TimeoutDataRx
                0x2000014c        0x4 ./Core/Src/ESP01.o
 .bss.esp01TimeoutTxSymbol
                0x20000150        0x4 ./Core/Src/ESP01.o
 .bss.ESP01ChangeState
                0x20000154        0x4 ./Core/Src/ESP01.o
 .bss.ESP01DbgStr
                0x20000158        0x4 ./Core/Src/ESP01.o
 .bss.esp01SSID
                0x2000015c       0x40 ./Core/Src/ESP01.o
 .bss.esp01PASSWORD
                0x2000019c       0x20 ./Core/Src/ESP01.o
 .bss.esp01RemoteIP
                0x200001bc       0x10 ./Core/Src/ESP01.o
 .bss.esp01RemotePORT
                0x200001cc        0x6 ./Core/Src/ESP01.o
 *fill*         0x200001d2        0x2 
 .bss.esp01LocalIP
                0x200001d4       0x10 ./Core/Src/ESP01.o
 .bss.esp01LocalPORT
                0x200001e4        0x6 ./Core/Src/ESP01.o
 .bss.esp01HState
                0x200001ea        0x1 ./Core/Src/ESP01.o
 *fill*         0x200001eb        0x1 
 .bss.esp01nBytes
                0x200001ec        0x2 ./Core/Src/ESP01.o
 *fill*         0x200001ee        0x2 
 .bss.esp01RXATBuf
                0x200001f0       0x80 ./Core/Src/ESP01.o
 .bss.esp01TXATBuf
                0x20000270      0x100 ./Core/Src/ESP01.o
 .bss.esp01iwRXAT
                0x20000370        0x2 ./Core/Src/ESP01.o
 .bss.esp01irRXAT
                0x20000372        0x2 ./Core/Src/ESP01.o
 .bss.esp01irTX
                0x20000374        0x2 ./Core/Src/ESP01.o
 .bss.esp01iwTX
                0x20000376        0x2 ./Core/Src/ESP01.o
 .bss.esp01TriesAT
                0x20000378        0x1 ./Core/Src/ESP01.o
 *fill*         0x20000379        0x3 
 .bss.esp01Handle
                0x2000037c        0xc ./Core/Src/ESP01.o
 .bss.indexResponse
                0x20000388        0x1 ./Core/Src/ESP01.o
 .bss.indexResponseChar
                0x20000389        0x1 ./Core/Src/ESP01.o
 *fill*         0x2000038a        0x2 
 .bss.oled      0x2000038c        0x8 ./Core/Src/OLED.o
 .bss.bufferRAM
                0x20000394      0x400 ./Core/Src/OLED.o
 .bss.oled_status
                0x20000794        0x1 ./Core/Src/OLED.o
 .bss.pagina_actual
                0x20000795        0x1 ./Core/Src/OLED.o
 .bss.sub_estado
                0x20000796        0x1 ./Core/Src/OLED.o
 .bss.pc_conectada
                0x20000797        0x1 ./Core/Src/comandos.o
                0x20000797                pc_conectada
 .bss.ultimo_ack_ms
                0x20000798        0x4 ./Core/Src/comandos.o
 .bss.bufferSalida.0
                0x2000079c       0x80 ./Core/Src/comandos.o
 .bss.hadc1     0x2000081c       0x30 ./Core/Src/main.o
                0x2000081c                hadc1
 .bss.hdma_adc1
                0x2000084c       0x44 ./Core/Src/main.o
                0x2000084c                hdma_adc1
 .bss.hi2c1     0x20000890       0x54 ./Core/Src/main.o
                0x20000890                hi2c1
 .bss.hdma_i2c1_tx
                0x200008e4       0x44 ./Core/Src/main.o
                0x200008e4                hdma_i2c1_tx
 .bss.htim1     0x20000928       0x48 ./Core/Src/main.o
                0x20000928                htim1
 .bss.htim2     0x20000970       0x48 ./Core/Src/main.o
                0x20000970                htim2
 .bss.htim3     0x200009b8       0x48 ./Core/Src/main.o
                0x200009b8                htim3
 .bss.htim4     0x20000a00       0x48 ./Core/Src/main.o
                0x20000a00                htim4
 .bss.huart1    0x20000a48       0x48 ./Core/Src/main.o
                0x20000a48                huart1
 .bss.huart3    0x20000a90       0x48 ./Core/Src/main.o
                0x20000a90                huart3
 .bss.valores_ir
                0x20000ad8        0x6 ./Core/Src/main.o
                0x20000ad8                valores_ir
 .bss.adc_listo
                0x20000ade        0x1 ./Core/Src/main.o
                0x20000ade                adc_listo
 .bss.rx_byte_esp
                0x20000adf        0x1 ./Core/Src/main.o
                0x20000adf                rx_byte_esp
 .bss.distancia_actual_mm
                0x20000ae0        0x2 ./Core/Src/main.o
                0x20000ae0                distancia_actual_mm
 *fill*         0x20000ae2        0x2 
 .bss.mi_sensor_ultra
                0x20000ae4       0x18 ./Core/Src/main.o
                0x20000ae4                mi_sensor_ultra
 .bss.rx_byte_pc
                0x20000afc        0x1 ./Core/Src/main.o
                0x20000afc                rx_byte_pc
 *fill*         0x20000afd        0x3 
 .bss.mi_servo  0x20000b00       0x14 ./Core/Src/main.o
                0x20000b00                mi_servo
 .bss.bufRX     0x20000b14       0x80 ./Core/Src/protocolo.o
                0x20000b14                bufRX
 .bss.bufTX     0x20000b94       0x80 ./Core/Src/protocolo.o
                0x20000b94                bufTX
 .bss.payloadBuffer
                0x20000c14       0x40 ./Core/Src/protocolo.o
 .bss.pIdx      0x20000c54        0x1 ./Core/Src/protocolo.o
 *fill*         0x20000c55        0x3 
 .bss.rx        0x20000c58        0xc ./Core/Src/protocolo.o
                0x20000c58                rx
 .bss.tx        0x20000c64        0xc ./Core/Src/protocolo.o
                0x20000c64                tx
 .bss._cmdParser
                0x20000c70        0x4 ./Core/Src/protocolo.o
 .bss.__sbrk_heap_end
                0x20000c74        0x4 ./Core/Src/sysmem.o
 .bss.uwTick    0x20000c78        0x4 ./Drivers/STM32F1xx_HAL_Driver/Src/stm32f1xx_hal.o
                0x20000c78                uwTick
 .bss.__sf      0x20000c7c      0x138 C:/ST/STM32CubeIDE_2.1.1/STM32CubeIDE/plugins/com.st.stm32cube.ide.mcu.externaltools.gnu-tools-for-stm32.14.3.rel1.win32_1.0.100.202602081740/tools/bin/../lib/gcc/arm-none-eabi/14.3.1/../../../../arm-none-eabi/lib/thumb/v7-m/nofp\libc_nano.a(libc_a-findfp.o)
                0x20000c7c                __sf
 .bss.errno     0x20000db4        0x4 C:/ST/STM32CubeIDE_2.1.1/STM32CubeIDE/plugins/com.st.stm32cube.ide.mcu.externaltools.gnu-tools-for-stm32.14.3.rel1.win32_1.0.100.202602081740/tools/bin/../lib/gcc/arm-none-eabi/14.3.1/../../../../arm-none-eabi/lib/thumb/v7-m/nofp\libc_nano.a(libc_a-reent.o)
                0x20000db4                errno
 .bss.__lock___malloc_recursive_mutex
                0x20000db8        0x1 C:/ST/STM32CubeIDE_2.1.1/STM32CubeIDE/plugins/com.st.stm32cube.ide.mcu.externaltools.gnu-tools-for-stm32.14.3.rel1.win32_1.0.100.202602081740/tools/bin/../lib/gcc/arm-none-eabi/14.3.1/../../../../arm-none-eabi/lib/thumb/v7-m/nofp\libc_nano.a(libc_a-lock.o)
                0x20000db8                __lock___malloc_recursive_mutex
 *fill*         0x20000db9        0x3 
 .bss.__malloc_sbrk_start
                0x20000dbc        0x4 C:/ST/STM32CubeIDE_2.1.1/STM32CubeIDE/plugins/com.st.stm32cube.ide.mcu.externaltools.gnu-tools-for-stm32.14.3.rel1.win32_1.0.100.202602081740/tools/bin/../lib/gcc/arm-none-eabi/14.3.1/../../../../arm-none-eabi/lib/thumb/v7-m/nofp\libc_nano.a(libc_a-mallocr.o)
                0x20000dbc                __malloc_sbrk_start
 .bss.__malloc_free_list
                0x20000dc0        0x4 C:/ST/STM32CubeIDE_2.1.1/STM32CubeIDE/plugins/com.st.stm32cube.ide.mcu.externaltools.gnu-tools-for-stm32.14.3.rel1.win32_1.0.100.202602081740/tools/bin/../lib/gcc/arm-none-eabi/14.3.1/../../../../arm-none-eabi/lib/thumb/v7-m/nofp\libc_nano.a(libc_a-mallocr.o)
                0x20000dc0                __malloc_free_list
 *(COMMON)
                0x20000dc4                        . = ALIGN (0x4)
                0x20000dc4                        _ebss = .
                0x20000dc4                        __bss_end__ = _ebss

._user_heap_stack
                0x20000dc4      0x604 load address 0x0800b67c
                0x20000dc8                        . = ALIGN (0x8)
 *fill*         0x20000dc4        0x4 
                [!provide]                        PROVIDE (end = .)
                0x20000dc8                        PROVIDE (_end = .)
                0x20000fc8                        . = (. + _Min_Heap_Size)
 *fill*         0x20000dc8      0x200 
                0x200013c8                        . = (. + _Min_Stack_Size)
 *fill*         0x20000fc8      0x400 
                0x200013c8                        . = ALIGN (0x8)

/DISCARD/
 libc.a(*)
 libm.a(*)
 libgcc.a(*)

.ARM.attributes
                0x00000000       0x29
 *(.ARM.attributes)
 .ARM.attributes
                0x00000000       0x1d C:/ST/STM32CubeIDE_2.1.1/STM32CubeIDE/plugins/com.st.stm32cube.ide.mcu.externaltools.gnu-tools-for-stm32.14.3.rel1.win32_1.0.100.202602081740/tools/bin/../lib/gcc/arm-none-eabi/14.3.1/thumb/v7-m/nofp/crti.o
 .ARM.attributes
                0x0000001d       0x2d C:/ST/STM32CubeIDE_2.1.1/STM32CubeIDE/plugins/com.st.stm32cube.ide.mcu.externaltools.gnu-tools-for-stm32.14.3.rel1.win32_1.0.100.202602081740/tools/bin/../lib/gcc/arm-none-eabi/14.3.1/thumb/v7-m/nofp/crtbegin.o
 .ARM.attributes
                0x0000004a       0x2d ./Core/Src/Button.o
 .ARM.attributes
                0x00000077       0x2d ./Core/Src/DisplayUI.o
 .ARM.attributes
                0x000000a4       0x2d ./Core/Src/ESP01.o
 .ARM.attributes
                0x000000d1       0x2d ./Core/Src/OLED.o
 .ARM.attributes
                0x000000fe       0x2d ./Core/Src/Servo.o
 .ARM.attributes
                0x0000012b       0x2d ./Core/Src/comandos.o
 .ARM.attributes
                0x00000158       0x2d ./Core/Src/hcsr04.o
 .ARM.attributes
                0x00000185       0x2d ./Core/Src/main.o
 .ARM.attributes
                0x000001b2       0x2d ./Core/Src/protocolo.o
 .ARM.attributes
                0x000001df       0x2d ./Core/Src/stm32f1xx_hal_msp.o
 .ARM.attributes
                0x0000020c       0x2d ./Core/Src/stm32f1xx_it.o
 .ARM.attributes
                0x00000239       0x2d ./Core/Src/sysmem.o
 .ARM.attributes
                0x00000266       0x2d ./Core/Src/system_stm32f1xx.o
 .ARM.attributes
                0x00000293       0x21 ./Core/Startup/startup_stm32f103c8tx.o
 .ARM.attributes
                0x000002b4       0x2d ./Drivers/STM32F1xx_HAL_Driver/Src/stm32f1xx_hal.o
 .ARM.attributes
                0x000002e1       0x2d ./Drivers/STM32F1xx_HAL_Driver/Src/stm32f1xx_hal_adc.o
 .ARM.attributes
                0x0000030e       0x2d ./Drivers/STM32F1xx_HAL_Driver/Src/stm32f1xx_hal_adc_ex.o
 .ARM.attributes
                0x0000033b       0x2d ./Drivers/STM32F1xx_HAL_Driver/Src/stm32f1xx_hal_cortex.o
 .ARM.attributes
                0x00000368       0x2d ./Drivers/STM32F1xx_HAL_Driver/Src/stm32f1xx_hal_dma.o
 .ARM.attributes
                0x00000395       0x2d ./Drivers/STM32F1xx_HAL_Driver/Src/stm32f1xx_hal_gpio.o
 .ARM.attributes
                0x000003c2       0x2d ./Drivers/STM32F1xx_HAL_Driver/Src/stm32f1xx_hal_i2c.o
 .ARM.attributes
                0x000003ef       0x2d ./Drivers/STM32F1xx_HAL_Driver/Src/stm32f1xx_hal_rcc.o
 .ARM.attributes
                0x0000041c       0x2d ./Drivers/STM32F1xx_HAL_Driver/Src/stm32f1xx_hal_rcc_ex.o
 .ARM.attributes
                0x00000449       0x2d ./Drivers/STM32F1xx_HAL_Driver/Src/stm32f1xx_hal_tim.o
 .ARM.attributes
                0x00000476       0x2d ./Drivers/STM32F1xx_HAL_Driver/Src/stm32f1xx_hal_tim_ex.o
 .ARM.attributes
                0x000004a3       0x2d ./Drivers/STM32F1xx_HAL_Driver/Src/stm32f1xx_hal_uart.o
 .ARM.attributes
                0x000004d0       0x2d C:/ST/STM32CubeIDE_2.1.1/STM32CubeIDE/plugins/com.st.stm32cube.ide.mcu.externaltools.gnu-tools-for-stm32.14.3.rel1.win32_1.0.100.202602081740/tools/bin/../lib/gcc/arm-none-eabi/14.3.1/../../../../arm-none-eabi/lib/thumb/v7-m/nofp\libc_nano.a(libc_a-itoa.o)
 .ARM.attributes
                0x000004fd       0x2d C:/ST/STM32CubeIDE_2.1.1/STM32CubeIDE/plugins/com.st.stm32cube.ide.mcu.externaltools.gnu-tools-for-stm32.14.3.rel1.win32_1.0.100.202602081740/tools/bin/../lib/gcc/arm-none-eabi/14.3.1/../../../../arm-none-eabi/lib/thumb/v7-m/nofp\libc_nano.a(libc_a-utoa.o)
 .ARM.attributes
                0x0000052a       0x2d C:/ST/STM32CubeIDE_2.1.1/STM32CubeIDE/plugins/com.st.stm32cube.ide.mcu.externaltools.gnu-tools-for-stm32.14.3.rel1.win32_1.0.100.202602081740/tools/bin/../lib/gcc/arm-none-eabi/14.3.1/../../../../arm-none-eabi/lib/thumb/v7-m/nofp\libc_nano.a(libc_a-findfp.o)
 .ARM.attributes
                0x00000557       0x2d C:/ST/STM32CubeIDE_2.1.1/STM32CubeIDE/plugins/com.st.stm32cube.ide.mcu.externaltools.gnu-tools-for-stm32.14.3.rel1.win32_1.0.100.202602081740/tools/bin/../lib/gcc/arm-none-eabi/14.3.1/../../../../arm-none-eabi/lib/thumb/v7-m/nofp\libc_nano.a(libc_a-sprintf.o)
 .ARM.attributes
                0x00000584       0x2d C:/ST/STM32CubeIDE_2.1.1/STM32CubeIDE/plugins/com.st.stm32cube.ide.mcu.externaltools.gnu-tools-for-stm32.14.3.rel1.win32_1.0.100.202602081740/tools/bin/../lib/gcc/arm-none-eabi/14.3.1/../../../../arm-none-eabi/lib/thumb/v7-m/nofp\libc_nano.a(libc_a-memset.o)
 .ARM.attributes
                0x000005b1       0x2d C:/ST/STM32CubeIDE_2.1.1/STM32CubeIDE/plugins/com.st.stm32cube.ide.mcu.externaltools.gnu-tools-for-stm32.14.3.rel1.win32_1.0.100.202602081740/tools/bin/../lib/gcc/arm-none-eabi/14.3.1/../../../../arm-none-eabi/lib/thumb/v7-m/nofp\libc_nano.a(libc_a-strncpy.o)
 .ARM.attributes
                0x000005de       0x2d C:/ST/STM32CubeIDE_2.1.1/STM32CubeIDE/plugins/com.st.stm32cube.ide.mcu.externaltools.gnu-tools-for-stm32.14.3.rel1.win32_1.0.100.202602081740/tools/bin/../lib/gcc/arm-none-eabi/14.3.1/../../../../arm-none-eabi/lib/thumb/v7-m/nofp\libc_nano.a(libc_a-reent.o)
 .ARM.attributes
                0x0000060b       0x2d C:/ST/STM32CubeIDE_2.1.1/STM32CubeIDE/plugins/com.st.stm32cube.ide.mcu.externaltools.gnu-tools-for-stm32.14.3.rel1.win32_1.0.100.202602081740/tools/bin/../lib/gcc/arm-none-eabi/14.3.1/../../../../arm-none-eabi/lib/thumb/v7-m/nofp\libc_nano.a(libc_a-impure.o)
 .ARM.attributes
                0x00000638       0x2d C:/ST/STM32CubeIDE_2.1.1/STM32CubeIDE/plugins/com.st.stm32cube.ide.mcu.externaltools.gnu-tools-for-stm32.14.3.rel1.win32_1.0.100.202602081740/tools/bin/../lib/gcc/arm-none-eabi/14.3.1/../../../../arm-none-eabi/lib/thumb/v7-m/nofp\libc_nano.a(libc_a-errno.o)
 .ARM.attributes
                0x00000665       0x2d C:/ST/STM32CubeIDE_2.1.1/STM32CubeIDE/plugins/com.st.stm32cube.ide.mcu.externaltools.gnu-tools-for-stm32.14.3.rel1.win32_1.0.100.202602081740/tools/bin/../lib/gcc/arm-none-eabi/14.3.1/../../../../arm-none-eabi/lib/thumb/v7-m/nofp\libc_nano.a(libc_a-init.o)
 .ARM.attributes
                0x00000692       0x2d C:/ST/STM32CubeIDE_2.1.1/STM32CubeIDE/plugins/com.st.stm32cube.ide.mcu.externaltools.gnu-tools-for-stm32.14.3.rel1.win32_1.0.100.202602081740/tools/bin/../lib/gcc/arm-none-eabi/14.3.1/../../../../arm-none-eabi/lib/thumb/v7-m/nofp\libc_nano.a(libc_a-lock.o)
 .ARM.attributes
                0x000006bf       0x2d C:/ST/STM32CubeIDE_2.1.1/STM32CubeIDE/plugins/com.st.stm32cube.ide.mcu.externaltools.gnu-tools-for-stm32.14.3.rel1.win32_1.0.100.202602081740/tools/bin/../lib/gcc/arm-none-eabi/14.3.1/../../../../arm-none-eabi/lib/thumb/v7-m/nofp\libc_nano.a(libc_a-strcpy.o)
 .ARM.attributes
                0x000006ec       0x2d C:/ST/STM32CubeIDE_2.1.1/STM32CubeIDE/plugins/com.st.stm32cube.ide.mcu.externaltools.gnu-tools-for-stm32.14.3.rel1.win32_1.0.100.202602081740/tools/bin/../lib/gcc/arm-none-eabi/14.3.1/../../../../arm-none-eabi/lib/thumb/v7-m/nofp\libc_nano.a(libc_a-memcpy-stub.o)
 .ARM.attributes
                0x00000719       0x17 C:/ST/STM32CubeIDE_2.1.1/STM32CubeIDE/plugins/com.st.stm32cube.ide.mcu.externaltools.gnu-tools-for-stm32.14.3.rel1.win32_1.0.100.202602081740/tools/bin/../lib/gcc/arm-none-eabi/14.3.1/../../../../arm-none-eabi/lib/thumb/v7-m/nofp\libc_nano.a(libc_a-strlen.o)
 .ARM.attributes
                0x00000730       0x2d C:/ST/STM32CubeIDE_2.1.1/STM32CubeIDE/plugins/com.st.stm32cube.ide.mcu.externaltools.gnu-tools-for-stm32.14.3.rel1.win32_1.0.100.202602081740/tools/bin/../lib/gcc/arm-none-eabi/14.3.1/../../../../arm-none-eabi/lib/thumb/v7-m/nofp\libc_nano.a(libc_a-freer.o)
 .ARM.attributes
                0x0000075d       0x2d C:/ST/STM32CubeIDE_2.1.1/STM32CubeIDE/plugins/com.st.stm32cube.ide.mcu.externaltools.gnu-tools-for-stm32.14.3.rel1.win32_1.0.100.202602081740/tools/bin/../lib/gcc/arm-none-eabi/14.3.1/../../../../arm-none-eabi/lib/thumb/v7-m/nofp\libc_nano.a(libc_a-mallocr.o)
 .ARM.attributes
                0x0000078a       0x2d C:/ST/STM32CubeIDE_2.1.1/STM32CubeIDE/plugins/com.st.stm32cube.ide.mcu.externaltools.gnu-tools-for-stm32.14.3.rel1.win32_1.0.100.202602081740/tools/bin/../lib/gcc/arm-none-eabi/14.3.1/../../../../arm-none-eabi/lib/thumb/v7-m/nofp\libc_nano.a(libc_a-mlock.o)
 .ARM.attributes
                0x000007b7       0x2d C:/ST/STM32CubeIDE_2.1.1/STM32CubeIDE/plugins/com.st.stm32cube.ide.mcu.externaltools.gnu-tools-for-stm32.14.3.rel1.win32_1.0.100.202602081740/tools/bin/../lib/gcc/arm-none-eabi/14.3.1/../../../../arm-none-eabi/lib/thumb/v7-m/nofp\libc_nano.a(libc_a-nano-svfprintf.o)
 .ARM.attributes
                0x000007e4       0x2d C:/ST/STM32CubeIDE_2.1.1/STM32CubeIDE/plugins/com.st.stm32cube.ide.mcu.externaltools.gnu-tools-for-stm32.14.3.rel1.win32_1.0.100.202602081740/tools/bin/../lib/gcc/arm-none-eabi/14.3.1/../../../../arm-none-eabi/lib/thumb/v7-m/nofp\libc_nano.a(libc_a-nano-vfprintf_i.o)
 .ARM.attributes
                0x00000811       0x2d C:/ST/STM32CubeIDE_2.1.1/STM32CubeIDE/plugins/com.st.stm32cube.ide.mcu.externaltools.gnu-tools-for-stm32.14.3.rel1.win32_1.0.100.202602081740/tools/bin/../lib/gcc/arm-none-eabi/14.3.1/../../../../arm-none-eabi/lib/thumb/v7-m/nofp\libc_nano.a(libc_a-memmove.o)
 .ARM.attributes
                0x0000083e       0x2d C:/ST/STM32CubeIDE_2.1.1/STM32CubeIDE/plugins/com.st.stm32cube.ide.mcu.externaltools.gnu-tools-for-stm32.14.3.rel1.win32_1.0.100.202602081740/tools/bin/../lib/gcc/arm-none-eabi/14.3.1/../../../../arm-none-eabi/lib/thumb/v7-m/nofp\libc_nano.a(libc_a-sbrkr.o)
 .ARM.attributes
                0x0000086b       0x2d C:/ST/STM32CubeIDE_2.1.1/STM32CubeIDE/plugins/com.st.stm32cube.ide.mcu.externaltools.gnu-tools-for-stm32.14.3.rel1.win32_1.0.100.202602081740/tools/bin/../lib/gcc/arm-none-eabi/14.3.1/../../../../arm-none-eabi/lib/thumb/v7-m/nofp\libc_nano.a(libc_a-memchr-stub.o)
 .ARM.attributes
                0x00000898       0x2d C:/ST/STM32CubeIDE_2.1.1/STM32CubeIDE/plugins/com.st.stm32cube.ide.mcu.externaltools.gnu-tools-for-stm32.14.3.rel1.win32_1.0.100.202602081740/tools/bin/../lib/gcc/arm-none-eabi/14.3.1/../../../../arm-none-eabi/lib/thumb/v7-m/nofp\libc_nano.a(libc_a-reallocr.o)
 .ARM.attributes
                0x000008c5       0x2d C:/ST/STM32CubeIDE_2.1.1/STM32CubeIDE/plugins/com.st.stm32cube.ide.mcu.externaltools.gnu-tools-for-stm32.14.3.rel1.win32_1.0.100.202602081740/tools/bin/../lib/gcc/arm-none-eabi/14.3.1/../../../../arm-none-eabi/lib/thumb/v7-m/nofp\libc_nano.a(libc_a-msizer.o)
 .ARM.attributes
                0x000008f2       0x1d C:/ST/STM32CubeIDE_2.1.1/STM32CubeIDE/plugins/com.st.stm32cube.ide.mcu.externaltools.gnu-tools-for-stm32.14.3.rel1.win32_1.0.100.202602081740/tools/bin/../lib/gcc/arm-none-eabi/14.3.1/thumb/v7-m/nofp\libgcc.a(_arm_addsubsf3.o)
 .ARM.attributes
                0x0000090f       0x1d C:/ST/STM32CubeIDE_2.1.1/STM32CubeIDE/plugins/com.st.stm32cube.ide.mcu.externaltools.gnu-tools-for-stm32.14.3.rel1.win32_1.0.100.202602081740/tools/bin/../lib/gcc/arm-none-eabi/14.3.1/thumb/v7-m/nofp\libgcc.a(_arm_muldivsf3.o)
 .ARM.attributes
                0x0000092c       0x1d C:/ST/STM32CubeIDE_2.1.1/STM32CubeIDE/plugins/com.st.stm32cube.ide.mcu.externaltools.gnu-tools-for-stm32.14.3.rel1.win32_1.0.100.202602081740/tools/bin/../lib/gcc/arm-none-eabi/14.3.1/thumb/v7-m/nofp\libgcc.a(_arm_cmpsf2.o)
 .ARM.attributes
                0x00000949       0x1d C:/ST/STM32CubeIDE_2.1.1/STM32CubeIDE/plugins/com.st.stm32cube.ide.mcu.externaltools.gnu-tools-for-stm32.14.3.rel1.win32_1.0.100.202602081740/tools/bin/../lib/gcc/arm-none-eabi/14.3.1/thumb/v7-m/nofp\libgcc.a(_arm_fixunssfsi.o)
 .ARM.attributes
                0x00000966       0x1d C:/ST/STM32CubeIDE_2.1.1/STM32CubeIDE/plugins/com.st.stm32cube.ide.mcu.externaltools.gnu-tools-for-stm32.14.3.rel1.win32_1.0.100.202602081740/tools/bin/../lib/gcc/arm-none-eabi/14.3.1/thumb/v7-m/nofp/crtn.o
OUTPUT(AUTITO_FIRM.elf elf32-littlearm)
LOAD linker stubs
LOAD C:/ST/STM32CubeIDE_2.1.1/STM32CubeIDE/plugins/com.st.stm32cube.ide.mcu.externaltools.gnu-tools-for-stm32.14.3.rel1.win32_1.0.100.202602081740/tools/bin/../lib/gcc/arm-none-eabi/14.3.1/../../../../arm-none-eabi/lib/thumb/v7-m/nofp\libc.a
LOAD C:/ST/STM32CubeIDE_2.1.1/STM32CubeIDE/plugins/com.st.stm32cube.ide.mcu.externaltools.gnu-tools-for-stm32.14.3.rel1.win32_1.0.100.202602081740/tools/bin/../lib/gcc/arm-none-eabi/14.3.1/../../../../arm-none-eabi/lib/thumb/v7-m/nofp\libm.a
LOAD C:/ST/STM32CubeIDE_2.1.1/STM32CubeIDE/plugins/com.st.stm32cube.ide.mcu.externaltools.gnu-tools-for-stm32.14.3.rel1.win32_1.0.100.202602081740/tools/bin/../lib/gcc/arm-none-eabi/14.3.1/thumb/v7-m/nofp\libgcc.a

.debug_info     0x00000000    0x1415e
 .debug_info    0x00000000      0x1c4 ./Core/Src/Button.o
 .debug_info    0x000001c4      0x35c ./Core/Src/DisplayUI.o
 .debug_info    0x00000520      0xbc7 ./Core/Src/ESP01.o
 .debug_info    0x000010e7      0x50f ./Core/Src/OLED.o
 .debug_info    0x000015f6      0x22c ./Core/Src/Servo.o
 .debug_info    0x00001822      0x98a ./Core/Src/comandos.o
 .debug_info    0x000021ac      0x2c2 ./Core/Src/hcsr04.o
 .debug_info    0x0000246e     0x241e ./Core/Src/main.o
 .debug_info    0x0000488c      0x316 ./Core/Src/protocolo.o
 .debug_info    0x00004ba2     0x148b ./Core/Src/stm32f1xx_hal_msp.o
 .debug_info    0x0000602d      0xb75 ./Core/Src/stm32f1xx_it.o
 .debug_info    0x00006ba2      0x168 ./Core/Src/sysmem.o
 .debug_info    0x00006d0a      0x222 ./Core/Src/system_stm32f1xx.o
 .debug_info    0x00006f2c       0x30 ./Core/Startup/startup_stm32f103c8tx.o
 .debug_info    0x00006f5c      0x704 ./Drivers/STM32F1xx_HAL_Driver/Src/stm32f1xx_hal.o
 .debug_info    0x00007660      0xc50 ./Drivers/STM32F1xx_HAL_Driver/Src/stm32f1xx_hal_adc.o
 .debug_info    0x000082b0      0xa10 ./Drivers/STM32F1xx_HAL_Driver/Src/stm32f1xx_hal_adc_ex.o
 .debug_info    0x00008cc0      0xa87 ./Drivers/STM32F1xx_HAL_Driver/Src/stm32f1xx_hal_cortex.o
 .debug_info    0x00009747      0x6d2 ./Drivers/STM32F1xx_HAL_Driver/Src/stm32f1xx_hal_dma.o
 .debug_info    0x00009e19      0x5ab ./Drivers/STM32F1xx_HAL_Driver/Src/stm32f1xx_hal_gpio.o
 .debug_info    0x0000a3c4     0x2524 ./Drivers/STM32F1xx_HAL_Driver/Src/stm32f1xx_hal_i2c.o
 .debug_info    0x0000c8e8      0x7d5 ./Drivers/STM32F1xx_HAL_Driver/Src/stm32f1xx_hal_rcc.o
 .debug_info    0x0000d0bd      0x3c0 ./Drivers/STM32F1xx_HAL_Driver/Src/stm32f1xx_hal_rcc_ex.o
 .debug_info    0x0000d47d     0x2959 ./Drivers/STM32F1xx_HAL_Driver/Src/stm32f1xx_hal_tim.o
 .debug_info    0x0000fdd6     0x149b ./Drivers/STM32F1xx_HAL_Driver/Src/stm32f1xx_hal_tim_ex.o
 .debug_info    0x00011271     0x2eed ./Drivers/STM32F1xx_HAL_Driver/Src/stm32f1xx_hal_uart.o

.debug_abbrev   0x00000000     0x332b
 .debug_abbrev  0x00000000       0xed ./Core/Src/Button.o
 .debug_abbrev  0x000000ed      0x182 ./Core/Src/DisplayUI.o
 .debug_abbrev  0x0000026f      0x31e ./Core/Src/ESP01.o
 .debug_abbrev  0x0000058d      0x197 ./Core/Src/OLED.o
 .debug_abbrev  0x00000724       0xfe ./Core/Src/Servo.o
 .debug_abbrev  0x00000822      0x267 ./Core/Src/comandos.o
 .debug_abbrev  0x00000a89      0x10e ./Core/Src/hcsr04.o
 .debug_abbrev  0x00000b97      0x3b7 ./Core/Src/main.o
 .debug_abbrev  0x00000f4e      0x17e ./Core/Src/protocolo.o
 .debug_abbrev  0x000010cc      0x27c ./Core/Src/stm32f1xx_hal_msp.o
 .debug_abbrev  0x00001348      0x1b9 ./Core/Src/stm32f1xx_it.o
 .debug_abbrev  0x00001501       0xbc ./Core/Src/sysmem.o
 .debug_abbrev  0x000015bd      0x13f ./Core/Src/system_stm32f1xx.o
 .debug_abbrev  0x000016fc       0x24 ./Core/Startup/startup_stm32f103c8tx.o