Archive member included to satisfy reference by file (symbol)

C:/ST/STM32CubeIDE_2.1.1/STM32CubeIDE/plugins/com.st.stm32cube.ide.mcu.externaltools.gnu-tools-for-stm32.14.3.rel1.win32_1.0.100.202602081740/tools/bin/../lib/gcc/arm-none-eabi/14.3.1/../../../../arm-none-eabi/lib/thumb/v7-m/nofp\libc_nano.a(libc_a-exit.o)
                              C:/ST/STM32CubeIDE_2.1.1/STM32CubeIDE/plugins/com.st.stm32cube.ide.mcu.externaltools.gnu-tools-for-stm32.14.3.rel1.win32_1.0.100.202602081740/tools/bin/../lib/gcc/arm-none-eabi/14.3.1/../../../../arm-none-eabi/lib/thumb/v7-m/nofp/crt0.o (exit)
C:/ST/STM32CubeIDE_2.1.1/STM32CubeIDE/plugins/com.st.stm32cube.ide.mcu.externaltools.gnu-tools-for-stm32.14.3.rel1.win32_1.0.100.202602081740/tools/bin/../lib/gcc/arm-none-eabi/14.3.1/../../../../arm-none-eabi/lib/thumb/v7-m/nofp\libc_nano.a(libc_a-itoa.o)
                              ./Core/Src/ESP01.o (itoa)
C:/ST/STM32CubeIDE_2.1.1/STM32CubeIDE/plugins/com.st.stm32cube.ide.mcu.externaltools.gnu-tools-for-stm32.14.3.rel1.win32_1.0.100.202602081740/tools/bin/../lib/gcc/arm-none-eabi/14.3.1/../../../../arm-none-eabi/lib/thumb/v7-m/nofp\libc_nano.a(libc_a-utoa.o)
                              C:/ST/STM32CubeIDE_2.1.1/STM32CubeIDE/plugins/com.st.stm32cube.ide.mcu.externaltools.gnu-tools-for-stm32.14.3.rel1.win32_1.0.100.202602081740/tools/bin/../lib/gcc/arm-none-eabi/14.3.1/../../../../arm-none-eabi/lib/thumb/v7-m/nofp\libc_nano.a(libc_a-itoa.o) (__utoa)
C:/ST/STM32CubeIDE_2.1.1/STM32CubeIDE/plugins/com.st.stm32cube.ide.mcu.externaltools.gnu-tools-for-stm32.14.3.rel1.win32_1.0.100.202602081740/tools/bin/../lib/gcc/arm-none-eabi/14.3.1/../../../../arm-none-eabi/lib/thumb/v7-m/nofp\libc_nano.a(libc_a-findfp.o)
                              C:/ST/STM32CubeIDE_2.1.1/STM32CubeIDE/plugins/com.st.stm32cube.ide.mcu.externaltools.gnu-tools-for-stm32.14.3.rel1.win32_1.0.100.202602081740/tools/bin/../lib/gcc/arm-none-eabi/14.3.1/../../../../arm-none-eabi/lib/thumb/v7-m/nofp\libc_nano.a(libc_a-exit.o) (__stdio_exit_handler)
C:/ST/STM32CubeIDE_2.1.1/STM32CubeIDE/plugins/com.st.stm32cube.ide.mcu.externaltools.gnu-tools-for-stm32.14.3.rel1.win32_1.0.100.202602081740/tools/bin/../lib/gcc/arm-none-eabi/14.3.1/../../../../arm-none-eabi/lib/thumb/v7-m/nofp\libc_nano.a(libc_a-fwalk.o)
                              C:/ST/STM32CubeIDE_2.1.1/STM32CubeIDE/plugins/com.st.stm32cube.ide.mcu.externaltools.gnu-tools-for-stm32.14.3.rel1.win32_1.0.100.202602081740/tools/bin/../lib/gcc/arm-none-eabi/14.3.1/../../../../arm-none-eabi/lib/thumb/v7-m/nofp\libc_nano.a(libc_a-findfp.o) (_fwalk_sglue)
C:/ST/STM32CubeIDE_2.1.1/STM32CubeIDE/plugins/com.st.stm32cube.ide.mcu.externaltools.gnu-tools-for-stm32.14.3.rel1.win32_1.0.100.202602081740/tools/bin/../lib/gcc/arm-none-eabi/14.3.1/../../../../arm-none-eabi/lib/thumb/v7-m/nofp\libc_nano.a(libc_a-sprintf.o)
                              ./Core/Src/DisplayUI.o (sprintf)
C:/ST/STM32CubeIDE_2.1.1/STM32CubeIDE/plugins/com.st.stm32cube.ide.mcu.externaltools.gnu-tools-for-stm32.14.3.rel1.win32_1.0.100.202602081740/tools/bin/../lib/gcc/arm-none-eabi/14.3.1/../../../../arm-none-eabi/lib/thumb/v7-m/nofp\libc_nano.a(libc_a-stdio.o)
                              C:/ST/STM32CubeIDE_2.1.1/STM32CubeIDE/plugins/com.st.stm32cube.ide.mcu.externaltools.gnu-tools-for-stm32.14.3.rel1.win32_1.0.100.202602081740/tools/bin/../lib/gcc/arm-none-eabi/14.3.1/../../../../arm-none-eabi/lib/thumb/v7-m/nofp\libc_nano.a(libc_a-findfp.o) (__sread)
C:/ST/STM32CubeIDE_2.1.1/STM32CubeIDE/plugins/com.st.stm32cube.ide.mcu.externaltools.gnu-tools-for-stm32.14.3.rel1.win32_1.0.100.202602081740/tools/bin/../lib/gcc/arm-none-eabi/14.3.1/../../../../arm-none-eabi/lib/thumb/v7-m/nofp\libc_nano.a(libc_a-memset.o)
                              C:/ST/STM32CubeIDE_2.1.1/STM32CubeIDE/plugins/com.st.stm32cube.ide.mcu.externaltools.gnu-tools-for-stm32.14.3.rel1.win32_1.0.100.202602081740/tools/bin/../lib/gcc/arm-none-eabi/14.3.1/../../../../arm-none-eabi/lib/thumb/v7-m/nofp/crt0.o (memset)
C:/ST/STM32CubeIDE_2.1.1/STM32CubeIDE/plugins/com.st.stm32cube.ide.mcu.externaltools.gnu-tools-for-stm32.14.3.rel1.win32_1.0.100.202602081740/tools/bin/../lib/gcc/arm-none-eabi/14.3.1/../../../../arm-none-eabi/lib/thumb/v7-m/nofp\libc_nano.a(libc_a-strncpy.o)
                              ./Core/Src/ESP01.o (strncpy)
C:/ST/STM32CubeIDE_2.1.1/STM32CubeIDE/plugins/com.st.stm32cube.ide.mcu.externaltools.gnu-tools-for-stm32.14.3.rel1.win32_1.0.100.202602081740/tools/bin/../lib/gcc/arm-none-eabi/14.3.1/../../../../arm-none-eabi/lib/thumb/v7-m/nofp\libc_nano.a(libc_a-closer.o)
                              C:/ST/STM32CubeIDE_2.1.1/STM32CubeIDE/plugins/com.st.stm32cube.ide.mcu.externaltools.gnu-tools-for-stm32.14.3.rel1.win32_1.0.100.202602081740/tools/bin/../lib/gcc/arm-none-eabi/14.3.1/../../../../arm-none-eabi/lib/thumb/v7-m/nofp\libc_nano.a(libc_a-stdio.o) (_close_r)
[...]
Memory Configuration

Name             Origin             Length             Attributes
RAM              0x20000000         0x00005000         xrw
FLASH            0x08000000         0x00010000         xr
*default*        0x00000000         0xffffffff

Linker script and memory map

LOAD C:/ST/STM32CubeIDE_2.1.1/STM32CubeIDE/plugins/com.st.stm32cube.ide.mcu.externaltools.gnu-tools-for-stm32.14.3.rel1.win32_1.0.100.202602081740/tools/bin/../lib/gcc/arm-none-eabi/14.3.1/thumb/v7-m/nofp/crti.o
LOAD C:/ST/STM32CubeIDE_2.1.1/STM32CubeIDE/plugins/com.st.stm32cube.ide.mcu.externaltools.gnu-tools-for-stm32.14.3.rel1.win32_1.0.100.202602081740/tools/bin/../lib/gcc/arm-none-eabi/14.3.1/thumb/v7-m/nofp/crtbegin.o
LOAD C:/ST/STM32CubeIDE_2.1.1/STM32CubeIDE/plugins/com.st.stm32cube.ide.mcu.externaltools.gnu-tools-for-stm32.14.3.rel1.win32_1.0.100.202602081740/tools/bin/../lib/gcc/arm-none-eabi/14.3.1/../../../../arm-none-eabi/lib/thumb/v7-m/nofp/crt0.o
LOAD ./Core/Src/Button.o
LOAD ./Core/Src/DisplayUI.o
LOAD ./Core/Src/ESP01.o
LOAD ./Core/Src/OLED.o
LOAD ./Core/Src/Servo.o
LOAD ./Core/Src/comandos.o
LOAD ./Core/Src/hcsr04.o
LOAD ./Core/Src/main.o
LOAD ./Core/Src/protocolo.o
LOAD ./Core/Src/seguidor.o
LOAD ./Core/Src/stm32f1xx_hal_msp.o
LOAD ./Core/Src/stm32f1xx_it.o
LOAD ./Core/Src/syscalls.o
LOAD ./Core/Src/sysmem.o
LOAD ./Core/Src/system_stm32f1xx.o
LOAD ./Core/Startup/startup_stm32f103c8tx.o
LOAD ./Drivers/STM32F1xx_HAL_Driver/Src/stm32f1xx_hal.o
LOAD ./Drivers/STM32F1xx_HAL_Driver/Src/stm32f1xx_hal_adc.o
LOAD ./Drivers/STM32F1xx_HAL_Driver/Src/stm32f1xx_hal_adc_ex.o
LOAD ./Drivers/STM32F1xx_HAL_Driver/Src/stm32f1xx_hal_cortex.o
LOAD ./Drivers/STM32F1xx_HAL_Driver/Src/stm32f1xx_hal_dma.o
LOAD ./Drivers/STM32F1xx_HAL_Driver/Src/stm32f1xx_hal_exti.o
LOAD ./Drivers/STM32F1xx_HAL_Driver/Src/stm32f1xx_hal_flash.o
LOAD ./Drivers/STM32F1xx_HAL_Driver/Src/stm32f1xx_hal_flash_ex.o
LOAD ./Drivers/STM32F1xx_HAL_Driver/Src/stm32f1xx_hal_gpio.o
LOAD ./Drivers/STM32F1xx_HAL_Driver/Src/stm32f1xx_hal_gpio_ex.o
LOAD ./Drivers/STM32F1xx_HAL_Driver/Src/stm32f1xx_hal_i2c.o
LOAD ./Drivers/STM32F1xx_HAL_Driver/Src/stm32f1xx_hal_pwr.o
LOAD ./Drivers/STM32F1xx_HAL_Driver/Src/stm32f1xx_hal_rcc.o
LOAD ./Drivers/STM32F1xx_HAL_Driver/Src/stm32f1xx_hal_rcc_ex.o
LOAD ./Drivers/STM32F1xx_HAL_Driver/Src/stm32f1xx_hal_tim.o
LOAD ./Drivers/STM32F1xx_HAL_Driver/Src/stm32f1xx_hal_tim_ex.o
LOAD ./Drivers/STM32F1xx_HAL_Driver/Src/stm32f1xx_hal_uart.o
START GROUP
LOAD C:/ST/STM32CubeIDE_2.1.1/STM32CubeIDE/plugins/com.st.stm32cube.ide.mcu.externaltools.gnu-tools-for-stm32.14.3.rel1.win32_1.0.100.202602081740/tools/bin/../lib/gcc/arm-none-eabi/14.3.1/../../../../arm-none-eabi/lib/thumb/v7-m/nofp\libc_nano.a
LOAD C:/ST/STM32CubeIDE_2.1.1/STM32CubeIDE/plugins/com.st.stm32cube.ide.mcu.externaltools.gnu-tools-for-stm32.14.3.rel1.win32_1.0.100.202602081740/tools/bin/../lib/gcc/arm-none-eabi/14.3.1/../../../../arm-none-eabi/lib/thumb/v7-m/nofp\libm.a
END GROUP
START GROUP
LOAD C:/ST/STM32CubeIDE_2.1.1/STM32CubeIDE/plugins/com.st.stm32cube.ide.mcu.externaltools.gnu-tools-for-stm32.14.3.rel1.win32_1.0.100.202602081740/tools/bin/../lib/gcc/arm-none-eabi/14.3.1/thumb/v7-m/nofp\libgcc.a
LOAD C:/ST/STM32CubeIDE_2.1.1/STM32CubeIDE/plugins/com.st.stm32cube.ide.mcu.externaltools.gnu-tools-for-stm32.14.3.rel1.win32_1.0.100.202602081740/tools/bin/../lib/gcc/arm-none-eabi/14.3.1/../../../../arm-none-eabi/lib/thumb/v7-m/nofp\libc_nano.a
END GROUP
START GROUP
LOAD C:/ST/STM32CubeIDE_2.1.1/STM32CubeIDE/plugins/com.st.stm32cube.ide.mcu.externaltools.gnu-tools-for-stm32.14.3.rel1.win32_1.0.100.202602081740/tools/bin/../lib/gcc/arm-none-eabi/14.3.1/thumb/v7-m/nofp\libgcc.a
LOAD C:/ST/STM32CubeIDE_2.1.1/STM32CubeIDE/plugins/com.st.stm32cube.ide.mcu.externaltools.gnu-tools-for-stm32.14.3.rel1.win32_1.0.100.202602081740/tools/bin/../lib/gcc/arm-none-eabi/14.3.1/../../../../arm-none-eabi/lib/thumb/v7-m/nofp\libc_nano.a
LOAD C:/ST/STM32CubeIDE_2.1.1/STM32CubeIDE/plugins/com.st.stm32cube.ide.mcu.externaltools.gnu-tools-for-stm32.14.3.rel1.win32_1.0.100.202602081740/tools/bin/../lib/gcc/arm-none-eabi/14.3.1/../../../../arm-none-eabi/lib/thumb/v7-m/nofp\libnosys.a
END GROUP
START GROUP
LOAD C:/ST/STM32CubeIDE_2.1.1/STM32CubeIDE/plugins/com.st.stm32cube.ide.mcu.externaltools.gnu-tools-for-stm32.14.3.rel1.win32_1.0.100.202602081740/tools/bin/../lib/gcc/arm-none-eabi/14.3.1/thumb/v7-m/nofp\libgcc.a
LOAD C:/ST/STM32CubeIDE_2.1.1/STM32CubeIDE/plugins/com.st.stm32cube.ide.mcu.externaltools.gnu-tools-for-stm32.14.3.rel1.win32_1.0.100.202602081740/tools/bin/../lib/gcc/arm-none-eabi/14.3.1/../../../../arm-none-eabi/lib/thumb/v7-m/nofp\libc_nano.a
LOAD C:/ST/STM32CubeIDE_2.1.1/STM32CubeIDE/plugins/com.st.stm32cube.ide.mcu.externaltools.gnu-tools-for-stm32.14.3.rel1.win32_1.0.100.202602081740/tools/bin/../lib/gcc/arm-none-eabi/14.3.1/../../../../arm-none-eabi/lib/thumb/v7-m/nofp\libnosys.a
END GROUP
LOAD C:/ST/STM32CubeIDE_2.1.1/STM32CubeIDE/plugins/com.st.stm32cube.ide.mcu.externaltools.gnu-tools-for-stm32.14.3.rel1.win32_1.0.100.202602081740/tools/bin/../lib/gcc/arm-none-eabi/14.3.1/thumb/v7-m/nofp/crtend.o
LOAD C:/ST/STM32CubeIDE_2.1.1/STM32CubeIDE/plugins/com.st.stm32cube.ide.mcu.externaltools.gnu-tools-for-stm32.14.3.rel1.win32_1.0.100.202602081740/tools/bin/../lib/gcc/arm-none-eabi/14.3.1/thumb/v7-m/nofp/crtn.o
                0x20005000                        _estack = (ORIGIN (RAM) + LENGTH (RAM))
                0x00000200                        _Min_Heap_Size = 0x200
                0x00000400                        _Min_Stack_Size = 0x400

.isr_vector     0x08000000      0x10c
                0x08000000                        . = ALIGN (0x4)
 *(.isr_vector)
 .isr_vector    0x08000000      0x10c ./Core/Startup/startup_stm32f103c8tx.o
                0x08000000                g_pfnVectors
                0x0800010c                        . = ALIGN (0x4)

.text           0x0800010c     0xc0e4
                0x0800010c                        . = ALIGN (0x4)
 *(.text)
 .text          0x0800010c       0x40 C:/ST/STM32CubeIDE_2.1.1/STM32CubeIDE/plugins/com.st.stm32cube.ide.mcu.externaltools.gnu-tools-for-stm32.14.3.rel1.win32_1.0.100.202602081740/tools/bin/../lib/gcc/arm-none-eabi/14.3.1/thumb/v7-m/nofp/crtbegin.o
 .text          0x0800014c       0x10 C:/ST/STM32CubeIDE_2.1.1/STM32CubeIDE/plugins/com.st.stm32cube.ide.mcu.externaltools.gnu-tools-for-stm32.14.3.rel1.win32_1.0.100.202602081740/tools/bin/../lib/gcc/arm-none-eabi/14.3.1/../../../../arm-none-eabi/lib/thumb/v7-m/nofp\libc_nano.a(libc_a-strlen.o)
                0x0800014c                strlen
 .text          0x0800015c      0x21c C:/ST/STM32CubeIDE_2.1.1/STM32CubeIDE/plugins/com.st.stm32cube.ide.mcu.externaltools.gnu-tools-for-stm32.14.3.rel1.win32_1.0.100.202602081740/tools/bin/../lib/gcc/arm-none-eabi/14.3.1/thumb/v7-m/nofp\libgcc.a(_arm_addsubsf3.o)
                0x0800015c                __aeabi_frsub
                0x08000164                __subsf3
                0x08000164                __aeabi_fsub
                0x08000168                __aeabi_fadd
                0x08000168                __addsf3
                0x080002c8                __aeabi_ui2f
                0x080002c8                __floatunsisf
                0x080002d0                __aeabi_i2f
                0x080002d0                __floatsisf
                0x080002ec                __aeabi_ul2f
                0x080002ec                __floatundisf
                0x080002fc                __aeabi_l2f
                0x080002fc                __floatdisf
 .text          0x08000378      0x2a0 C:/ST/STM32CubeIDE_2.1.1/STM32CubeIDE/plugins/com.st.stm32cube.ide.mcu.externaltools.gnu-tools-for-stm32.14.3.rel1.win32_1.0.100.202602081740/tools/bin/../lib/gcc/arm-none-eabi/14.3.1/thumb/v7-m/nofp\libgcc.a(_arm_muldivsf3.o)
                0x08000378                __mulsf3
                0x08000378                __aeabi_fmul
                0x080004e0                __aeabi_fdiv
                0x080004e0                __divsf3
 .text          0x08000618       0xec C:/ST/STM32CubeIDE_2.1.1/STM32CubeIDE/plugins/com.st.stm32cube.ide.mcu.externaltools.gnu-tools-for-stm32.14.3.rel1.win32_1.0.100.202602081740/tools/bin/../lib/gcc/arm-none-eabi/14.3.1/thumb/v7-m/nofp\libgcc.a(_arm_cmpsf2.o)
                0x08000618                __gesf2
                0x08000618                __gtsf2
                0x08000620                __lesf2
                0x08000620                __ltsf2
                0x08000628                __nesf2
                0x08000628                __eqsf2
                0x08000628                __cmpsf2
                0x08000688                __aeabi_cfrcmple
                0x08000690                __aeabi_cfcmpeq
                0x08000690                __aeabi_cfcmple
                0x080006a0                __aeabi_fcmpeq
                0x080006b4                __aeabi_fcmplt
                0x080006c8                __aeabi_fcmple
                0x080006dc                __aeabi_fcmpge
                0x080006f0                __aeabi_fcmpgt
 .text          0x08000704       0x4c C:/ST/STM32CubeIDE_2.1.1/STM32CubeIDE/plugins/com.st.stm32cube.ide.mcu.externaltools.gnu-tools-for-stm32.14.3.rel1.win32_1.0.100.202602081740/tools/bin/../lib/gcc/arm-none-eabi/14.3.1/thumb/v7-m/nofp\libgcc.a(_arm_fixsfsi.o)
                0x08000704                __aeabi_f2iz
                0x08000704                __fixsfsi
 .text          0x08000750       0x40 C:/ST/STM32CubeIDE_2.1.1/STM32CubeIDE/plugins/com.st.stm32cube.ide.mcu.externaltools.gnu-tools-for-stm32.14.3.rel1.win32_1.0.100.202602081740/tools/bin/../lib/gcc/arm-none-eabi/14.3.1/thumb/v7-m/nofp\libgcc.a(_arm_fixunssfsi.o)
                0x08000750                __fixunssfsi
                0x08000750                __aeabi_f2uiz
 *(.text*)
 .text.Button_Init
                0x08000790       0x32 ./Core/Src/Button.o
                0x08000790                Button_Init
 .text.Button_Task
                0x080007c2       0xce ./Core/Src/Button.o
                0x080007c2                Button_Task
 .text.UI_Init  0x08000890       0x18 ./Core/Src/DisplayUI.o
                0x08000890                UI_Init
 .text.UI_PopupServo
                0x080008a8       0x34 ./Core/Src/DisplayUI.o
                0x080008a8                UI_PopupServo
 .text.UI_PopupMotor
                0x080008dc       0x44 ./Core/Src/DisplayUI.o
                0x080008dc                UI_PopupMotor
 .text.UI_ShortClick
                0x08000920       0x88 ./Core/Src/DisplayUI.o
                0x08000920                UI_ShortClick
 .text.UI_LongClick
                0x080009a8      0x134 ./Core/Src/DisplayUI.o
                0x080009a8                UI_LongClick
 .text.UI_AddLog
                0x08000adc       0xbc ./Core/Src/DisplayUI.o
                0x08000adc                UI_AddLog
 .text.UI_Render
                0x08000b98      0x804 ./Core/Src/DisplayUI.o
                0x08000b98                UI_Render
 .text.ESP01_SetWIFI
                0x0800139c       0x6c ./Core/Src/ESP01.o
                0x0800139c                ESP01_SetWIFI
 .text.ESP01_StartUDP
                0x08001408       0xac ./Core/Src/ESP01.o
                0x08001408                ESP01_StartUDP
 .text.ESP01_GetLocalIP
                0x080014b4       0x30 ./Core/Src/ESP01.o
                0x080014b4                ESP01_GetLocalIP
 .text.ESP01_StateUDPTCP
                0x080014e4       0x38 ./Core/Src/ESP01.o
                0x080014e4                ESP01_StateUDPTCP
 .text.ESP01_WriteRX
                0x0800151c       0x40 ./Core/Src/ESP01.o
                0x0800151c                ESP01_WriteRX
 .text.ESP01_Send
                0x0800155c      0x15c ./Core/Src/ESP01.o
                0x0800155c                ESP01_Send
 .text.ESP01_Init
                0x080016b8       0x78 ./Core/Src/ESP01.o
                0x080016b8                ESP01_Init
 .text.ESP01_Timeout10ms
                0x08001730       0x60 ./Core/Src/ESP01.o
                0x08001730                ESP01_Timeout10ms
 .text.ESP01_Task
                0x08001790       0x34 ./Core/Src/ESP01.o
                0x08001790                ESP01_Task
 .text.ESP01_AttachChangeState
                0x080017c4       0x1c ./Core/Src/ESP01.o
                0x080017c4                ESP01_AttachChangeState
 .text.ESP01_AttachDebugStr
                0x080017e0       0x1c ./Core/Src/ESP01.o
                0x080017e0                ESP01_AttachDebugStr
 .text.ESP01ATDecode
                0x080017fc      0x76c ./Core/Src/ESP01.o
 .text.ESP01DOConnection
                0x08001f68      0x414 ./Core/Src/ESP01.o
 .text.ESP01SENDData
                0x0800237c       0xf8 ./Core/Src/ESP01.o
 .text.ESP01StrToBufTX
                0x08002474       0x60 ./Core/Src/ESP01.o
 .text.ESP01ByteToBufTX
                0x080024d4       0x40 ./Core/Src/ESP01.o
 .text.OLED_Init
                0x08002514       0x64 ./Core/Src/OLED.o
                0x08002514                OLED_Init
 .text.OLED_Update
                0x08002578       0x34 ./Core/Src/OLED.o
                0x08002578                OLED_Update
 .text.OLED_Task
                0x080025ac       0x90 ./Core/Src/OLED.o
                0x080025ac                OLED_Task
 .text.OLED_DMA_Callback
                0x0800263c       0x34 ./Core/Src/OLED.o
                0x0800263c                OLED_DMA_Callback
 .text.OLED_Clear
                0x08002670       0x18 ./Core/Src/OLED.o
                0x08002670                OLED_Clear
 .text.OLED_DrawPixel
                0x08002688       0x94 ./Core/Src/OLED.o
                0x08002688                OLED_DrawPixel
 .text.OLED_DrawHLine
                0x0800271c       0x4e ./Core/Src/OLED.o
                0x0800271c                OLED_DrawHLine
 .text.OLED_DrawVLine
                0x0800276a       0x4e ./Core/Src/OLED.o
                0x0800276a                OLED_DrawVLine
 .text.OLED_DrawRect
                0x080027b8       0x6a ./Core/Src/OLED.o
                0x080027b8                OLED_DrawRect
 .text.OLED_FillRect
                0x08002822       0x50 ./Core/Src/OLED.o
                0x08002822                OLED_FillRect
 .text.OLED_DrawCircle
                0x08002872      0x160 ./Core/Src/OLED.o
                0x08002872                OLED_DrawCircle
 *fill*         0x080029d2        0x2 
 .text.OLED_PutChar
                0x080029d4      0x104 ./Core/Src/OLED.o
                0x080029d4                OLED_PutChar
 .text.OLED_Print
                0x08002ad8       0x5e ./Core/Src/OLED.o
                0x08002ad8                OLED_Print
 *fill*         0x08002b36        0x2 
 .text.Servo_Init
                0x08002b38       0x3c ./Core/Src/Servo.o
                0x08002b38                Servo_Init
 .text.Servo_Calibrate
                0x08002b74       0x26 ./Core/Src/Servo.o
                0x08002b74                Servo_Calibrate
 *fill*         0x08002b9a        0x2 
 .text.Servo_SetAngle
                0x08002b9c       0xa8 ./Core/Src/Servo.o
                0x08002b9c                Servo_SetAngle
 .text.Servo_Task
                0x08002c44      0x110 ./Core/Src/Servo.o
                0x08002c44                Servo_Task
 .text.Comandos_Parsear
                0x08002d54      0x374 ./Core/Src/comandos.o
                0x08002d54                Comandos_Parsear
 .text.Comandos_EnviarAlive
                0x080030c8       0x12 ./Core/Src/comandos.o
                0x080030c8                Comandos_EnviarAlive
 *fill*         0x080030da        0x2 
 .text.Comandos_ChequearTimeout
                0x080030dc       0x80 ./Core/Src/comandos.o
                0x080030dc                Comandos_ChequearTimeout
 .text.Comandos_EnviarTelemetria
                0x0800315c       0x44 ./Core/Src/comandos.o
                0x0800315c                Comandos_EnviarTelemetria
 .text.Comandos_FlushTx
                0x080031a0       0xb4 ./Core/Src/comandos.o
                0x080031a0                Comandos_FlushTx
 .text.HCSR04_Init
                0x08003254       0x4c ./Core/Src/hcsr04.o
                0x08003254                HCSR04_Init
 .text.HCSR04_Trigger
                0x080032a0       0x46 ./Core/Src/hcsr04.o
                0x080032a0                HCSR04_Trigger
 .text.HCSR04_TickISR
                0x080032e6       0x4e ./Core/Src/hcsr04.o
                0x080032e6                HCSR04_TickISR
 .text.HCSR04_UpdateFromISR
                0x08003334       0x40 ./Core/Src/hcsr04.o
                0x08003334                HCSR04_UpdateFromISR
 .text.HCSR04_EventHandler
                0x08003374       0x6e ./Core/Src/hcsr04.o
                0x08003374                HCSR04_EventHandler
 *fill*         0x080033e2        0x2 
 .text.Sensor_SetTrig
                0x080033e4       0x30 ./Core/Src/main.o
                0x080033e4                Sensor_SetTrig
 .text.Sensor_OnResult
                0x08003414       0x24 ./Core/Src/main.o
                0x08003414                Sensor_OnResult
 .text.ESP_CHPD_Ctrl
                0x08003438       0x2c ./Core/Src/main.o
                0x08003438                ESP_CHPD_Ctrl
 .text.ESP_WriteUART
                0x08003464       0x30 ./Core/Src/main.o
                0x08003464                ESP_WriteUART
 .text.ESP_ImprimirDebug
                0x08003494       0x3c ./Core/Src/main.o
                0x08003494                ESP_ImprimirDebug
 .text.ESP_EstadoCallback
                0x080034d0       0x50 ./Core/Src/main.o
                0x080034d0                ESP_EstadoCallback
 .text.ESP_RxPayload
                0x08003520       0x1a ./Core/Src/main.o
                0x08003520                ESP_RxPayload
 *fill*         0x0800353a        0x2 
 .text.I2C_EscribirComando
                0x0800353c       0x3c ./Core/Src/main.o
                0x0800353c                I2C_EscribirComando
 .text.I2C_EscribirDatosDMA
                0x08003578       0x38 ./Core/Src/main.o
                0x08003578                I2C_EscribirDatosDMA
 .text.Leer_SW0
                0x080035b0       0x18 ./Core/Src/main.o
                0x080035b0                Leer_SW0
 .text.STM32_SetServoPWM
                0x080035c8       0x20 ./Core/Src/main.o
                0x080035c8                STM32_SetServoPWM
 .text.main     0x080035e8      0x344 ./Core/Src/main.o
                0x080035e8                main
 .text.SystemClock_Config
                0x0800392c       0xb6 ./Core/Src/main.o
                0x0800392c                SystemClock_Config
 *fill*         0x080039e2        0x2 
 .text.MX_ADC1_Init
                0x080039e4       0xb8 ./Core/Src/main.o
 .text.MX_I2C1_Init
                0x08003a9c       0x5c ./Core/Src/main.o
 .text.MX_TIM1_Init
                0x08003af8      0x140 ./Core/Src/main.o
 .text.MX_TIM2_Init
                0x08003c38       0x98 ./Core/Src/main.o
 .text.MX_TIM3_Init
                0x08003cd0      0x104 ./Core/Src/main.o
 .text.MX_TIM4_Init
                0x08003dd4      0x100 ./Core/Src/main.o
 .text.MX_USART1_UART_Init
                0x08003ed4       0x54 ./Core/Src/main.o
 .text.MX_USART3_UART_Init
                0x08003f28       0x54 ./Core/Src/main.o
 .text.MX_DMA_Init
                0x08003f7c       0x4c ./Core/Src/main.o
 .text.MX_GPIO_Init
                0x08003fc8      0x14c ./Core/Src/main.o
 .text.HAL_ADC_ConvCpltCallback
                0x08004114       0x2c ./Core/Src/main.o
                0x08004114                HAL_ADC_ConvCpltCallback
 .text.HAL_I2C_MemTxCpltCallback
                0x08004140       0x24 ./Core/Src/main.o
                0x08004140                HAL_I2C_MemTxCpltCallback
 .text.HAL_UART_RxCpltCallback
                0x08004164       0x64 ./Core/Src/main.o
                0x08004164                HAL_UART_RxCpltCallback
 .text.HAL_UART_ErrorCallback
                0x080041c8       0x30 ./Core/Src/main.o
                0x080041c8                HAL_UART_ErrorCallback
 .text.HAL_GPIO_EXTI_Callback
                0x080041f8       0x44 ./Core/Src/main.o
                0x080041f8                HAL_GPIO_EXTI_Callback
 .text.Error_Handler
                0x0800423c        0xc ./Core/Src/main.o
                0x0800423c                Error_Handler
 .text.Protocolo_Init
                0x08004248       0x54 ./Core/Src/protocolo.o
                0x08004248                Protocolo_Init
 .text.Protocolo_SetCmdParser
                0x0800429c       0x1c ./Core/Src/protocolo.o
                0x0800429c                Protocolo_SetCmdParser
 .text.Decode   0x080042b8      0x1d0 ./Core/Src/protocolo.o
                0x080042b8                Decode
 .text.Encode   0x08004488      0x258 ./Core/Src/protocolo.o
                0x08004488                Encode
 .text.Protocolo_InjectRX
                0x080046e0       0x4c ./Core/Src/protocolo.o
                0x080046e0                Protocolo_InjectRX
 .text.Seguidor_GetNorm
                0x0800472c       0x9c ./Core/Src/seguidor.o
                0x0800472c                Seguidor_GetNorm
 .text.Seguidor_Girar
                0x080047c8       0x78 ./Core/Src/seguidor.o
                0x080047c8                Seguidor_Girar
 .text.Seguidor_Task
                0x08004840      0x460 ./Core/Src/seguidor.o
                0x08004840                Seguidor_Task
 .text.Seguidor_Init
                0x08004ca0       0x7c ./Core/Src/seguidor.o
                0x08004ca0                Seguidor_Init
 .text.Seguidor_Calibrar
                0x08004d1c       0x8c ./Core/Src/seguidor.o
                0x08004d1c                Seguidor_Calibrar
 .text.Seguidor_SetEstado
                0x08004da8       0x2c ./Core/Src/seguidor.o
                0x08004da8                Seguidor_SetEstado
 .text.HAL_MspInit
                0x08004dd4       0x64 ./Core/Src/stm32f1xx_hal_msp.o
                0x08004dd4                HAL_MspInit
 .text.HAL_ADC_MspInit
                0x08004e38       0xe0 ./Core/Src/stm32f1xx_hal_msp.o
                0x08004e38                HAL_ADC_MspInit
 .text.HAL_I2C_MspInit
                0x08004f18      0x114 ./Core/Src/stm32f1xx_hal_msp.o
                0x08004f18                HAL_I2C_MspInit
 .text.HAL_TIM_Base_MspInit
                0x0800502c       0xb0 ./Core/Src/stm32f1xx_hal_msp.o
                0x0800502c                HAL_TIM_Base_MspInit
 .text.HAL_TIM_MspPostInit
                0x080050dc       0xac ./Core/Src/stm32f1xx_hal_msp.o
                0x080050dc                HAL_TIM_MspPostInit
 .text.HAL_UART_MspInit
                0x08005188      0x120 ./Core/Src/stm32f1xx_hal_msp.o
                0x08005188                HAL_UART_MspInit
 .text.NMI_Handler
                0x080052a8        0x8 ./Core/Src/stm32f1xx_it.o
                0x080052a8                NMI_Handler
 .text.HardFault_Handler
                0x080052b0        0x8 ./Core/Src/stm32f1xx_it.o
                0x080052b0                HardFault_Handler
 .text.MemManage_Handler
                0x080052b8        0x8 ./Core/Src/stm32f1xx_it.o
                0x080052b8                MemManage_Handler
 .text.BusFault_Handler
                0x080052c0        0x8 ./Core/Src/stm32f1xx_it.o
                0x080052c0                BusFault_Handler
 .text.UsageFault_Handler
                0x080052c8        0x8 ./Core/Src/stm32f1xx_it.o
                0x080052c8                UsageFault_Handler
 .text.SVC_Handler
                0x080052d0        0xc ./Core/Src/stm32f1xx_it.o
                0x080052d0                SVC_Handler
 .text.DebugMon_Handler
                0x080052dc        0xc ./Core/Src/stm32f1xx_it.o
                0x080052dc                DebugMon_Handler
 .text.PendSV_Handler
                0x080052e8        0xc ./Core/Src/stm32f1xx_it.o
                0x080052e8                PendSV_Handler
 .text.SysTick_Handler
                0x080052f4        0xc ./Core/Src/stm32f1xx_it.o
                0x080052f4                SysTick_Handler
 .text.DMA1_Channel1_IRQHandler
                0x08005300       0x14 ./Core/Src/stm32f1xx_it.o
                0x08005300                DMA1_Channel1_IRQHandler
 .text.DMA1_Channel6_IRQHandler
                0x08005314       0x14 ./Core/Src/stm32f1xx_it.o
                0x08005314                DMA1_Channel6_IRQHandler
 .text.ADC1_2_IRQHandler
                0x08005328       0x14 ./Core/Src/stm32f1xx_it.o
                0x08005328                ADC1_2_IRQHandler
 .text.I2C1_EV_IRQHandler
                0x0800533c       0x14 ./Core/Src/stm32f1xx_it.o
                0x0800533c                I2C1_EV_IRQHandler
 .text.I2C1_ER_IRQHandler
                0x08005350       0x14 ./Core/Src/stm32f1xx_it.o
                0x08005350                I2C1_ER_IRQHandler
 .text.USART3_IRQHandler
                0x08005364       0x14 ./Core/Src/stm32f1xx_it.o
                0x08005364                USART3_IRQHandler
 .text.EXTI15_10_IRQHandler
                0x08005378       0x10 ./Core/Src/stm32f1xx_it.o
                0x08005378                EXTI15_10_IRQHandler
 .text._sbrk    0x08005388       0x6c ./Core/Src/sysmem.o
                0x08005388                _sbrk
 .text.SystemInit
                0x080053f4        0xc ./Core/Src/system_stm32f1xx.o
                0x080053f4                SystemInit
 .text.Reset_Handler
                0x08005400       0x48 ./Core/Startup/startup_stm32f103c8tx.o
                0x08005400                Reset_Handler
 .text.Default_Handler
                0x08005448        0x2 ./Core/Startup/startup_stm32f103c8tx.o
                0x08005448                RTC_Alarm_IRQHandler
                0x08005448                EXTI2_IRQHandler
                0x08005448                TIM1_CC_IRQHandler
                0x08005448                PVD_IRQHandler
                0x08005448                EXTI3_IRQHandler
                0x08005448                EXTI0_IRQHandler
                0x08005448                I2C2_EV_IRQHandler
                0x08005448                SPI1_IRQHandler
                0x08005448                TAMPER_IRQHandler
                0x08005448                DMA1_Channel4_IRQHandler
                0x08005448                RTC_IRQHandler
                0x08005448                DMA1_Channel7_IRQHandler
                0x08005448                CAN1_RX1_IRQHandler
                0x08005448                TIM4_IRQHandler
                0x08005448                TIM3_IRQHandler
                0x08005448                RCC_IRQHandler
                0x08005448                TIM1_TRG_COM_IRQHandler
                0x08005448                Default_Handler
                0x08005448                EXTI9_5_IRQHandler
                0x08005448                SPI2_IRQHandler
                0x08005448                DMA1_Channel5_IRQHandler
                0x08005448                EXTI4_IRQHandler
                0x08005448                USB_LP_CAN1_RX0_IRQHandler
                0x08005448                USB_HP_CAN1_TX_IRQHandler
                0x08005448                DMA1_Channel3_IRQHandler
                0x08005448                TIM1_UP_IRQHandler
                0x08005448                WWDG_IRQHandler
                0x08005448                TIM2_IRQHandler
                0x08005448                TIM1_BRK_IRQHandler
                0x08005448                EXTI1_IRQHandler
                0x08005448                USART2_IRQHandler
                0x08005448                I2C2_ER_IRQHandler
                0x08005448                DMA1_Channel2_IRQHandler
                0x08005448                CAN1_SCE_IRQHandler
                0x08005448                FLASH_IRQHandler
                0x08005448                USART1_IRQHandler
                0x08005448                USBWakeUp_IRQHandler
 *fill*         0x0800544a        0x2 
 .text.HAL_Init
                0x0800544c       0x2c ./Drivers/STM32F1xx_HAL_Driver/Src/stm32f1xx_hal.o
                0x0800544c                HAL_Init
 .text.HAL_InitTick
                0x08005478       0x60 ./Drivers/STM32F1xx_HAL_Driver/Src/stm32f1xx_hal.o
                0x08005478                HAL_InitTick
 .text.HAL_IncTick
                0x080054d8       0x24 ./Drivers/STM32F1xx_HAL_Driver/Src/stm32f1xx_hal.o
                0x080054d8                HAL_IncTick
 .text.HAL_GetTick
                0x080054fc       0x14 ./Drivers/STM32F1xx_HAL_Driver/Src/stm32f1xx_hal.o
                0x080054fc                HAL_GetTick
 .text.HAL_ADC_Init
                0x08005510      0x1b0 ./Drivers/STM32F1xx_HAL_Driver/Src/stm32f1xx_hal_adc.o
                0x08005510                HAL_ADC_Init
 .text.HAL_ADC_Start_DMA
                0x080056c0      0x1bc ./Drivers/STM32F1xx_HAL_Driver/Src/stm32f1xx_hal_adc.o
                0x080056c0                HAL_ADC_Start_DMA
 .text.HAL_ADC_IRQHandler
                0x0800587c      0x17e ./Drivers/STM32F1xx_HAL_Driver/Src/stm32f1xx_hal_adc.o
                0x0800587c                HAL_ADC_IRQHandler
 .text.HAL_ADC_ConvHalfCpltCallback
                0x080059fa       0x12 ./Drivers/STM32F1xx_HAL_Driver/Src/stm32f1xx_hal_adc.o
                0x080059fa                HAL_ADC_ConvHalfCpltCallback
 .text.HAL_ADC_LevelOutOfWindowCallback
                0x08005a0c       0x12 ./Drivers/STM32F1xx_HAL_Driver/Src/stm32f1xx_hal_adc.o
                0x08005a0c                HAL_ADC_LevelOutOfWindowCallback
 .text.HAL_ADC_ErrorCallback
                0x08005a1e       0x12 ./Drivers/STM32F1xx_HAL_Driver/Src/stm32f1xx_hal_adc.o
                0x08005a1e                HAL_ADC_ErrorCallback
 .text.HAL_ADC_ConfigChannel
                0x08005a30      0x1f0 ./Drivers/STM32F1xx_HAL_Driver/Src/stm32f1xx_hal_adc.o
                0x08005a30                HAL_ADC_ConfigChannel
 .text.ADC_Enable
                0x08005c20       0xb4 ./Drivers/STM32F1xx_HAL_Driver/Src/stm32f1xx_hal_adc.o
                0x08005c20                ADC_Enable
 .text.ADC_ConversionStop_Disable
                0x08005cd4       0x82 ./Drivers/STM32F1xx_HAL_Driver/Src/stm32f1xx_hal_adc.o
                0x08005cd4                ADC_ConversionStop_Disable
 .text.ADC_DMAConvCplt
                0x08005d56       0x7c ./Drivers/STM32F1xx_HAL_Driver/Src/stm32f1xx_hal_adc.o
                0x08005d56                ADC_DMAConvCplt
 .text.ADC_DMAHalfConvCplt
                0x08005dd2       0x1c ./Drivers/STM32F1xx_HAL_Driver/Src/stm32f1xx_hal_adc.o
                0x08005dd2                ADC_DMAHalfConvCplt
 .text.ADC_DMAError
                0x08005dee       0x34 ./Drivers/STM32F1xx_HAL_Driver/Src/stm32f1xx_hal_adc.o
                0x08005dee                ADC_DMAError
 .text.HAL_ADCEx_InjectedConvCpltCallback
                0x08005e22       0x12 ./Drivers/STM32F1xx_HAL_Driver/Src/stm32f1xx_hal_adc_ex.o
                0x08005e22                HAL_ADCEx_InjectedConvCpltCallback
 .text.__NVIC_SetPriorityGrouping
                0x08005e34       0x48 ./Drivers/STM32F1xx_HAL_Driver/Src/stm32f1xx_hal_cortex.o
 .text.__NVIC_GetPriorityGrouping
                0x08005e7c       0x1c ./Drivers/STM32F1xx_HAL_Driver/Src/stm32f1xx_hal_cortex.o
 .text.__NVIC_EnableIRQ
                0x08005e98       0x38 ./Drivers/STM32F1xx_HAL_Driver/Src/stm32f1xx_hal_cortex.o
 .text.__NVIC_SetPriority
                0x08005ed0       0x54 ./Drivers/STM32F1xx_HAL_Driver/Src/stm32f1xx_hal_cortex.o
 .text.NVIC_EncodePriority
                0x08005f24       0x64 ./Drivers/STM32F1xx_HAL_Driver/Src/stm32f1xx_hal_cortex.o
 .text.SysTick_Config
                0x08005f88       0x44 ./Drivers/STM32F1xx_HAL_Driver/Src/stm32f1xx_hal_cortex.o
 .text.HAL_NVIC_SetPriorityGrouping
                0x08005fcc       0x16 ./Drivers/STM32F1xx_HAL_Driver/Src/stm32f1xx_hal_cortex.o
                0x08005fcc                HAL_NVIC_SetPriorityGrouping
 .text.HAL_NVIC_SetPriority
                0x08005fe2       0x38 ./Drivers/STM32F1xx_HAL_Driver/Src/stm32f1xx_hal_cortex.o
                0x08005fe2                HAL_NVIC_SetPriority
 .text.HAL_NVIC_EnableIRQ
                0x0800601a       0x1c ./Drivers/STM32F1xx_HAL_Driver/Src/stm32f1xx_hal_cortex.o
                0x0800601a                HAL_NVIC_EnableIRQ
 .text.HAL_SYSTICK_Config
                0x08006036       0x18 ./Drivers/STM32F1xx_HAL_Driver/Src/stm32f1xx_hal_cortex.o
                0x08006036                HAL_SYSTICK_Config
 *fill*         0x0800604e        0x2 
 .text.HAL_DMA_Init
                0x08006050       0xb4 ./Drivers/STM32F1xx_HAL_Driver/Src/stm32f1xx_hal_dma.o
                0x08006050                HAL_DMA_Init
 .text.HAL_DMA_Start_IT
                0x08006104       0xc0 ./Drivers/STM32F1xx_HAL_Driver/Src/stm32f1xx_hal_dma.o
                0x08006104                HAL_DMA_Start_IT
 .text.HAL_DMA_Abort
                0x080061c4       0x76 ./Drivers/STM32F1xx_HAL_Driver/Src/stm32f1xx_hal_dma.o
                0x080061c4                HAL_DMA_Abort
 *fill*         0x0800623a        0x2 
 .text.HAL_DMA_Abort_IT
                0x0800623c       0xf0 ./Drivers/STM32F1xx_HAL_Driver/Src/stm32f1xx_hal_dma.o
                0x0800623c                HAL_DMA_Abort_IT
 .text.HAL_DMA_IRQHandler
                0x0800632c      0x20c ./Drivers/STM32F1xx_HAL_Driver/Src/stm32f1xx_hal_dma.o
                0x0800632c                HAL_DMA_IRQHandler
 .text.HAL_DMA_GetState
                0x08006538       0x1a ./Drivers/STM32F1xx_HAL_Driver/Src/stm32f1xx_hal_dma.o
                0x08006538                HAL_DMA_GetState
 .text.DMA_SetConfig
                0x08006552       0x5a ./Drivers/STM32F1xx_HAL_Driver/Src/stm32f1xx_hal_dma.o
 .text.HAL_GPIO_Init
                0x080065ac      0x308 ./Drivers/STM32F1xx_HAL_Driver/Src/stm32f1xx_hal_gpio.o
                0x080065ac                HAL_GPIO_Init
 .text.HAL_GPIO_ReadPin
                0x080068b4       0x2e ./Drivers/STM32F1xx_HAL_Driver/Src/stm32f1xx_hal_gpio.o
                0x080068b4                HAL_GPIO_ReadPin
 .text.HAL_GPIO_WritePin
                0x080068e2       0x30 ./Drivers/STM32F1xx_HAL_Driver/Src/stm32f1xx_hal_gpio.o
                0x080068e2                HAL_GPIO_WritePin
 *fill*         0x08006912        0x2 
 .text.HAL_GPIO_EXTI_IRQHandler
                0x08006914       0x30 ./Drivers/STM32F1xx_HAL_Driver/Src/stm32f1xx_hal_gpio.o
                0x08006914                HAL_GPIO_EXTI_IRQHandler
 .text.HAL_I2C_Init
                0x08006944      0x288 ./Drivers/STM32F1xx_HAL_Driver/Src/stm32f1xx_hal_i2c.o
                0x08006944                HAL_I2C_Init
 .text.I2C_Flush_DR
                0x08006bcc       0x28 ./Drivers/STM32F1xx_HAL_Driver/Src/stm32f1xx_hal_i2c.o
 .text.HAL_I2C_Mem_Write
                0x08006bf4      0x1f4 ./Drivers/STM32F1xx_HAL_Driver/Src/stm32f1xx_hal_i2c.o
                0x08006bf4                HAL_I2C_Mem_Write
 .text.HAL_I2C_Mem_Write_DMA
                0x08006de8      0x2ac ./Drivers/STM32F1xx_HAL_Driver/Src/stm32f1xx_hal_i2c.o
                0x08006de8                HAL_I2C_Mem_Write_DMA
 .text.HAL_I2C_EV_IRQHandler
                0x08007094      0x2e2 ./Drivers/STM32F1xx_HAL_Driver/Src/stm32f1xx_hal_i2c.o
                0x08007094                HAL_I2C_EV_IRQHandler
 .text.HAL_I2C_ER_IRQHandler
                0x08007376      0x15e ./Drivers/STM32F1xx_HAL_Driver/Src/stm32f1xx_hal_i2c.o
                0x08007376                HAL_I2C_ER_IRQHandler
 .text.HAL_I2C_MasterTxCpltCallback
                0x080074d4       0x12 ./Drivers/STM32F1xx_HAL_Driver/Src/stm32f1xx_hal_i2c.o
                0x080074d4                HAL_I2C_MasterTxCpltCallback
 .text.HAL_I2C_MasterRxCpltCallback
                0x080074e6       0x12 ./Drivers/STM32F1xx_HAL_Driver/Src/stm32f1xx_hal_i2c.o
                0x080074e6                HAL_I2C_MasterRxCpltCallback
 .text.HAL_I2C_SlaveTxCpltCallback
                0x080074f8       0x12 ./Drivers/STM32F1xx_HAL_Driver/Src/stm32f1xx_hal_i2c.o
                0x080074f8                HAL_I2C_SlaveTxCpltCallback
 .text.HAL_I2C_SlaveRxCpltCallback
                0x0800750a       0x12 ./Drivers/STM32F1xx_HAL_Driver/Src/stm32f1xx_hal_i2c.o
                0x0800750a                HAL_I2C_SlaveRxCpltCallback
 .text.HAL_I2C_AddrCallback
                0x0800751c       0x1a ./Drivers/STM32F1xx_HAL_Driver/Src/stm32f1xx_hal_i2c.o
                0x0800751c                HAL_I2C_AddrCallback
 .text.HAL_I2C_ListenCpltCallback
                0x08007536       0x12 ./Drivers/STM32F1xx_HAL_Driver/Src/stm32f1xx_hal_i2c.o
                0x08007536                HAL_I2C_ListenCpltCallback
 .text.HAL_I2C_MemRxCpltCallback
                0x08007548       0x12 ./Drivers/STM32F1xx_HAL_Driver/Src/stm32f1xx_hal_i2c.o
                0x08007548                HAL_I2C_MemRxCpltCallback
 .text.HAL_I2C_ErrorCallback
                0x0800755a       0x12 ./Drivers/STM32F1xx_HAL_Driver/Src/stm32f1xx_hal_i2c.o
                0x0800755a                HAL_I2C_ErrorCallback
 .text.HAL_I2C_AbortCpltCallback
                0x0800756c       0x12 ./Drivers/STM32F1xx_HAL_Driver/Src/stm32f1xx_hal_i2c.o
                0x0800756c                HAL_I2C_AbortCpltCallback
 .text.I2C_MasterTransmit_TXE
                0x0800757e      0x138 ./Drivers/STM32F1xx_HAL_Driver/Src/stm32f1xx_hal_i2c.o
 .text.I2C_MasterTransmit_BTF
                0x080076b6       0xec ./Drivers/STM32F1xx_HAL_Driver/Src/stm32f1xx_hal_i2c.o
 .text.I2C_MemoryTransmit_TXE_BTF
                0x080077a2      0x130 ./Drivers/STM32F1xx_HAL_Driver/Src/stm32f1xx_hal_i2c.o
 .text.I2C_MasterReceive_RXNE
                0x080078d2      0x190 ./Drivers/STM32F1xx_HAL_Driver/Src/stm32f1xx_hal_i2c.o
 .text.I2C_MasterReceive_BTF
                0x08007a62      0x1e2 ./Drivers/STM32F1xx_HAL_Driver/Src/stm32f1xx_hal_i2c.o
 .text.I2C_Master_SB
                0x08007c44      0x10a ./Drivers/STM32F1xx_HAL_Driver/Src/stm32f1xx_hal_i2c.o
 .text.I2C_Master_ADD10
                0x08007d4e       0x52 ./Drivers/STM32F1xx_HAL_Driver/Src/stm32f1xx_hal_i2c.o
 .text.I2C_Master_ADDR
                0x08007da0      0x336 ./Drivers/STM32F1xx_HAL_Driver/Src/stm32f1xx_hal_i2c.o
 .text.I2C_SlaveTransmit_TXE
                0x080080d6       0x7a ./Drivers/STM32F1xx_HAL_Driver/Src/stm32f1xx_hal_i2c.o
 .text.I2C_SlaveTransmit_BTF
                0x08008150       0x40 ./Drivers/STM32F1xx_HAL_Driver/Src/stm32f1xx_hal_i2c.o
 .text.I2C_SlaveReceive_RXNE
                0x08008190       0x7c ./Drivers/STM32F1xx_HAL_Driver/Src/stm32f1xx_hal_i2c.o
 .text.I2C_SlaveReceive_BTF
                0x0800820c       0x42 ./Drivers/STM32F1xx_HAL_Driver/Src/stm32f1xx_hal_i2c.o
 .text.I2C_Slave_ADDR
                0x0800824e       0x94 ./Drivers/STM32F1xx_HAL_Driver/Src/stm32f1xx_hal_i2c.o
 *fill*         0x080082e2        0x2 
 .text.I2C_Slave_STOPF
                0x080082e4      0x260 ./Drivers/STM32F1xx_HAL_Driver/Src/stm32f1xx_hal_i2c.o
 .text.I2C_Slave_AF
                0x08008544       0xe8 ./Drivers/STM32F1xx_HAL_Driver/Src/stm32f1xx_hal_i2c.o
 .text.I2C_ITError
                0x0800862c      0x264 ./Drivers/STM32F1xx_HAL_Driver/Src/stm32f1xx_hal_i2c.o
 .text.I2C_RequestMemoryWrite
                0x08008890      0x12c ./Drivers/STM32F1xx_HAL_Driver/Src/stm32f1xx_hal_i2c.o
 .text.I2C_DMAXferCplt
                0x080089bc      0x1be ./Drivers/STM32F1xx_HAL_Driver/Src/stm32f1xx_hal_i2c.o
 .text.I2C_DMAError
                0x08008b7a       0x6e ./Drivers/STM32F1xx_HAL_Driver/Src/stm32f1xx_hal_i2c.o
 .text.I2C_DMAAbort
                0x08008be8      0x150 ./Drivers/STM32F1xx_HAL_Driver/Src/stm32f1xx_hal_i2c.o
 .text.I2C_WaitOnFlagUntilTimeout
                0x08008d38       0xf4 ./Drivers/STM32F1xx_HAL_Driver/Src/stm32f1xx_hal_i2c.o
 .text.I2C_WaitOnMasterAddressFlagUntilTimeout
                0x08008e2c      0x140 ./Drivers/STM32F1xx_HAL_Driver/Src/stm32f1xx_hal_i2c.o
 .text.I2C_WaitOnTXEFlagUntilTimeout
                0x08008f6c       0x90 ./Drivers/STM32F1xx_HAL_Driver/Src/stm32f1xx_hal_i2c.o
 .text.I2C_WaitOnBTFFlagUntilTimeout
                0x08008ffc       0x90 ./Drivers/STM32F1xx_HAL_Driver/Src/stm32f1xx_hal_i2c.o
 .text.I2C_WaitOnSTOPRequestThroughIT
                0x0800908c       0x64 ./Drivers/STM32F1xx_HAL_Driver/Src/stm32f1xx_hal_i2c.o
 .text.I2C_IsAcknowledgeFailed
                0x080090f0       0x5c ./Drivers/STM32F1xx_HAL_Driver/Src/stm32f1xx_hal_i2c.o
 .text.I2C_ConvertOtherXferOptions
                0x0800914c       0x34 ./Drivers/STM32F1xx_HAL_Driver/Src/stm32f1xx_hal_i2c.o
 .text.HAL_RCC_OscConfig
                0x08009180      0x504 ./Drivers/STM32F1xx_HAL_Driver/Src/stm32f1xx_hal_rcc.o
                0x08009180                HAL_RCC_OscConfig
 .text.HAL_RCC_ClockConfig
                0x08009684      0x1d4 ./Drivers/STM32F1xx_HAL_Driver/Src/stm32f1xx_hal_rcc.o
                0x08009684                HAL_RCC_ClockConfig
 .text.HAL_RCC_GetSysClockFreq
                0x08009858       0xa8 ./Drivers/STM32F1xx_HAL_Driver/Src/stm32f1xx_hal_rcc.o
                0x08009858                HAL_RCC_GetSysClockFreq
 .text.HAL_RCC_GetHCLKFreq
                0x08009900       0x14 ./Drivers/STM32F1xx_HAL_Driver/Src/stm32f1xx_hal_rcc.o
                0x08009900                HAL_RCC_GetHCLKFreq
 .text.HAL_RCC_GetPCLK1Freq
                0x08009914       0x28 ./Drivers/STM32F1xx_HAL_Driver/Src/stm32f1xx_hal_rcc.o
                0x08009914                HAL_RCC_GetPCLK1Freq
 .text.HAL_RCC_GetPCLK2Freq
                0x0800993c       0x28 ./Drivers/STM32F1xx_HAL_Driver/Src/stm32f1xx_hal_rcc.o
                0x0800993c                HAL_RCC_GetPCLK2Freq
 .text.RCC_Delay
                0x08009964       0x3c ./Drivers/STM32F1xx_HAL_Driver/Src/stm32f1xx_hal_rcc.o
 .text.HAL_RCCEx_PeriphCLKConfig
                0x080099a0      0x16c ./Drivers/STM32F1xx_HAL_Driver/Src/stm32f1xx_hal_rcc_ex.o
                0x080099a0                HAL_RCCEx_PeriphCLKConfig
 .text.HAL_TIM_Base_Init
                0x08009b0c       0x9e ./Drivers/STM32F1xx_HAL_Driver/Src/stm32f1xx_hal_tim.o
                0x08009b0c                HAL_TIM_Base_Init
 *fill*         0x08009baa        0x2 
 .text.HAL_TIM_Base_Start
                0x08009bac       0x94 ./Drivers/STM32F1xx_HAL_Driver/Src/stm32f1xx_hal_tim.o
                0x08009bac                HAL_TIM_Base_Start
 .text.HAL_TIM_OC_Init
                0x08009c40       0x9e ./Drivers/STM32F1xx_HAL_Driver/Src/stm32f1xx_hal_tim.o
                0x08009c40                HAL_TIM_OC_Init
 .text.HAL_TIM_OC_MspInit
                0x08009cde       0x12 ./Drivers/STM32F1xx_HAL_Driver/Src/stm32f1xx_hal_tim.o
                0x08009cde                HAL_TIM_OC_MspInit
 .text.HAL_TIM_OC_Start
                0x08009cf0      0x144 ./Drivers/STM32F1xx_HAL_Driver/Src/stm32f1xx_hal_tim.o
                0x08009cf0                HAL_TIM_OC_Start
 .text.HAL_TIM_PWM_Init
                0x08009e34       0x9e ./Drivers/STM32F1xx_HAL_Driver/Src/stm32f1xx_hal_tim.o
                0x08009e34                HAL_TIM_PWM_Init
 .text.HAL_TIM_PWM_MspInit
                0x08009ed2       0x12 ./Drivers/STM32F1xx_HAL_Driver/Src/stm32f1xx_hal_tim.o
                0x08009ed2                HAL_TIM_PWM_MspInit
 .text.HAL_TIM_PWM_Start
                0x08009ee4      0x144 ./Drivers/STM32F1xx_HAL_Driver/Src/stm32f1xx_hal_tim.o
                0x08009ee4                HAL_TIM_PWM_Start
 .text.HAL_TIM_OC_ConfigChannel
                0x0800a028       0xb8 ./Drivers/STM32F1xx_HAL_Driver/Src/stm32f1xx_hal_tim.o
                0x0800a028                HAL_TIM_OC_ConfigChannel
 .text.HAL_TIM_PWM_ConfigChannel
                0x0800a0e0      0x184 ./Drivers/STM32F1xx_HAL_Driver/Src/stm32f1xx_hal_tim.o
                0x0800a0e0                HAL_TIM_PWM_ConfigChannel
 .text.HAL_TIM_ConfigClockSource
                0x0800a264      0x18e ./Drivers/STM32F1xx_HAL_Driver/Src/stm32f1xx_hal_tim.o
                0x0800a264                HAL_TIM_ConfigClockSource
 *fill*         0x0800a3f2        0x2 
 .text.TIM_Base_SetConfig
                0x0800a3f4       0xdc ./Drivers/STM32F1xx_HAL_Driver/Src/stm32f1xx_hal_tim.o
                0x0800a3f4                TIM_Base_SetConfig
 .text.TIM_OC1_SetConfig
                0x0800a4d0       0xcc ./Drivers/STM32F1xx_HAL_Driver/Src/stm32f1xx_hal_tim.o
 .text.TIM_OC2_SetConfig
                0x0800a59c       0xd4 ./Drivers/STM32F1xx_HAL_Driver/Src/stm32f1xx_hal_tim.o
                0x0800a59c                TIM_OC2_SetConfig
 .text.TIM_OC3_SetConfig
                0x0800a670       0xd4 ./Drivers/STM32F1xx_HAL_Driver/Src/stm32f1xx_hal_tim.o
 .text.TIM_OC4_SetConfig
                0x0800a744       0x9c ./Drivers/STM32F1xx_HAL_Driver/Src/stm32f1xx_hal_tim.o
 .text.TIM_TI1_ConfigInputStage
                0x0800a7e0       0x5c ./Drivers/STM32F1xx_HAL_Driver/Src/stm32f1xx_hal_tim.o
 .text.TIM_TI2_ConfigInputStage
                0x0800a83c       0x5e ./Drivers/STM32F1xx_HAL_Driver/Src/stm32f1xx_hal_tim.o
 .text.TIM_ITRx_SetConfig
                0x0800a89a       0x34 ./Drivers/STM32F1xx_HAL_Driver/Src/stm32f1xx_hal_tim.o
 .text.TIM_ETR_SetConfig
                0x0800a8ce       0x3e ./Drivers/STM32F1xx_HAL_Driver/Src/stm32f1xx_hal_tim.o
                0x0800a8ce                TIM_ETR_SetConfig
 .text.TIM_CCxChannelCmd
                0x0800a90c       0x48 ./Drivers/STM32F1xx_HAL_Driver/Src/stm32f1xx_hal_tim.o
                0x0800a90c                TIM_CCxChannelCmd
 .text.HAL_TIMEx_MasterConfigSynchronization
                0x0800a954       0xbc ./Drivers/STM32F1xx_HAL_Driver/Src/stm32f1xx_hal_tim_ex.o
                0x0800a954                HAL_TIMEx_MasterConfigSynchronization
 .text.HAL_TIMEx_ConfigBreakDeadTime
                0x0800aa10       0xa2 ./Drivers/STM32F1xx_HAL_Driver/Src/stm32f1xx_hal_tim_ex.o
                0x0800aa10                HAL_TIMEx_ConfigBreakDeadTime
 .text.HAL_UART_Init
                0x0800aab2       0xa0 ./Drivers/STM32F1xx_HAL_Driver/Src/stm32f1xx_hal_uart.o
                0x0800aab2                HAL_UART_Init
 .text.HAL_UART_Transmit
                0x0800ab52      0x116 ./Drivers/STM32F1xx_HAL_Driver/Src/stm32f1xx_hal_uart.o
                0x0800ab52                HAL_UART_Transmit
 .text.HAL_UART_Receive_IT
                0x0800ac68       0x4a ./Drivers/STM32F1xx_HAL_Driver/Src/stm32f1xx_hal_uart.o
                0x0800ac68                HAL_UART_Receive_IT
 *fill*         0x0800acb2        0x2 
 .text.HAL_UART_IRQHandler
                0x0800acb4      0x524 ./Drivers/STM32F1xx_HAL_Driver/Src/stm32f1xx_hal_uart.o
                0x0800acb4                HAL_UART_IRQHandler
 .text.HAL_UART_TxCpltCallback
                0x0800b1d8       0x12 ./Drivers/STM32F1xx_HAL_Driver/Src/stm32f1xx_hal_uart.o
                0x0800b1d8                HAL_UART_TxCpltCallback
 .text.HAL_UARTEx_RxEventCallback
                0x0800b1ea       0x16 ./Drivers/STM32F1xx_HAL_Driver/Src/stm32f1xx_hal_uart.o
                0x0800b1ea                HAL_UARTEx_RxEventCallback
 .text.UART_WaitOnFlagUntilTimeout
                0x0800b200       0xb2 ./Drivers/STM32F1xx_HAL_Driver/Src/stm32f1xx_hal_uart.o
 .text.UART_Start_Receive_IT
                0x0800b2b2       0x72 ./Drivers/STM32F1xx_HAL_Driver/Src/stm32f1xx_hal_uart.o
                0x0800b2b2                UART_Start_Receive_IT
 .text.UART_EndRxTransfer
                0x0800b324       0xc4 ./Drivers/STM32F1xx_HAL_Driver/Src/stm32f1xx_hal_uart.o
 .text.UART_DMAAbortOnError
                0x0800b3e8       0x28 ./Drivers/STM32F1xx_HAL_Driver/Src/stm32f1xx_hal_uart.o
 .text.UART_Transmit_IT
                0x0800b410       0x9e ./Drivers/STM32F1xx_HAL_Driver/Src/stm32f1xx_hal_uart.o
 .text.UART_EndTransmit_IT
                0x0800b4ae       0x30 ./Drivers/STM32F1xx_HAL_Driver/Src/stm32f1xx_hal_uart.o
 .text.UART_Receive_IT
                0x0800b4de      0x17c ./Drivers/STM32F1xx_HAL_Driver/Src/stm32f1xx_hal_uart.o
 *fill*         0x0800b65a        0x2 
 .text.UART_SetConfig
                0x0800b65c      0x11c ./Drivers/STM32F1xx_HAL_Driver/Src/stm32f1xx_hal_uart.o
 .text.__itoa   0x0800b778       0x30 C:/ST/STM32CubeIDE_2.1.1/STM32CubeIDE/plugins/com.st.stm32cube.ide.mcu.externaltools.gnu-tools-for-stm32.14.3.rel1.win32_1.0.100.202602081740/tools/bin/../lib/gcc/arm-none-eabi/14.3.1/../../../../arm-none-eabi/lib/thumb/v7-m/nofp\libc_nano.a(libc_a-itoa.o)
                0x0800b778                __itoa
 .text.itoa     0x0800b7a8        0x4 C:/ST/STM32CubeIDE_2.1.1/STM32CubeIDE/plugins/com.st.stm32cube.ide.mcu.externaltools.gnu-tools-for-stm32.14.3.rel1.win32_1.0.100.202602081740/tools/bin/../lib/gcc/arm-none-eabi/14.3.1/../../../../arm-none-eabi/lib/thumb/v7-m/nofp\libc_nano.a(libc_a-itoa.o)
                0x0800b7a8                itoa
 .text.__utoa   0x0800b7ac       0x84 C:/ST/STM32CubeIDE_2.1.1/STM32CubeIDE/plugins/com.st.stm32cube.ide.mcu.externaltools.gnu-tools-for-stm32.14.3.rel1.win32_1.0.100.202602081740/tools/bin/../lib/gcc/arm-none-eabi/14.3.1/../../../../arm-none-eabi/lib/thumb/v7-m/nofp\libc_nano.a(libc_a-utoa.o)
                0x0800b7ac                __utoa
 .text.sprintf  0x0800b830       0x44 C:/ST/STM32CubeIDE_2.1.1/STM32CubeIDE/plugins/com.st.stm32cube.ide.mcu.externaltools.gnu-tools-for-stm32.14.3.rel1.win32_1.0.100.202602081740/tools/bin/../lib/gcc/arm-none-eabi/14.3.1/../../../../arm-none-eabi/lib/thumb/v7-m/nofp\libc_nano.a(libc_a-sprintf.o)
                0x0800b830                siprintf
                0x0800b830                sprintf
 .text.memset   0x0800b874       0x10 C:/ST/STM32CubeIDE_2.1.1/STM32CubeIDE/plugins/com.st.stm32cube.ide.mcu.externaltools.gnu-tools-for-stm32.14.3.rel1.win32_1.0.100.202602081740/tools/bin/../lib/gcc/arm-none-eabi/14.3.1/../../../../arm-none-eabi/lib/thumb/v7-m/nofp\libc_nano.a(libc_a-memset.o)
                0x0800b874                memset
 .text.strncpy  0x0800b884       0x26 C:/ST/STM32CubeIDE_2.1.1/STM32CubeIDE/plugins/com.st.stm32cube.ide.mcu.externaltools.gnu-tools-for-stm32.14.3.rel1.win32_1.0.100.202602081740/tools/bin/../lib/gcc/arm-none-eabi/14.3.1/../../../../arm-none-eabi/lib/thumb/v7-m/nofp\libc_nano.a(libc_a-strncpy.o)
                0x0800b884                strncpy
 *fill*         0x0800b8aa        0x2 
 .text.__errno  0x0800b8ac        0xc C:/ST/STM32CubeIDE_2.1.1/STM32CubeIDE/plugins/com.st.stm32cube.ide.mcu.externaltools.gnu-tools-for-stm32.14.3.rel1.win32_1.0.100.202602081740/tools/bin/../lib/gcc/arm-none-eabi/14.3.1/../../../../arm-none-eabi/lib/thumb/v7-m/nofp\libc_nano.a(libc_a-errno.o)
                0x0800b8ac                __errno
 .text.__libc_init_array
                0x0800b8b8       0x48 C:/ST/STM32CubeIDE_2.1.1/STM32CubeIDE/plugins/com.st.stm32cube.ide.mcu.externaltools.gnu-tools-for-stm32.14.3.rel1.win32_1.0.100.202602081740/tools/bin/../lib/gcc/arm-none-eabi/14.3.1/../../../../arm-none-eabi/lib/thumb/v7-m/nofp\libc_nano.a(libc_a-init.o)
                0x0800b8b8                __libc_init_array
 .text.__retarget_lock_acquire_recursive
                0x0800b900        0x2 C:/ST/STM32CubeIDE_2.1.1/STM32CubeIDE/plugins/com.st.stm32cube.ide.mcu.externaltools.gnu-tools-for-stm32.14.3.rel1.win32_1.0.100.202602081740/tools/bin/../lib/gcc/arm-none-eabi/14.3.1/../../../../arm-none-eabi/lib/thumb/v7-m/nofp\libc_nano.a(libc_a-lock.o)
                0x0800b900                __retarget_lock_acquire_recursive
 .text.__retarget_lock_release_recursive
                0x0800b902        0x2 C:/ST/STM32CubeIDE_2.1.1/STM32CubeIDE/plugins/com.st.stm32cube.ide.mcu.externaltools.gnu-tools-for-stm32.14.3.rel1.win32_1.0.100.202602081740/tools/bin/../lib/gcc/arm-none-eabi/14.3.1/../../../../arm-none-eabi/lib/thumb/v7-m/nofp\libc_nano.a(libc_a-lock.o)
                0x0800b902                __retarget_lock_release_recursive
 .text.strcpy   0x0800b904       0x10 C:/ST/STM32CubeIDE_2.1.1/STM32CubeIDE/plugins/com.st.stm32cube.ide.mcu.externaltools.gnu-tools-for-stm32.14.3.rel1.win32_1.0.100.202602081740/tools/bin/../lib/gcc/arm-none-eabi/14.3.1/../../../../arm-none-eabi/lib/thumb/v7-m/nofp\libc_nano.a(libc_a-strcpy.o)
                0x0800b904                strcpy
 .text.memcpy   0x0800b914       0x1c C:/ST/STM32CubeIDE_2.1.1/STM32CubeIDE/plugins/com.st.stm32cube.ide.mcu.externaltools.gnu-tools-for-stm32.14.3.rel1.win32_1.0.100.202602081740/tools/bin/../lib/gcc/arm-none-eabi/14.3.1/../../../../arm-none-eabi/lib/thumb/v7-m/nofp\libc_nano.a(libc_a-memcpy-stub.o)
                0x0800b914                memcpy
 .text._free_r  0x0800b930       0x90 C:/ST/STM32CubeIDE_2.1.1/STM32CubeIDE/plugins/com.st.stm32cube.ide.mcu.externaltools.gnu-tools-for-stm32.14.3.rel1.win32_1.0.100.202602081740/tools/bin/../lib/gcc/arm-none-eabi/14.3.1/../../../../arm-none-eabi/lib/thumb/v7-m/nofp\libc_nano.a(libc_a-freer.o)
                0x0800b930                _free_r
 .text.sbrk_aligned
                0x0800b9c0       0x44 C:/ST/STM32CubeIDE_2.1.1/STM32CubeIDE/plugins/com.st.stm32cube.ide.mcu.externaltools.gnu-tools-for-stm32.14.3.rel1.win32_1.0.100.202602081740/tools/bin/../lib/gcc/arm-none-eabi/14.3.1/../../../../arm-none-eabi/lib/thumb/v7-m/nofp\libc_nano.a(libc_a-mallocr.o)
 .text._malloc_r
                0x0800ba04      0x100 C:/ST/STM32CubeIDE_2.1.1/STM32CubeIDE/plugins/com.st.stm32cube.ide.mcu.externaltools.gnu-tools-for-stm32.14.3.rel1.win32_1.0.100.202602081740/tools/bin/../lib/gcc/arm-none-eabi/14.3.1/../../../../arm-none-eabi/lib/thumb/v7-m/nofp\libc_nano.a(libc_a-mallocr.o)
                0x0800ba04                _malloc_r
 .text.__malloc_lock
                0x0800bb04        0xc C:/ST/STM32CubeIDE_2.1.1/STM32CubeIDE/plugins/com.st.stm32cube.ide.mcu.externaltools.gnu-tools-for-stm32.14.3.rel1.win32_1.0.100.202602081740/tools/bin/../lib/gcc/arm-none-eabi/14.3.1/../../../../arm-none-eabi/lib/thumb/v7-m/nofp\libc_nano.a(libc_a-mlock.o)
                0x0800bb04                __malloc_lock
 .text.__malloc_unlock
                0x0800bb10        0xc C:/ST/STM32CubeIDE_2.1.1/STM32CubeIDE/plugins/com.st.stm32cube.ide.mcu.externaltools.gnu-tools-for-stm32.14.3.rel1.win32_1.0.100.202602081740/tools/bin/../lib/gcc/arm-none-eabi/14.3.1/../../../../arm-none-eabi/lib/thumb/v7-m/nofp\libc_nano.a(libc_a-mlock.o)
                0x0800bb10                __malloc_unlock
 .text.__ssputs_r
                0x0800bb1c       0xc0 C:/ST/STM32CubeIDE_2.1.1/STM32CubeIDE/plugins/com.st.stm32cube.ide.mcu.externaltools.gnu-tools-for-stm32.14.3.rel1.win32_1.0.100.202602081740/tools/bin/../lib/gcc/arm-none-eabi/14.3.1/../../../../arm-none-eabi/lib/thumb/v7-m/nofp\libc_nano.a(libc_a-nano-svfprintf.o)
                0x0800bb1c                __ssputs_r
 .text._svfprintf_r
                0x0800bbdc      0x1f0 C:/ST/STM32CubeIDE_2.1.1/STM32CubeIDE/plugins/com.st.stm32cube.ide.mcu.externaltools.gnu-tools-for-stm32.14.3.rel1.win32_1.0.100.202602081740/tools/bin/../lib/gcc/arm-none-eabi/14.3.1/../../../../arm-none-eabi/lib/thumb/v7-m/nofp\libc_nano.a(libc_a-nano-svfprintf.o)
                0x0800bbdc                _svfiprintf_r
                0x0800bbdc                _svfprintf_r
 .text._printf_common
                0x0800bdcc       0xe4 C:/ST/STM32CubeIDE_2.1.1/STM32CubeIDE/plugins/com.st.stm32cube.ide.mcu.externaltools.gnu-tools-for-stm32.14.3.rel1.win32_1.0.100.202602081740/tools/bin/../lib/gcc/arm-none-eabi/14.3.1/../../../../arm-none-eabi/lib/thumb/v7-m/nofp\libc_nano.a(libc_a-nano-vfprintf_i.o)
                0x0800bdcc                _printf_common
 .text._printf_i
                0x0800beb0      0x24c C:/ST/STM32CubeIDE_2.1.1/STM32CubeIDE/plugins/com.st.stm32cube.ide.mcu.externaltools.gnu-tools-for-stm32.14.3.rel1.win32_1.0.100.202602081740/tools/bin/../lib/gcc/arm-none-eabi/14.3.1/../../../../arm-none-eabi/lib/thumb/v7-m/nofp\libc_nano.a(libc_a-nano-vfprintf_i.o)
                0x0800beb0                _printf_i
 .text.memmove  0x0800c0fc       0x32 C:/ST/STM32CubeIDE_2.1.1/STM32CubeIDE/plugins/com.st.stm32cube.ide.mcu.externaltools.gnu-tools-for-stm32.14.3.rel1.win32_1.0.100.202602081740/tools/bin/../lib/gcc/arm-none-eabi/14.3.1/../../../../arm-none-eabi/lib/thumb/v7-m/nofp\libc_nano.a(libc_a-memmove.o)
                0x0800c0fc                memmove
 *fill*         0x0800c12e        0x2 
 .text._sbrk_r  0x0800c130       0x20 C:/ST/STM32CubeIDE_2.1.1/STM32CubeIDE/plugins/com.st.stm32cube.ide.mcu.externaltools.gnu-tools-for-stm32.14.3.rel1.win32_1.0.100.202602081740/tools/bin/../lib/gcc/arm-none-eabi/14.3.1/../../../../arm-none-eabi/lib/thumb/v7-m/nofp\libc_nano.a(libc_a-sbrkr.o)
                0x0800c130                _sbrk_r
 .text.memchr   0x0800c150       0x1c C:/ST/STM32CubeIDE_2.1.1/STM32CubeIDE/plugins/com.st.stm32cube.ide.mcu.externaltools.gnu-tools-for-stm32.14.3.rel1.win32_1.0.100.202602081740/tools/bin/../lib/gcc/arm-none-eabi/14.3.1/../../../../arm-none-eabi/lib/thumb/v7-m/nofp\libc_nano.a(libc_a-memchr-stub.o)
                0x0800c150                memchr
 .text._realloc_r
                0x0800c16c       0x5c C:/ST/STM32CubeIDE_2.1.1/STM32CubeIDE/plugins/com.st.stm32cube.ide.mcu.externaltools.gnu-tools-for-stm32.14.3.rel1.win32_1.0.100.202602081740/tools/bin/../lib/gcc/arm-none-eabi/14.3.1/../../../../arm-none-eabi/lib/thumb/v7-m/nofp\libc_nano.a(libc_a-reallocr.o)
                0x0800c16c                _realloc_r
 .text._malloc_usable_size_r
                0x0800c1c8       0x10 C:/ST/STM32CubeIDE_2.1.1/STM32CubeIDE/plugins/com.st.stm32cube.ide.mcu.externaltools.gnu-tools-for-stm32.14.3.rel1.win32_1.0.100.202602081740/tools/bin/../lib/gcc/arm-none-eabi/14.3.1/../../../../arm-none-eabi/lib/thumb/v7-m/nofp\libc_nano.a(libc_a-msizer.o)
                0x0800c1c8                _malloc_usable_size_r
 *(.glue_7)
 .glue_7        0x0800c1d8        0x0 linker stubs
 *(.glue_7t)
 .glue_7t       0x0800c1d8        0x0 linker stubs
 *(.eh_frame)
 .eh_frame      0x0800c1d8        0x0 C:/ST/STM32CubeIDE_2.1.1/STM32CubeIDE/plugins/com.st.stm32cube.ide.mcu.externaltools.gnu-tools-for-stm32.14.3.rel1.win32_1.0.100.202602081740/tools/bin/../lib/gcc/arm-none-eabi/14.3.1/thumb/v7-m/nofp/crtbegin.o
 *(.init)
 .init          0x0800c1d8        0x4 C:/ST/STM32CubeIDE_2.1.1/STM32CubeIDE/plugins/com.st.stm32cube.ide.mcu.externaltools.gnu-tools-for-stm32.14.3.rel1.win32_1.0.100.202602081740/tools/bin/../lib/gcc/arm-none-eabi/14.3.1/thumb/v7-m/nofp/crti.o
                0x0800c1d8                _init
 .init          0x0800c1dc        0x8 C:/ST/STM32CubeIDE_2.1.1/STM32CubeIDE/plugins/com.st.stm32cube.ide.mcu.externaltools.gnu-tools-for-stm32.14.3.rel1.win32_1.0.100.202602081740/tools/bin/../lib/gcc/arm-none-eabi/14.3.1/thumb/v7-m/nofp/crtn.o
 *(.fini)
 .fini          0x0800c1e4        0x4 C:/ST/STM32CubeIDE_2.1.1/STM32CubeIDE/plugins/com.st.stm32cube.ide.mcu.externaltools.gnu-tools-for-stm32.14.3.rel1.win32_1.0.100.202602081740/tools/bin/../lib/gcc/arm-none-eabi/14.3.1/thumb/v7-m/nofp/crti.o
                0x0800c1e4                _fini
 .fini          0x0800c1e8        0x8 C:/ST/STM32CubeIDE_2.1.1/STM32CubeIDE/plugins/com.st.stm32cube.ide.mcu.externaltools.gnu-tools-for-stm32.14.3.rel1.win32_1.0.100.202602081740/tools/bin/../lib/gcc/arm-none-eabi/14.3.1/thumb/v7-m/nofp/crtn.o
                0x0800c1f0                        . = ALIGN (0x4)
                0x0800c1f0                        _etext = .

.vfp11_veneer   0x0800c1f0        0x0
 .vfp11_veneer  0x0800c1f0        0x0 linker stubs

.v4_bx          0x0800c1f0        0x0
 .v4_bx         0x0800c1f0        0x0 linker stubs

.iplt           0x0800c1f0        0x0
 .iplt          0x0800c1f0        0x0 C:/ST/STM32CubeIDE_2.1.1/STM32CubeIDE/plugins/com.st.stm32cube.ide.mcu.externaltools.gnu-tools-for-stm32.14.3.rel1.win32_1.0.100.202602081740/tools/bin/../lib/gcc/arm-none-eabi/14.3.1/thumb/v7-m/nofp/crtbegin.o

.rodata         0x0800c1f0      0x890
                0x0800c1f0                        . = ALIGN (0x4)
 *(.rodata)
 .rodata        0x0800c1f0      0x193 ./Core/Src/DisplayUI.o
 *fill*         0x0800c383        0x1 
 .rodata        0x0800c384      0x132 ./Core/Src/ESP01.o
 *fill*         0x0800c4b6        0x2 
 .rodata        0x0800c4b8       0x38 ./Core/Src/OLED.o
 .rodata        0x0800c4f0       0xcf ./Core/Src/comandos.o
 *fill*         0x0800c5bf        0x1 
 .rodata        0x0800c5c0       0x79 ./Core/Src/main.o
 *fill*         0x0800c639        0x3 
 .rodata        0x0800c63c        0xa ./Core/Src/seguidor.o
 *(.rodata*)
 *fill*         0x0800c646        0x2 
 .rodata.ATAT   0x0800c648        0x5 ./Core/Src/ESP01.o
                0x0800c648                ATAT
 *fill*         0x0800c64d        0x3 
 .rodata.ATCIPMUX
                0x0800c650        0xe ./Core/Src/ESP01.o
                0x0800c650                ATCIPMUX
 *fill*         0x0800c65e        0x2 
 .rodata.ATCWMODE
                0x0800c660        0xe ./Core/Src/ESP01.o
                0x0800c660                ATCWMODE
 *fill*         0x0800c66e        0x2 
 .rodata.ATCWJAP
                0x0800c670        0xa ./Core/Src/ESP01.o
                0x0800c670                ATCWJAP
 *fill*         0x0800c67a        0x2 
 .rodata.ATCIFSR
                0x0800c67c        0xb ./Core/Src/ESP01.o
                0x0800c67c                ATCIFSR
 *fill*         0x0800c687        0x1 
 .rodata.ATCIPSTART
                0x0800c688        0xd ./Core/Src/ESP01.o
                0x0800c688                ATCIPSTART
 *fill*         0x0800c695        0x3 
 .rodata.ATCIPCLOSE
                0x0800c698        0xe ./Core/Src/ESP01.o
                0x0800c698                ATCIPCLOSE
 *fill*         0x0800c6a6        0x2 
 .rodata.ATCIPSEND
                0x0800c6a8        0xc ./Core/Src/ESP01.o
                0x0800c6a8                ATCIPSEND
 .rodata.respAT
                0x0800c6b4        0x8 ./Core/Src/ESP01.o
                0x0800c6b4                respAT
 .rodata.respATp
                0x0800c6bc        0x8 ./Core/Src/ESP01.o
                0x0800c6bc                respATp
 .rodata.respOK
                0x0800c6c4        0x9 ./Core/Src/ESP01.o
                0x0800c6c4                respOK
 *fill*         0x0800c6cd        0x3 
 .rodata.respERROR
                0x0800c6d0        0xc ./Core/Src/ESP01.o
                0x0800c6d0                respERROR
 .rodata.respWIFIGOTIP
                0x0800c6dc       0x12 ./Core/Src/ESP01.o
                0x0800c6dc                respWIFIGOTIP
 *fill*         0x0800c6ee        0x2 
 .rodata.respWIFICONNECTED
                0x0800c6f0       0x15 ./Core/Src/ESP01.o
                0x0800c6f0                respWIFICONNECTED
 *fill*         0x0800c705        0x3 
 .rodata.respWIFIDISCONNECT
                0x0800c708       0x16 ./Core/Src/ESP01.o
                0x0800c708                respWIFIDISCONNECT
 *fill*         0x0800c71e        0x2 
 .rodata.respWIFIDISCONNECTED
                0x0800c720       0x18 ./Core/Src/ESP01.o
                0x0800c720                respWIFIDISCONNECTED
 .rodata.respDISCONNECTED
                0x0800c738       0x13 ./Core/Src/ESP01.o
                0x0800c738                respDISCONNECTED
 *fill*         0x0800c74b        0x1 
 .rodata.respSENDOK
                0x0800c74c        0xe ./Core/Src/ESP01.o
                0x0800c74c                respSENDOK
 *fill*         0x0800c75a        0x2 
 .rodata.respCONNECT
                0x0800c75c        0xe ./Core/Src/ESP01.o
                0x0800c75c                respCONNECT
 *fill*         0x0800c76a        0x2 
 .rodata.respCLOSED
                0x0800c76c        0xd ./Core/Src/ESP01.o
                0x0800c76c                respCLOSED
 *fill*         0x0800c779        0x3 
 .rodata.respCIFSRAPIP
                0x0800c77c       0x11 ./Core/Src/ESP01.o
                0x0800c77c                respCIFSRAPIP
 *fill*         0x0800c78d        0x3 
 .rodata.respBUSY
                0x0800c790        0xb ./Core/Src/ESP01.o
                0x0800c790                respBUSY
 *fill*         0x0800c79b        0x1 
 .rodata.respIPD
                0x0800c79c        0x9 ./Core/Src/ESP01.o
                0x0800c79c                respIPD
 *fill*         0x0800c7a5        0x3 
 .rodata.respReady
                0x0800c7a8        0xc ./Core/Src/ESP01.o
                0x0800c7a8                respReady
 .rodata.respBUSYP
                0x0800c7b4        0xb ./Core/Src/ESP01.o
                0x0800c7b4                respBUSYP
 *fill*         0x0800c7bf        0x1 
 .rodata.respBUSYS
                0x0800c7c0        0xb ./Core/Src/ESP01.o
                0x0800c7c0                respBUSYS
 *fill*         0x0800c7cb        0x1 
 .rodata.responses
                0x0800c7cc       0x4c ./Core/Src/ESP01.o
                0x0800c7cc                responses
 .rodata.init_cmds
                0x0800c818        0x8 ./Core/Src/OLED.o
 .rodata.font5x7
                0x0800c820      0x1db ./Core/Src/OLED.o
 *fill*         0x0800c9fb        0x1 
 .rodata.AHBPrescTable
                0x0800c9fc       0x10 ./Core/Src/system_stm32f1xx.o
                0x0800c9fc                AHBPrescTable
 .rodata.APBPrescTable
                0x0800ca0c        0x8 ./Core/Src/system_stm32f1xx.o
                0x0800ca0c                APBPrescTable
 .rodata.aPLLMULFactorTable.1
                0x0800ca14       0x10 ./Drivers/STM32F1xx_HAL_Driver/Src/stm32f1xx_hal_rcc.o
 .rodata.aPredivFactorTable.0
                0x0800ca24        0x2 ./Drivers/STM32F1xx_HAL_Driver/Src/stm32f1xx_hal_rcc.o
 .rodata.__utoa.str1.1
                0x0800ca26       0x58 C:/ST/STM32CubeIDE_2.1.1/STM32CubeIDE/plugins/com.st.stm32cube.ide.mcu.externaltools.gnu-tools-for-stm32.14.3.rel1.win32_1.0.100.202602081740/tools/bin/../lib/gcc/arm-none-eabi/14.3.1/../../../../arm-none-eabi/lib/thumb/v7-m/nofp\libc_nano.a(libc_a-utoa.o)
                                 0x25 (size before relaxing)
 .rodata._svfprintf_r.str1.1
                0x0800ca7e       0x11 C:/ST/STM32CubeIDE_2.1.1/STM32CubeIDE/plugins/com.st.stm32cube.ide.mcu.externaltools.gnu-tools-for-stm32.14.3.rel1.win32_1.0.100.202602081740/tools/bin/../lib/gcc/arm-none-eabi/14.3.1/../../../../arm-none-eabi/lib/thumb/v7-m/nofp\libc_nano.a(libc_a-nano-svfprintf.o)
 .rodata._printf_i.str1.1
                0x0800ca7e       0x22 C:/ST/STM32CubeIDE_2.1.1/STM32CubeIDE/plugins/com.st.stm32cube.ide.mcu.externaltools.gnu-tools-for-stm32.14.3.rel1.win32_1.0.100.202602081740/tools/bin/../lib/gcc/arm-none-eabi/14.3.1/../../../../arm-none-eabi/lib/thumb/v7-m/nofp\libc_nano.a(libc_a-nano-vfprintf_i.o)
                0x0800caa0                        . = ALIGN (0x4)
 *fill*         0x0800ca7e        0x2 

.ARM.extab      0x0800ca80        0x0
                0x0800ca80                        . = ALIGN (0x4)
 *(.ARM.extab* .gnu.linkonce.armextab.*)
                0x0800ca80                        . = ALIGN (0x4)

.ARM            0x0800ca80        0x8
                0x0800ca80                        . = ALIGN (0x4)
                0x0800ca80                        __exidx_start = .
 *(.ARM.exidx*)
 .ARM.exidx     0x0800ca80        0x8 C:/ST/STM32CubeIDE_2.1.1/STM32CubeIDE/plugins/com.st.stm32cube.ide.mcu.externaltools.gnu-tools-for-stm32.14.3.rel1.win32_1.0.100.202602081740/tools/bin/../lib/gcc/arm-none-eabi/14.3.1/../../../../arm-none-eabi/lib/thumb/v7-m/nofp\libc_nano.a(libc_a-strlen.o)
                0x0800ca88                        __exidx_end = .
                0x0800ca88                        . = ALIGN (0x4)

.preinit_array  0x0800ca88        0x0
                0x0800ca88                        . = ALIGN (0x4)
                0x0800ca88                        PROVIDE (__preinit_array_start = .)
 *(.preinit_array*)
                0x0800ca88                        PROVIDE (__preinit_array_end = .)
                0x0800ca88                        . = ALIGN (0x4)

.init_array     0x0800ca88        0x4
                0x0800ca88                        . = ALIGN (0x4)
                0x0800ca88                        PROVIDE (__init_array_start = .)
 *(SORT_BY_NAME(.init_array.*))
 *(.init_array*)
 .init_array    0x0800ca88        0x4 C:/ST/STM32CubeIDE_2.1.1/STM32CubeIDE/plugins/com.st.stm32cube.ide.mcu.externaltools.gnu-tools-for-stm32.14.3.rel1.win32_1.0.100.202602081740/tools/bin/../lib/gcc/arm-none-eabi/14.3.1/thumb/v7-m/nofp/crtbegin.o
                0x0800ca8c                        PROVIDE (__init_array_end = .)
                0x0800ca8c                        . = ALIGN (0x4)

.fini_array     0x0800ca8c        0x4
                0x0800ca8c                        . = ALIGN (0x4)
                [!provide]                        PROVIDE (__fini_array_start = .)
 *(SORT_BY_NAME(.fini_array.*))
 *(.fini_array*)
 .fini_array    0x0800ca8c        0x4 C:/ST/STM32CubeIDE_2.1.1/STM32CubeIDE/plugins/com.st.stm32cube.ide.mcu.externaltools.gnu-tools-for-stm32.14.3.rel1.win32_1.0.100.202602081740/tools/bin/../lib/gcc/arm-none-eabi/14.3.1/thumb/v7-m/nofp/crtbegin.o
                [!provide]                        PROVIDE (__fini_array_end = .)
                0x0800ca90                        . = ALIGN (0x4)
                0x0800ca90                        _sidata = LOADADDR (.data)

.rel.dyn        0x0800ca90        0x0
 .rel.iplt      0x0800ca90        0x0 C:/ST/STM32CubeIDE_2.1.1/STM32CubeIDE/plugins/com.st.stm32cube.ide.mcu.externaltools.gnu-tools-for-stm32.14.3.rel1.win32_1.0.100.202602081740/tools/bin/../lib/gcc/arm-none-eabi/14.3.1/thumb/v7-m/nofp/crtbegin.o

.data           0x20000000       0xa0 load address 0x0800ca90
                0x20000000                        . = ALIGN (0x4)
                0x20000000                        _sdata = .
 *(.data)
 *(.data*)
 .data.ui_enable_uart
                0x20000000        0x1 ./Core/Src/DisplayUI.o
                0x20000000                ui_enable_uart
 .data.ui_enable_udp
                0x20000001        0x1 ./Core/Src/DisplayUI.o
                0x20000001                ui_enable_udp
 *fill*         0x20000002        0x2 
 .data.esp01PROTO
                0x20000004        0x4 ./Core/Src/ESP01.o
 .data.hSeg_global
                0x20000008        0x4 ./Core/Src/main.o
                0x20000008                hSeg_global
 .data.mi_esp   0x2000000c        0xc ./Core/Src/main.o
                0x2000000c                mi_esp
 .data.mi_oled  0x20000018        0x8 ./Core/Src/main.o
                0x20000018                mi_oled
 .data.btn_sw0  0x20000020       0x24 ./Core/Src/main.o
                0x20000020                btn_sw0
 .data.SystemCoreClock
                0x20000044        0x4 ./Core/Src/system_stm32f1xx.o
                0x20000044                SystemCoreClock
 .data.uwTickPrio
                0x20000048        0x4 ./Drivers/STM32F1xx_HAL_Driver/Src/stm32f1xx_hal.o
                0x20000048                uwTickPrio
 .data.uwTickFreq
                0x2000004c        0x1 ./Drivers/STM32F1xx_HAL_Driver/Src/stm32f1xx_hal.o
                0x2000004c                uwTickFreq
 *fill*         0x2000004d        0x3 
 .data._impure_ptr
                0x20000050        0x4 C:/ST/STM32CubeIDE_2.1.1/STM32CubeIDE/plugins/com.st.stm32cube.ide.mcu.externaltools.gnu-tools-for-stm32.14.3.rel1.win32_1.0.100.202602081740/tools/bin/../lib/gcc/arm-none-eabi/14.3.1/../../../../arm-none-eabi/lib/thumb/v7-m/nofp\libc_nano.a(libc_a-impure.o)
                0x20000050                _impure_ptr
 .data._impure_data
                0x20000054       0x4c C:/ST/STM32CubeIDE_2.1.1/STM32CubeIDE/plugins/com.st.stm32cube.ide.mcu.externaltools.gnu-tools-for-stm32.14.3.rel1.win32_1.0.100.202602081740/tools/bin/../lib/gcc/arm-none-eabi/14.3.1/../../../../arm-none-eabi/lib/thumb/v7-m/nofp\libc_nano.a(libc_a-impure.o)
                0x20000054                _impure_data
 *(.RamFunc)
 *(.RamFunc*)
                0x200000a0                        . = ALIGN (0x4)
                0x200000a0                        _edata = .

.igot.plt       0x200000a0        0x0 load address 0x0800cb30
 .igot.plt      0x200000a0        0x0 C:/ST/STM32CubeIDE_2.1.1/STM32CubeIDE/plugins/com.st.stm32cube.ide.mcu.externaltools.gnu-tools-for-stm32.14.3.rel1.win32_1.0.100.202602081740/tools/bin/../lib/gcc/arm-none-eabi/14.3.1/thumb/v7-m/nofp/crtbegin.o
                0x200000a0                        . = ALIGN (0x4)

.bss            0x200000a0      0xd60 load address 0x0800cb30
                0x200000a0                        _sbss = .
                0x200000a0                        __bss_start__ = _sbss
 *(.bss)
 .bss           0x200000a0       0x1c C:/ST/STM32CubeIDE_2.1.1/STM32CubeIDE/plugins/com.st.stm32cube.ide.mcu.externaltools.gnu-tools-for-stm32.14.3.rel1.win32_1.0.100.202602081740/tools/bin/../lib/gcc/arm-none-eabi/14.3.1/thumb/v7-m/nofp/crtbegin.o
 *(.bss*)
 .bss.current_state
                0x200000bc        0x1 ./Core/Src/DisplayUI.o
 .bss.main_menu_idx
                0x200000bd        0x1 ./Core/Src/DisplayUI.o
 .bss.settings_idx
                0x200000be        0x1 ./Core/Src/DisplayUI.o
 *fill*         0x200000bf        0x1 
 .bss.esp_log   0x200000c0       0x84 ./Core/Src/DisplayUI.o
 .bss.popup_timer
                0x20000144        0x4 ./Core/Src/DisplayUI.o
                0x20000144                popup_timer
 .bss.popup_activo
                0x20000148        0x1 ./Core/Src/DisplayUI.o
                0x20000148                popup_activo
 .bss.pop_val1  0x20000149        0x1 ./Core/Src/DisplayUI.o
                0x20000149                pop_val1
 .bss.pop_val2  0x2000014a        0x1 ./Core/Src/DisplayUI.o
                0x2000014a                pop_val2
 .bss.esp01ATSate
                0x2000014b        0x1 ./Core/Src/ESP01.o
 .bss.esp01Flags
                0x2000014c        0x1 ./Core/Src/ESP01.o
 *fill*         0x2000014d        0x3 
 .bss.esp01TimeoutTask
                0x20000150        0x4 ./Core/Src/ESP01.o
 .bss.esp01TimeoutDataRx
                0x20000154        0x4 ./Core/Src/ESP01.o
 .bss.esp01TimeoutTxSymbol
                0x20000158        0x4 ./Core/Src/ESP01.o
 .bss.ESP01ChangeState
                0x2000015c        0x4 ./Core/Src/ESP01.o
 .bss.ESP01DbgStr
                0x20000160        0x4 ./Core/Src/ESP01.o
 .bss.esp01SSID
                0x20000164       0x40 ./Core/Src/ESP01.o
 .bss.esp01PASSWORD
                0x200001a4       0x20 ./Core/Src/ESP01.o
 .bss.esp01RemoteIP
                0x200001c4       0x10 ./Core/Src/ESP01.o
 .bss.esp01RemotePORT
                0x200001d4        0x6 ./Core/Src/ESP01.o
 *fill*         0x200001da        0x2 
 .bss.esp01LocalIP
                0x200001dc       0x10 ./Core/Src/ESP01.o
 .bss.esp01LocalPORT
                0x200001ec        0x6 ./Core/Src/ESP01.o
 .bss.esp01HState
                0x200001f2        0x1 ./Core/Src/ESP01.o
 *fill*         0x200001f3        0x1 
 .bss.esp01nBytes
                0x200001f4        0x2 ./Core/Src/ESP01.o
 *fill*         0x200001f6        0x2 
 .bss.esp01RXATBuf
                0x200001f8       0x80 ./Core/Src/ESP01.o
 .bss.esp01TXATBuf
                0x20000278      0x100 ./Core/Src/ESP01.o
 .bss.esp01iwRXAT
                0x20000378        0x2 ./Core/Src/ESP01.o
 .bss.esp01irRXAT
                0x2000037a        0x2 ./Core/Src/ESP01.o
 .bss.esp01irTX
                0x2000037c        0x2 ./Core/Src/ESP01.o
 .bss.esp01iwTX
                0x2000037e        0x2 ./Core/Src/ESP01.o
 .bss.esp01TriesAT
                0x20000380        0x1 ./Core/Src/ESP01.o
 *fill*         0x20000381        0x3 
 .bss.esp01Handle
                0x20000384        0xc ./Core/Src/ESP01.o
 .bss.indexResponse
                0x20000390        0x1 ./Core/Src/ESP01.o
 .bss.indexResponseChar
                0x20000391        0x1 ./Core/Src/ESP01.o
 *fill*         0x20000392        0x2 
 .bss.oled      0x20000394        0x8 ./Core/Src/OLED.o
 .bss.bufferRAM
                0x2000039c      0x400 ./Core/Src/OLED.o
 .bss.oled_status
                0x2000079c        0x1 ./Core/Src/OLED.o
 .bss.pagina_actual
                0x2000079d        0x1 ./Core/Src/OLED.o
 .bss.sub_estado
                0x2000079e        0x1 ./Core/Src/OLED.o
 .bss.pc_conectada
                0x2000079f        0x1 ./Core/Src/comandos.o
                0x2000079f                pc_conectada
 .bss.ultimo_ack_ms
                0x200007a0        0x4 ./Core/Src/comandos.o
                0x200007a0                ultimo_ack_ms
 .bss.bufferSalida.0
                0x200007a4       0x80 ./Core/Src/comandos.o
 .bss.hadc1     0x20000824       0x30 ./Core/Src/main.o
                0x20000824                hadc1
 .bss.hdma_adc1
                0x20000854       0x44 ./Core/Src/main.o
                0x20000854                hdma_adc1
 .bss.hi2c1     0x20000898       0x54 ./Core/Src/main.o
                0x20000898                hi2c1
 .bss.hdma_i2c1_tx
                0x200008ec       0x44 ./Core/Src/main.o
                0x200008ec                hdma_i2c1_tx
 .bss.htim1     0x20000930       0x48 ./Core/Src/main.o
                0x20000930                htim1
 .bss.htim2     0x20000978       0x48 ./Core/Src/main.o
                0x20000978                htim2
 .bss.htim3     0x200009c0       0x48 ./Core/Src/main.o
                0x200009c0                htim3
 .bss.htim4     0x20000a08       0x48 ./Core/Src/main.o
                0x20000a08                htim4
 .bss.huart1    0x20000a50       0x48 ./Core/Src/main.o
                0x20000a50                huart1
 .bss.huart3    0x20000a98       0x48 ./Core/Src/main.o
                0x20000a98                huart3
 .bss.valores_ir
                0x20000ae0        0x6 ./Core/Src/main.o
                0x20000ae0                valores_ir
 .bss.adc_listo
                0x20000ae6        0x1 ./Core/Src/main.o
                0x20000ae6                adc_listo
 .bss.rx_byte_esp
                0x20000ae7        0x1 ./Core/Src/main.o
                0x20000ae7                rx_byte_esp
 .bss.distancia_actual_mm
                0x20000ae8        0x2 ./Core/Src/main.o
                0x20000ae8                distancia_actual_mm
 *fill*         0x20000aea        0x2 
 .bss.mi_sensor_ultra
                0x20000aec       0x18 ./Core/Src/main.o
                0x20000aec                mi_sensor_ultra
 .bss.mi_seguidor
                0x20000b04       0x30 ./Core/Src/main.o
                0x20000b04                mi_seguidor
 .bss.rx_byte_pc
                0x20000b34        0x1 ./Core/Src/main.o
                0x20000b34                rx_byte_pc
 *fill*         0x20000b35        0x3 
 .bss.mi_servo  0x20000b38       0x14 ./Core/Src/main.o
                0x20000b38                mi_servo
 .bss.bufRX     0x20000b4c       0x80 ./Core/Src/protocolo.o
                0x20000b4c                bufRX
 .bss.bufTX     0x20000bcc       0x80 ./Core/Src/protocolo.o
                0x20000bcc                bufTX
 .bss.payloadBuffer
                0x20000c4c       0x40 ./Core/Src/protocolo.o
 .bss.pIdx      0x20000c8c        0x1 ./Core/Src/protocolo.o
 *fill*         0x20000c8d        0x3 
 .bss.rx        0x20000c90        0xc ./Core/Src/protocolo.o
                0x20000c90                rx
 .bss.tx        0x20000c9c        0xc ./Core/Src/protocolo.o
                0x20000c9c                tx
 .bss._cmdParser
                0x20000ca8        0x4 ./Core/Src/protocolo.o
 .bss.last_pid_tick.0
                0x20000cac        0x4 ./Core/Src/seguidor.o
 .bss.__sbrk_heap_end
                0x20000cb0        0x4 ./Core/Src/sysmem.o
 .bss.uwTick    0x20000cb4        0x4 ./Drivers/STM32F1xx_HAL_Driver/Src/stm32f1xx_hal.o
                0x20000cb4                uwTick
 .bss.__sf      0x20000cb8      0x138 C:/ST/STM32CubeIDE_2.1.1/STM32CubeIDE/plugins/com.st.stm32cube.ide.mcu.externaltools.gnu-tools-for-stm32.14.3.rel1.win32_1.0.100.202602081740/tools/bin/../lib/gcc/arm-none-eabi/14.3.1/../../../../arm-none-eabi/lib/thumb/v7-m/nofp\libc_nano.a(libc_a-findfp.o)
                0x20000cb8                __sf
 .bss.errno     0x20000df0        0x4 C:/ST/STM32CubeIDE_2.1.1/STM32CubeIDE/plugins/com.st.stm32cube.ide.mcu.externaltools.gnu-tools-for-stm32.14.3.rel1.win32_1.0.100.202602081740/tools/bin/../lib/gcc/arm-none-eabi/14.3.1/../../../../arm-none-eabi/lib/thumb/v7-m/nofp\libc_nano.a(libc_a-reent.o)
                0x20000df0                errno
 .bss.__lock___malloc_recursive_mutex
                0x20000df4        0x1 C:/ST/STM32CubeIDE_2.1.1/STM32CubeIDE/plugins/com.st.stm32cube.ide.mcu.externaltools.gnu-tools-for-stm32.14.3.rel1.win32_1.0.100.202602081740/tools/bin/../lib/gcc/arm-none-eabi/14.3.1/../../../../arm-none-eabi/lib/thumb/v7-m/nofp\libc_nano.a(libc_a-lock.o)
                0x20000df4                __lock___malloc_recursive_mutex
 *fill*         0x20000df5        0x3 
 .bss.__malloc_sbrk_start
                0x20000df8        0x4 C:/ST/STM32CubeIDE_2.1.1/STM32CubeIDE/plugins/com.st.stm32cube.ide.mcu.externaltools.gnu-tools-for-stm32.14.3.rel1.win32_1.0.100.202602081740/tools/bin/../lib/gcc/arm-none-eabi/14.3.1/../../../../arm-none-eabi/lib/thumb/v7-m/nofp\libc_nano.a(libc_a-mallocr.o)
                0x20000df8                __malloc_sbrk_start
 .bss.__malloc_free_list
                0x20000dfc        0x4 C:/ST/STM32CubeIDE_2.1.1/STM32CubeIDE/plugins/com.st.stm32cube.ide.mcu.externaltools.gnu-tools-for-stm32.14.3.rel1.win32_1.0.100.202602081740/tools/bin/../lib/gcc/arm-none-eabi/14.3.1/../../../../arm-none-eabi/lib/thumb/v7-m/nofp\libc_nano.a(libc_a-mallocr.o)
                0x20000dfc                __malloc_free_list
 *(COMMON)
                0x20000e00                        . = ALIGN (0x4)
                0x20000e00                        _ebss = .
                0x20000e00                        __bss_end__ = _ebss

._user_heap_stack
                0x20000e00      0x600 load address 0x0800cb30
                0x20000e00                        . = ALIGN (0x8)
                [!provide]                        PROVIDE (end = .)
                0x20000e00                        PROVIDE (_end = .)
                0x20001000                        . = (. + _Min_Heap_Size)
 *fill*         0x20000e00      0x200 
                0x20001400                        . = (. + _Min_Stack_Size)
 *fill*         0x20001000      0x400 
                0x20001400                        . = ALIGN (0x8)

/DISCARD/
 libc.a(*)
 libm.a(*)
 libgcc.a(*)

.ARM.attributes
                0x00000000       0x29
 *(.ARM.attributes)
 .ARM.attributes
                0x00000000       0x1d C:/ST/STM32CubeIDE_2.1.1/STM32CubeIDE/plugins/com.st.stm32cube.ide.mcu.externaltools.gnu-tools-for-stm32.14.3.rel1.win32_1.0.100.202602081740/tools/bin/../lib/gcc/arm-none-eabi/14.3.1/thumb/v7-m/nofp/crti.o
 .ARM.attributes
                0x0000001d       0x2d C:/ST/STM32CubeIDE_2.1.1/STM32CubeIDE/plugins/com.st.stm32cube.ide.mcu.externaltools.gnu-tools-for-stm32.14.3.rel1.win32_1.0.100.202602081740/tools/bin/../lib/gcc/arm-none-eabi/14.3.1/thumb/v7-m/nofp/crtbegin.o
 .ARM.attributes
                0x0000004a       0x2d ./Core/Src/Button.o
 .ARM.attributes
                0x00000077       0x2d ./Core/Src/DisplayUI.o
 .ARM.attributes
                0x000000a4       0x2d ./Core/Src/ESP01.o
 .ARM.attributes
                0x000000d1       0x2d ./Core/Src/OLED.o
 .ARM.attributes
                0x000000fe       0x2d ./Core/Src/Servo.o
 .ARM.attributes
                0x0000012b       0x2d ./Core/Src/comandos.o
 .ARM.attributes
                0x00000158       0x2d ./Core/Src/hcsr04.o
 .ARM.attributes
                0x00000185       0x2d ./Core/Src/main.o
 .ARM.attributes
                0x000001b2       0x2d ./Core/Src/protocolo.o
 .ARM.attributes
                0x000001df       0x2d ./Core/Src/seguidor.o
 .ARM.attributes
                0x0000020c       0x2d ./Core/Src/stm32f1xx_hal_msp.o
 .ARM.attributes
                0x00000239       0x2d ./Core/Src/stm32f1xx_it.o
 .ARM.attributes
                0x00000266       0x2d ./Core/Src/sysmem.o
 .ARM.attributes
                0x00000293       0x2d ./Core/Src/system_stm32f1xx.o
 .ARM.attributes
                0x000002c0       0x21 ./Core/Startup/startup_stm32f103c8tx.o
 .ARM.attributes
                0x000002e1       0x2d ./Drivers/STM32F1xx_HAL_Driver/Src/stm32f1xx_hal.o
 .ARM.attributes
                0x0000030e       0x2d ./Drivers/STM32F1xx_HAL_Driver/Src/stm32f1xx_hal_adc.o
 .ARM.attributes
                0x0000033b       0x2d ./Drivers/STM32F1xx_HAL_Driver/Src/stm32f1xx_hal_adc_ex.o
 .ARM.attributes
                0x00000368       0x2d ./Drivers/STM32F1xx_HAL_Driver/Src/stm32f1xx_hal_cortex.o
 .ARM.attributes
                0x00000395       0x2d ./Drivers/STM32F1xx_HAL_Driver/Src/stm32f1xx_hal_dma.o
 .ARM.attributes
                0x000003c2       0x2d ./Drivers/STM32F1xx_HAL_Driver/Src/stm32f1xx_hal_gpio.o
 .ARM.attributes
                0x000003ef       0x2d ./Drivers/STM32F1xx_HAL_Driver/Src/stm32f1xx_hal_i2c.o
 .ARM.attributes
                0x0000041c       0x2d ./Drivers/STM32F1xx_HAL_Driver/Src/stm32f1xx_hal_rcc.o
 .ARM.attributes
                0x00000449       0x2d ./Drivers/STM32F1xx_HAL_Driver/Src/stm32f1xx_hal_rcc_ex.o
 .ARM.attributes
                0x00000476       0x2d ./Drivers/STM32F1xx_HAL_Driver/Src/stm32f1xx_hal_tim.o
 .ARM.attributes
                0x000004a3       0x2d ./Drivers/STM32F1xx_HAL_Driver/Src/stm32f1xx_hal_tim_ex.o
 .ARM.attributes
                0x000004d0       0x2d ./Drivers/STM32F1xx_HAL_Driver/Src/stm32f1xx_hal_uart.o
 .ARM.attributes
                0x000004fd       0x2d C:/ST/STM32CubeIDE_2.1.1/STM32CubeIDE/plugins/com.st.stm32cube.ide.mcu.externaltools.gnu-tools-for-stm32.14.3.rel1.win32_1.0.100.202602081740/tools/bin/../lib/gcc/arm-none-eabi/14.3.1/../../../../arm-none-eabi/lib/thumb/v7-m/nofp\libc_nano.a(libc_a-itoa.o)
 .ARM.attributes
                0x0000052a       0x2d C:/ST/STM32CubeIDE_2.1.1/STM32CubeIDE/plugins/com.st.stm32cube.ide.mcu.externaltools.gnu-tools-for-stm32.14.3.rel1.win32_1.0.100.202602081740/tools/bin/../lib/gcc/arm-none-eabi/14.3.1/../../../../arm-none-eabi/lib/thumb/v7-m/nofp\libc_nano.a(libc_a-utoa.o)
 .ARM.attributes
                0x00000557       0x2d C:/ST/STM32CubeIDE_2.1.1/STM32CubeIDE/plugins/com.st.stm32cube.ide.mcu.externaltools.gnu-tools-for-stm32.14.3.rel1.win32_1.0.100.202602081740/tools/bin/../lib/gcc/arm-none-eabi/14.3.1/../../../../arm-none-eabi/lib/thumb/v7-m/nofp\libc_nano.a(libc_a-findfp.o)
 .ARM.attributes
                0x00000584       0x2d C:/ST/STM32CubeIDE_2.1.1/STM32CubeIDE/plugins/com.st.stm32cube.ide.mcu.externaltools.gnu-tools-for-stm32.14.3.rel1.win32_1.0.100.202602081740/tools/bin/../lib/gcc/arm-none-eabi/14.3.1/../../../../arm-none-eabi/lib/thumb/v7-m/nofp\libc_nano.a(libc_a-sprintf.o)
 .ARM.attributes
                0x000005b1       0x2d C:/ST/STM32CubeIDE_2.1.1/STM32CubeIDE/plugins/com.st.stm32cube.ide.mcu.externaltools.gnu-tools-for-stm32.14.3.rel1.win32_1.0.100.202602081740/tools/bin/../lib/gcc/arm-none-eabi/14.3.1/../../../../arm-none-eabi/lib/thumb/v7-m/nofp\libc_nano.a(libc_a-memset.o)
 .ARM.attributes
                0x000005de       0x2d C:/ST/STM32CubeIDE_2.1.1/STM32CubeIDE/plugins/com.st.stm32cube.ide.mcu.externaltools.gnu-tools-for-stm32.14.3.rel1.win32_1.0.100.202602081740/tools/bin/../lib/gcc/arm-none-eabi/14.3.1/../../../../arm-none-eabi/lib/thumb/v7-m/nofp\libc_nano.a(libc_a-strncpy.o)
 .ARM.attributes
                0x0000060b       0x2d C:/ST/STM32CubeIDE_2.1.1/STM32CubeIDE/plugins/com.st.stm32cube.ide.mcu.externaltools.gnu-tools-for-stm32.14.3.rel1.win32_1.0.100.202602081740/tools/bin/../lib/gcc/arm-none-eabi/14.3.1/../../../../arm-none-eabi/lib/thumb/v7-m/nofp\libc_nano.a(libc_a-reent.o)
 .ARM.attributes
                0x00000638       0x2d C:/ST/STM32CubeIDE_2.1.1/STM32CubeIDE/plugins/com.st.stm32cube.ide.mcu.externaltools.gnu-tools-for-stm32.14.3.rel1.win32_1.0.100.202602081740/tools/bin/../lib/gcc/arm-none-eabi/14.3.1/../../../../arm-none-eabi/lib/thumb/v7-m/nofp\libc_nano.a(libc_a-impure.o)
 .ARM.attributes
                0x00000665       0x2d C:/ST/STM32CubeIDE_2.1.1/STM32CubeIDE/plugins/com.st.stm32cube.ide.mcu.externaltools.gnu-tools-for-stm32.14.3.rel1.win32_1.0.100.202602081740/tools/bin/../lib/gcc/arm-none-eabi/14.3.1/../../../../arm-none-eabi/lib/thumb/v7-m/nofp\libc_nano.a(libc_a-errno.o)
 .ARM.attributes
                0x00000692       0x2d C:/ST/STM32CubeIDE_2.1.1/STM32CubeIDE/plugins/com.st.stm32cube.ide.mcu.externaltools.gnu-tools-for-stm32.14.3.rel1.win32_1.0.100.202602081740/tools/bin/../lib/gcc/arm-none-eabi/14.3.1/../../../../arm-none-eabi/lib/thumb/v7-m/nofp\libc_nano.a(libc_a-init.o)
 .ARM.attributes
                0x000006bf       0x2d C:/ST/STM32CubeIDE_2.1.1/STM32CubeIDE/plugins/com.st.stm32cube.ide.mcu.externaltools.gnu-tools-for-stm32.14.3.rel1.win32_1.0.100.202602081740/tools/bin/../lib/gcc/arm-none-eabi/14.3.1/../../../../arm-none-eabi/lib/thumb/v7-m/nofp\libc_nano.a(libc_a-lock.o)
 .ARM.attributes
                0x000006ec       0x2d C:/ST/STM32CubeIDE_2.1.1/STM32CubeIDE/plugins/com.st.stm32cube.ide.mcu.externaltools.gnu-tools-for-stm32.14.3.rel1.win32_1.0.100.202602081740/tools/bin/../lib/gcc/arm-none-eabi/14.3.1/../../../../arm-none-eabi/lib/thumb/v7-m/nofp\libc_nano.a(libc_a-strcpy.o)
 .ARM.attributes
                0x00000719       0x2d C:/ST/STM32CubeIDE_2.1.1/STM32CubeIDE/plugins/com.st.stm32cube.ide.mcu.externaltools.gnu-tools-for-stm32.14.3.rel1.win32_1.0.100.202602081740/tools/bin/../lib/gcc/arm-none-eabi/14.3.1/../../../../arm-none-eabi/lib/thumb/v7-m/nofp\libc_nano.a(libc_a-memcpy-stub.o)
 .ARM.attributes
                0x00000746       0x17 C:/ST/STM32CubeIDE_2.1.1/STM32CubeIDE/plugins/com.st.stm32cube.ide.mcu.externaltools.gnu-tools-for-stm32.14.3.rel1.win32_1.0.100.202602081740/tools/bin/../lib/gcc/arm-none-eabi/14.3.1/../../../../arm-none-eabi/lib/thumb/v7-m/nofp\libc_nano.a(libc_a-strlen.o)
 .ARM.attributes
                0x0000075d       0x2d C:/ST/STM32CubeIDE_2.1.1/STM32CubeIDE/plugins/com.st.stm32cube.ide.mcu.externaltools.gnu-tools-for-stm32.14.3.rel1.win32_1.0.100.202602081740/tools/bin/../lib/gcc/arm-none-eabi/14.3.1/../../../../arm-none-eabi/lib/thumb/v7-m/nofp\libc_nano.a(libc_a-freer.o)
 .ARM.attributes
                0x0000078a       0x2d C:/ST/STM32CubeIDE_2.1.1/STM32CubeIDE/plugins/com.st.stm32cube.ide.mcu.externaltools.gnu-tools-for-stm32.14.3.rel1.win32_1.0.100.202602081740/tools/bin/../lib/gcc/arm-none-eabi/14.3.1/../../../../arm-none-eabi/lib/thumb/v7-m/nofp\libc_nano.a(libc_a-mallocr.o)
 .ARM.attributes
                0x000007b7       0x2d C:/ST/STM32CubeIDE_2.1.1/STM32CubeIDE/plugins/com.st.stm32cube.ide.mcu.externaltools.gnu-tools-for-stm32.14.3.rel1.win32_1.0.100.202602081740/tools/bin/../lib/gcc/arm-none-eabi/14.3.1/../../../../arm-none-eabi/lib/thumb/v7-m/nofp\libc_nano.a(libc_a-mlock.o)
 .ARM.attributes
                0x000007e4       0x2d C:/ST/STM32CubeIDE_2.1.1/STM32CubeIDE/plugins/com.st.stm32cube.ide.mcu.externaltools.gnu-tools-for-stm32.14.3.rel1.win32_1.0.100.202602081740/tools/bin/../lib/gcc/arm-none-eabi/14.3.1/../../../../arm-none-eabi/lib/thumb/v7-m/nofp\libc_nano.a(libc_a-nano-svfprintf.o)
 .ARM.attributes
                0x00000811       0x2d C:/ST/STM32CubeIDE_2.1.1/STM32CubeIDE/plugins/com.st.stm32cube.ide.mcu.externaltools.gnu-tools-for-stm32.14.3.rel1.win32_1.0.100.202602081740/tools/bin/../lib/gcc/arm-none-eabi/14.3.1/../../../../arm-none-eabi/lib/thumb/v7-m/nofp\libc_nano.a(libc_a-nano-vfprintf_i.o)
 .ARM.attributes
                0x0000083e       0x2d C:/ST/STM32CubeIDE_2.1.1/STM32CubeIDE/plugins/com.st.stm32cube.ide.mcu.externaltools.gnu-tools-for-stm32.14.3.rel1.win32_1.0.100.202602081740/tools/bin/../lib/gcc/arm-none-eabi/14.3.1/../../../../arm-none-eabi/lib/thumb/v7-m/nofp\libc_nano.a(libc_a-memmove.o)
 .ARM.attributes
                0x0000086b       0x2d C:/ST/STM32CubeIDE_2.1.1/STM32CubeIDE/plugins/com.st.stm32cube.ide.mcu.externaltools.gnu-tools-for-stm32.14.3.rel1.win32_1.0.100.202602081740/tools/bin/../lib/gcc/arm-none-eabi/14.3.1/../../../../arm-none-eabi/lib/thumb/v7-m/nofp\libc_nano.a(libc_a-sbrkr.o)
 .ARM.attributes
                0x00000898       0x2d C:/ST/STM32CubeIDE_2.1.1/STM32CubeIDE/plugins/com.st.stm32cube.ide.mcu.externaltools.gnu-tools-for-stm32.14.3.rel1.win32_1.0.100.202602081740/tools/bin/../lib/gcc/arm-none-eabi/14.3.1/../../../../arm-none-eabi/lib/thumb/v7-m/nofp\libc_nano.a(libc_a-memchr-stub.o)
 .ARM.attributes
                0x000008c5       0x2d C:/ST/STM32CubeIDE_2.1.1/STM32CubeIDE/plugins/com.st.stm32cube.ide.mcu.externaltools.gnu-tools-for-stm32.14.3.rel1.win32_1.0.100.202602081740/tools/bin/../lib/gcc/arm-none-eabi/14.3.1/../../../../arm-none-eabi/lib/thumb/v7-m/nofp\libc_nano.a(libc_a-reallocr.o)
 .ARM.attributes
                0x000008f2       0x2d C:/ST/STM32CubeIDE_2.1.1/STM32CubeIDE/plugins/com.st.stm32cube.ide.mcu.externaltools.gnu-tools-for-stm32.14.3.rel1.win32_1.0.100.202602081740/tools/bin/../lib/gcc/arm-none-eabi/14.3.1/../../../../arm-none-eabi/lib/thumb/v7-m/nofp\libc_nano.a(libc_a-msizer.o)
 .ARM.attributes
                0x0000091f       0x1d C:/ST/STM32CubeIDE_2.1.1/STM32CubeIDE/plugins/com.st.stm32cube.ide.mcu.externaltools.gnu-tools-for-stm32.14.3.rel1.win32_1.0.100.202602081740/tools/bin/../lib/gcc/arm-none-eabi/14.3.1/thumb/v7-m/nofp\libgcc.a(_arm_addsubsf3.o)
 .ARM.attributes
                0x0000093c       0x1d C:/ST/STM32CubeIDE_2.1.1/STM32CubeIDE/plugins/com.st.stm32cube.ide.mcu.externaltools.gnu-tools-for-stm32.14.3.rel1.win32_1.0.100.202602081740/tools/bin/../lib/gcc/arm-none-eabi/14.3.1/thumb/v7-m/nofp\libgcc.a(_arm_muldivsf3.o)
 .ARM.attributes
                0x00000959       0x1d C:/ST/STM32CubeIDE_2.1.1/STM32CubeIDE/plugins/com.st.stm32cube.ide.mcu.externaltools.gnu-tools-for-stm32.14.3.rel1.win32_1.0.100.202602081740/tools/bin/../lib/gcc/arm-none-eabi/14.3.1/thumb/v7-m/nofp\libgcc.a(_arm_cmpsf2.o)
 .ARM.attributes
                0x00000976       0x1d C:/ST/STM32CubeIDE_2.1.1/STM32CubeIDE/plugins/com.st.stm32cube.ide.mcu.externaltools.gnu-tools-for-stm32.14.3.rel1.win32_1.0.100.202602081740/tools/bin/../lib/gcc/arm-none-eabi/14.3.1/thumb/v7-m/nofp\libgcc.a(_arm_fixsfsi.o)
 .ARM.attributes
                0x00000993       0x1d C:/ST/STM32CubeIDE_2.1.1/STM32CubeIDE/plugins/com.st.stm32cube.ide.mcu.externaltools.gnu-tools-for-stm32.14.3.rel1.win32_1.0.100.202602081740/tools/bin/../lib/gcc/arm-none-eabi/14.3.1/thumb/v7-m/nofp\libgcc.a(_arm_fixunssfsi.o)
 .ARM.attributes
                0x000009b0       0x1d C:/ST/STM32CubeIDE_2.1.1/STM32CubeIDE/plugins/com.st.stm32cube.ide.mcu.externaltools.gnu-tools-for-stm32.14.3.rel1.win32_1.0.100.202602081740/tools/bin/../lib/gcc/arm-none-eabi/14.3.1/thumb/v7-m/nofp/crtn.o
OUTPUT(AUTITO_FIRM.elf elf32-littlearm)
LOAD linker stubs