../Core/Src/main.c:112:6:Sensor_SetTrig	16	static
../Core/Src/main.c:117:6:Sensor_OnResult	16	static
../Core/Src/main.c:122:6:ESP_CHPD_Ctrl	16	static
../Core/Src/main.c:123:5:ESP_WriteUART	16	static
../Core/Src/main.c:125:6:ESP_ImprimirDebug	16	static
../Core/Src/main.c:130:6:ESP_EstadoCallback	80	static
../Core/Src/main.c:139:6:ESP_RxPayload	16	static
../Core/Src/main.c:146:5:I2C_EscribirComando	32	static
../Core/Src/main.c:147:5:I2C_EscribirDatosDMA	24	static
../Core/Src/main.c:151:9:Leer_SW0	8	static
../Core/Src/main.c:168:6:STM32_SetServoPWM	16	static
../Core/Src/main.c:179:5:main	72	static
../Core/Src/main.c:404:6:SystemClock_Config	88	static
../Core/Src/main.c:451:13:MX_ADC1_Init	24	static
../Core/Src/main.c:516:13:MX_I2C1_Init	8	static
../Core/Src/main.c:550:13:MX_TIM1_Init	96	static
../Core/Src/main.c:625:13:MX_TIM2_Init	32	static
../Core/Src/main.c:670:13:MX_TIM3_Init	64	static
../Core/Src/main.c:733:13:MX_TIM4_Init	64	static
../Core/Src/main.c:798:13:MX_USART1_UART_Init	8	static
../Core/Src/main.c:831:13:MX_USART3_UART_Init	8	static
../Core/Src/main.c:862:13:MX_DMA_Init	16	static
../Core/Src/main.c:883:13:MX_GPIO_Init	40	static
../Core/Src/main.c:951:6:HAL_ADC_ConvCpltCallback	16	static
../Core/Src/main.c:960:6:HAL_I2C_MemTxCpltCallback	16	static
../Core/Src/main.c:969:6:HAL_UART_RxCpltCallback	16	static
../Core/Src/main.c:986:6:HAL_UART_ErrorCallback	16	static
../Core/Src/main.c:996:6:HAL_GPIO_EXTI_Callback	24	static
../Core/Src/main.c:1011:6:Error_Handler	4	static,ignoring_inline_asm
