../Core/Src/main.c:112:6:Sensor_SetTrig	1
../Core/Src/main.c:117:6:Sensor_OnResult	1
../Core/Src/main.c:122:6:ESP_CHPD_Ctrl	1
../Core/Src/main.c:123:5:ESP_WriteUART	2
../Core/Src/main.c:125:6:ESP_ImprimirDebug	2
../Core/Src/main.c:130:6:ESP_EstadoCallback	3
../Core/Src/main.c:139:6:ESP_RxPayload	1
../Core/Src/main.c:146:5:I2C_EscribirComando	2
../Core/Src/main.c:147:5:I2C_EscribirDatosDMA	2
../Core/Src/main.c:151:9:Leer_SW0	1
../Core/Src/main.c:168:6:STM32_SetServoPWM	1
../Core/Src/main.c:179:5:main	15
../Core/Src/main.c:411:6:SystemClock_Config	4
../Core/Src/main.c:458:13:MX_ADC1_Init	5
../Core/Src/main.c:523:13:MX_I2C1_Init	2
../Core/Src/main.c:557:13:MX_TIM1_Init	7
../Core/Src/main.c:632:13:MX_TIM2_Init	4
../Core/Src/main.c:677:13:MX_TIM3_Init	7
../Core/Src/main.c:740:13:MX_TIM4_Init	6
../Core/Src/main.c:805:13:MX_USART1_UART_Init	2
../Core/Src/main.c:838:13:MX_USART3_UART_Init	2
../Core/Src/main.c:869:13:MX_DMA_Init	1
../Core/Src/main.c:890:13:MX_GPIO_Init	1
../Core/Src/main.c:958:6:HAL_ADC_ConvCpltCallback	2
../Core/Src/main.c:967:6:HAL_I2C_MemTxCpltCallback	2
../Core/Src/main.c:976:6:HAL_UART_RxCpltCallback	3
../Core/Src/main.c:993:6:HAL_UART_ErrorCallback	2
../Core/Src/main.c:1003:6:HAL_GPIO_EXTI_Callback	2
../Core/Src/main.c:1018:6:Error_Handler	1
