../Core/Src/main.c:106:6:Sensor_SetTrig	16	static
../Core/Src/main.c:111:6:Sensor_OnResult	16	static
../Core/Src/main.c:116:6:ESP_CHPD_Ctrl	16	static
../Core/Src/main.c:117:5:ESP_WriteUART	16	static
../Core/Src/main.c:119:6:ESP_ImprimirDebug	16	static
../Core/Src/main.c:124:6:ESP_EstadoCallback	80	static
../Core/Src/main.c:133:6:ESP_RxPayload	16	static
../Core/Src/main.c:140:5:I2C_EscribirComando	32	static
../Core/Src/main.c:141:5:I2C_EscribirDatosDMA	24	static
../Core/Src/main.c:145:9:Leer_SW0	8	static
../Core/Src/main.c:161:6:STM32_SetServoPWM	16	static
../Core/Src/main.c:172:5:main	72	static
../Core/Src/main.c:389:6:SystemClock_Config	88	static
../Core/Src/main.c:436:13:MX_ADC1_Init	24	static
../Core/Src/main.c:501:13:MX_I2C1_Init	8	static
../Core/Src/main.c:535:13:MX_TIM1_Init	96	static
../Core/Src/main.c:610:13:MX_TIM2_Init	32	static
../Core/Src/main.c:655:13:MX_TIM3_Init	64	static
../Core/Src/main.c:718:13:MX_TIM4_Init	64	static
../Core/Src/main.c:783:13:MX_USART1_UART_Init	8	static
../Core/Src/main.c:816:13:MX_USART3_UART_Init	8	static
../Core/Src/main.c:847:13:MX_DMA_Init	16	static
../Core/Src/main.c:868:13:MX_GPIO_Init	40	static
../Core/Src/main.c:936:6:HAL_ADC_ConvCpltCallback	16	static
../Core/Src/main.c:945:6:HAL_I2C_MemTxCpltCallback	16	static
../Core/Src/main.c:954:6:HAL_UART_RxCpltCallback	16	static
../Core/Src/main.c:971:6:HAL_UART_ErrorCallback	16	static
../Core/Src/main.c:981:6:HAL_GPIO_EXTI_Callback	24	static
../Core/Src/main.c:996:6:Error_Handler	4	static,ignoring_inline_asm
