../Core/Src/main.c:84:5:I2C_EscribirComando	32	static
../Core/Src/main.c:91:5:I2C_EscribirDatosDMA	24	static
../Core/Src/main.c:109:5:main	24	static
../Core/Src/main.c:240:6:SystemClock_Config	88	static
../Core/Src/main.c:287:13:MX_ADC1_Init	24	static
../Core/Src/main.c:352:13:MX_I2C1_Init	8	static
../Core/Src/main.c:386:13:MX_TIM3_Init	64	static
../Core/Src/main.c:449:13:MX_TIM4_Init	64	static
../Core/Src/main.c:514:13:MX_USART1_UART_Init	8	static
../Core/Src/main.c:547:13:MX_USART3_UART_Init	8	static
../Core/Src/main.c:578:13:MX_DMA_Init	16	static
../Core/Src/main.c:599:13:MX_GPIO_Init	40	static
../Core/Src/main.c:654:6:HAL_ADC_ConvCpltCallback	16	static
../Core/Src/main.c:663:6:HAL_I2C_MemTxCpltCallback	16	static
../Core/Src/main.c:677:6:Error_Handler	4	static,ignoring_inline_asm
