../Core/Src/main.c:83:5:main	24	static
../Core/Src/main.c:191:6:SystemClock_Config	88	static
../Core/Src/main.c:238:13:MX_ADC1_Init	24	static
../Core/Src/main.c:303:13:MX_TIM3_Init	64	static
../Core/Src/main.c:366:13:MX_TIM4_Init	64	static
../Core/Src/main.c:425:13:MX_USART1_UART_Init	8	static
../Core/Src/main.c:458:13:MX_USART3_UART_Init	8	static
../Core/Src/main.c:489:13:MX_DMA_Init	16	static
../Core/Src/main.c:507:13:MX_GPIO_Init	40	static
../Core/Src/main.c:562:6:HAL_ADC_ConvCpltCallback	16	static
../Core/Src/main.c:575:6:Error_Handler	4	static,ignoring_inline_asm
