../Core/Src/main.c:106:6:Sensor_SetTrig	1
../Core/Src/main.c:111:6:Sensor_OnResult	1
../Core/Src/main.c:116:6:ESP_CHPD_Ctrl	1
../Core/Src/main.c:117:5:ESP_WriteUART	2
../Core/Src/main.c:119:6:ESP_ImprimirDebug	2
../Core/Src/main.c:124:6:ESP_EstadoCallback	3
../Core/Src/main.c:133:6:ESP_RxPayload	1
../Core/Src/main.c:140:5:I2C_EscribirComando	2
../Core/Src/main.c:141:5:I2C_EscribirDatosDMA	2
../Core/Src/main.c:145:9:Leer_SW0	1
../Core/Src/main.c:161:6:STM32_SetServoPWM	1
../Core/Src/main.c:172:5:main	8
../Core/Src/main.c:389:6:SystemClock_Config	4
../Core/Src/main.c:436:13:MX_ADC1_Init	5
../Core/Src/main.c:501:13:MX_I2C1_Init	2
../Core/Src/main.c:535:13:MX_TIM1_Init	7
../Core/Src/main.c:610:13:MX_TIM2_Init	4
../Core/Src/main.c:655:13:MX_TIM3_Init	7
../Core/Src/main.c:718:13:MX_TIM4_Init	6
../Core/Src/main.c:783:13:MX_USART1_UART_Init	2
../Core/Src/main.c:816:13:MX_USART3_UART_Init	2
../Core/Src/main.c:847:13:MX_DMA_Init	1
../Core/Src/main.c:868:13:MX_GPIO_Init	1
../Core/Src/main.c:936:6:HAL_ADC_ConvCpltCallback	2
../Core/Src/main.c:945:6:HAL_I2C_MemTxCpltCallback	2
../Core/Src/main.c:954:6:HAL_UART_RxCpltCallback	3
../Core/Src/main.c:971:6:HAL_UART_ErrorCallback	2
../Core/Src/main.c:981:6:HAL_GPIO_EXTI_Callback	2
../Core/Src/main.c:996:6:Error_Handler	1
