../Core/Src/OLED.c:120:6:OLED_Init	32	static
../Core/Src/OLED.c:133:6:OLED_Update	4	static
../Core/Src/OLED.c:141:6:OLED_Task	16	static
../Core/Src/OLED.c:164:6:OLED_DMA_Callback	4	static
../Core/Src/OLED.c:175:6:OLED_Clear	8	static
../Core/Src/OLED.c:179:6:OLED_DrawPixel	24	static
../Core/Src/OLED.c:190:6:OLED_DrawHLine	32	static
../Core/Src/OLED.c:195:6:OLED_DrawVLine	32	static
../Core/Src/OLED.c:201:6:OLED_DrawRect	24	static
../Core/Src/OLED.c:208:6:OLED_FillRect	32	static
../Core/Src/OLED.c:214:6:OLED_DrawCircle	40	static
../Core/Src/OLED.c:242:6:OLED_PutChar	32	static
../Core/Src/OLED.c:264:6:OLED_Print	40	static
../Core/Src/OLED.c:277:6:OLED_ShowTelemetry	56	static
